Component: ARM Compiler 5.06 update 6 (build 750) Tool: armlink [4d35ed]

==============================================================================

Section Cross References

    main.o(i.led_thread) refers to rtx_thread.o(.text.osThreadFlagsWait) for osThreadFlagsWait
    main.o(i.led_thread) refers to rtx_msgqueue.o(.text.osMessageQueueGet) for osMessageQueueGet
    main.o(i.led_thread) refers to api.o(i.instructLED) for instructLED
    main.o(i.led_thread) refers to rtx_thread.o(.text.osThreadFlagsClear) for osThreadFlagsClear
    main.o(i.led_thread) refers to variables.o(.data) for ledQ
    main.o(i.loop_worker_thread) refers to infrastructure.o(i.Led_Control_RedOnly) for Led_Control_RedOnly
    main.o(i.loop_worker_thread) refers to infrastructure.o(i.Led_Control_GreenOnly) for Led_Control_GreenOnly
    main.o(i.loop_worker_thread) refers to infrastructure.o(i.Led_Control_BlueOnly) for Led_Control_BlueOnly
    main.o(i.loop_worker_thread) refers to rtx_delay.o(.text.osDelay) for osDelay
    main.o(i.loop_worker_thread) refers to variables.o(.data) for led_Counter
    main.o(i.main) refers to rtx_kernel.o(.text.osKernelInitialize) for osKernelInitialize
    main.o(i.main) refers to init.o(i.Init) for Init
    main.o(i.main) refers to rt_memcpy.o(.emb_text) for __aeabi_memcpy4
    main.o(i.main) refers to rtx_thread.o(.text.osThreadNew) for osThreadNew
    main.o(i.main) refers to rtx_kernel.o(.text.osKernelStart) for osKernelStart
    main.o(i.main) refers to main.o(.constdata) for .constdata
    main.o(i.main) refers to main.o(i.loop_worker_thread) for loop_worker_thread
    main.o(i.main) refers to main.o(i.uart_thread) for uart_thread
    main.o(i.main) refers to variables.o(.data) for uart_Id
    main.o(i.main) refers to main.o(i.misc_thread) for misc_thread
    main.o(i.main) refers to main.o(i.led_thread) for led_thread
    main.o(i.main) refers to main.o(i.motor_thread) for motor_thread
    main.o(i.main) refers to main.o(i.music_thread) for music_thread
    main.o(i.main) refers to main.o(i.runningLED_thread) for runningLED_thread
    main.o(i.misc_thread) refers to rtx_thread.o(.text.osThreadFlagsWait) for osThreadFlagsWait
    main.o(i.misc_thread) refers to rtx_msgqueue.o(.text.osMessageQueueGet) for osMessageQueueGet
    main.o(i.misc_thread) refers to api.o(i.instruct) for instruct
    main.o(i.misc_thread) refers to rtx_thread.o(.text.osThreadFlagsClear) for osThreadFlagsClear
    main.o(i.misc_thread) refers to variables.o(.data) for controlQ
    main.o(i.motor_thread) refers to rtx_thread.o(.text.osThreadFlagsWait) for osThreadFlagsWait
    main.o(i.motor_thread) refers to rtx_msgqueue.o(.text.osMessageQueueGet) for osMessageQueueGet
    main.o(i.motor_thread) refers to api.o(i.getBits) for getBits
    main.o(i.motor_thread) refers to api.o(i.instructMotors) for instructMotors
    main.o(i.motor_thread) refers to rtx_thread.o(.text.osThreadFlagsClear) for osThreadFlagsClear
    main.o(i.motor_thread) refers to variables.o(.data) for motorQ
    main.o(i.music_thread) refers to rtx_thread.o(.text.osThreadFlagsWait) for osThreadFlagsWait
    main.o(i.music_thread) refers to rtx_msgqueue.o(.text.osMessageQueueGet) for osMessageQueueGet
    main.o(i.music_thread) refers to api.o(i.instructMusic) for instructMusic
    main.o(i.music_thread) refers to rtx_thread.o(.text.osThreadFlagsClear) for osThreadFlagsClear
    main.o(i.music_thread) refers to variables.o(.data) for musicQ
    main.o(i.runningLED_thread) refers to infrastructure.o(i.turnOnGreen) for turnOnGreen
    main.o(i.runningLED_thread) refers to rtx_delay.o(.text.osDelay) for osDelay
    main.o(i.runningLED_thread) refers to infrastructure.o(i.turnOffGreen) for turnOffGreen
    main.o(i.runningLED_thread) refers to infrastructure.o(i.turnOnSingleLedPin) for turnOnSingleLedPin
    main.o(i.runningLED_thread) refers to infrastructure.o(i.turnOffRed) for turnOffRed
    main.o(i.runningLED_thread) refers to variables.o(.data) for runningLED_status
    main.o(i.uart_thread) refers to rtx_thread.o(.text.osThreadFlagsWait) for osThreadFlagsWait
    main.o(i.uart_thread) refers to rtx_msgqueue.o(.text.osMessageQueueGet) for osMessageQueueGet
    main.o(i.uart_thread) refers to data.o(i.ParseSegmentedCommand) for ParseSegmentedCommand
    main.o(i.uart_thread) refers to rtx_msgqueue.o(.text.osMessageQueuePut) for osMessageQueuePut
    main.o(i.uart_thread) refers to rtx_thread.o(.text.osThreadFlagsSet) for osThreadFlagsSet
    main.o(i.uart_thread) refers to rtx_thread.o(.text.osThreadFlagsClear) for osThreadFlagsClear
    main.o(i.uart_thread) refers to variables.o(.data) for uartRXQ
    api.o(i.getNoteFrequency) refers to aeabi_sdiv.o(.text) for __aeabi_idivmod
    api.o(i.getNoteFrequency) refers to api.o(i.__ARM_common_switch8) for __ARM_common_switch8
    api.o(i.getNoteFrequency) refers to fdiv.o(.text) for __aeabi_fdiv
    api.o(i.getNoteFrequency) refers to fmul.o(x$fpl$fmul) for __aeabi_fmul
[...]
    __arm_cp.2_0                             0x00000c28   Number         4  rtx_msgqueue.o(.text.osMessageQueuePut)
    [Anonymous Symbol]                       0x00000c2c   Section        0  rtx_mutex.o(.text.osMutexAcquire)
    __arm_cp.3_0                             0x00000c50   Number         4  rtx_mutex.o(.text.osMutexAcquire)
    [Anonymous Symbol]                       0x00000c54   Section        0  rtx_mutex.o(.text.osMutexDelete)
    __arm_cp.6_0                             0x00000c78   Number         4  rtx_mutex.o(.text.osMutexDelete)
    [Anonymous Symbol]                       0x00000c7c   Section        0  rtx_mutex.o(.text.osMutexNew)
    __arm_cp.1_0                             0x00000c9c   Number         4  rtx_mutex.o(.text.osMutexNew)
    [Anonymous Symbol]                       0x00000ca0   Section        0  rtx_mutex.o(.text.osMutexRelease)
    __arm_cp.4_0                             0x00000cc4   Number         4  rtx_mutex.o(.text.osMutexRelease)
    [Anonymous Symbol]                       0x00000cc8   Section        0  rtx_memory.o(.text.osRtxMemoryAlloc)
    [Anonymous Symbol]                       0x00000d44   Section        0  rtx_memory.o(.text.osRtxMemoryFree)
    [Anonymous Symbol]                       0x00000d92   Section        0  rtx_memory.o(.text.osRtxMemoryInit)
    [Anonymous Symbol]                       0x00000dc4   Section        0  rtx_mempool.o(.text.osRtxMemoryPoolAlloc)
    [Anonymous Symbol]                       0x00000df2   Section        0  rtx_mempool.o(.text.osRtxMemoryPoolFree)
    [Anonymous Symbol]                       0x00000e2c   Section        0  rtx_mempool.o(.text.osRtxMemoryPoolInit)
    [Anonymous Symbol]                       0x00000e6a   Section        0  rtx_msgqueue.o(.text.osRtxMessageQueuePostProcess)
    osRtxMessageQueuePostProcess             0x00000e6b   Thumb Code   188  rtx_msgqueue.o(.text.osRtxMessageQueuePostProcess)
    [Anonymous Symbol]                       0x00000f26   Section        0  rtx_mutex.o(.text.osRtxMutexOwnerRelease)
    [Anonymous Symbol]                       0x00000f6c   Section        0  rtx_system.o(.text.osRtxPendSV_Handler)
    __arm_cp.1_0                             0x00000fe8   Number         4  rtx_system.o(.text.osRtxPendSV_Handler)
    [Anonymous Symbol]                       0x00000fec   Section        0  rtx_system.o(.text.osRtxPostProcess)
    __arm_cp.2_0                             0x00001050   Number         4  rtx_system.o(.text.osRtxPostProcess)
    __arm_cp.2_1                             0x00001054   Number         4  rtx_system.o(.text.osRtxPostProcess)
    [Anonymous Symbol]                       0x00001058   Section        0  rtx_thread.o(.text.osRtxThreadBlock)
    osRtxThreadBlock                         0x00001059   Thumb Code    56  rtx_thread.o(.text.osRtxThreadBlock)
    __arm_cp.10_0                            0x0000108c   Number         4  rtx_thread.o(.text.osRtxThreadBlock)
    [Anonymous Symbol]                       0x00001090   Section        0  rtx_thread.o(.text.osRtxThreadDelayInsert)
    osRtxThreadDelayInsert                   0x00001091   Thumb Code   128  rtx_thread.o(.text.osRtxThreadDelayInsert)
    __arm_cp.14_0                            0x0000110c   Number         4  rtx_thread.o(.text.osRtxThreadDelayInsert)
    [Anonymous Symbol]                       0x00001110   Section        0  rtx_thread.o(.text.osRtxThreadDelayRemove)
    osRtxThreadDelayRemove                   0x00001111   Thumb Code    68  rtx_thread.o(.text.osRtxThreadDelayRemove)
    __arm_cp.12_0                            0x00001150   Number         4  rtx_thread.o(.text.osRtxThreadDelayRemove)
    [Anonymous Symbol]                       0x00001154   Section        0  rtx_thread.o(.text.osRtxThreadDelayTick)
    __arm_cp.5_0                             0x00001188   Number         4  rtx_thread.o(.text.osRtxThreadDelayTick)
    [Anonymous Symbol]                       0x0000118c   Section        0  rtx_thread.o(.text.osRtxThreadDispatch)
    __arm_cp.9_0                             0x000011d8   Number         4  rtx_thread.o(.text.osRtxThreadDispatch)
    [Anonymous Symbol]                       0x000011dc   Section        0  rtx_thread.o(.text.osRtxThreadFree)
    osRtxThreadFree                          0x000011dd   Thumb Code    84  rtx_thread.o(.text.osRtxThreadFree)
    __arm_cp.52_0                            0x0000122c   Number         4  rtx_thread.o(.text.osRtxThreadFree)
    [Anonymous Symbol]                       0x00001230   Section        0  rtx_thread.o(.text.osRtxThreadListGet)
    [Anonymous Symbol]                       0x00001244   Section        0  rtx_thread.o(.text.osRtxThreadListPut)
    [Anonymous Symbol]                       0x00001270   Section        0  rtx_thread.o(.text.osRtxThreadListRemove)
    [Anonymous Symbol]                       0x00001288   Section        0  rtx_thread.o(.text.osRtxThreadListSort)
    [Anonymous Symbol]                       0x000012ae   Section        0  rtx_thread.o(.text.osRtxThreadPostProcess)
    osRtxThreadPostProcess                   0x000012af   Thumb Code    38  rtx_thread.o(.text.osRtxThreadPostProcess)
    [Anonymous Symbol]                       0x000012d4   Section        0  rtx_thread.o(.text.osRtxThreadReadyPut)
    __arm_cp.4_0                             0x000012e8   Number         4  rtx_thread.o(.text.osRtxThreadReadyPut)
    [Anonymous Symbol]                       0x000012ec   Section        0  rtx_thread.o(.text.osRtxThreadRegPtr)
    [Anonymous Symbol]                       0x000012f4   Section        0  rtx_thread.o(.text.osRtxThreadStackCheck)
    __arm_cp.8_0                             0x00001318   Number         4  rtx_thread.o(.text.osRtxThreadStackCheck)
    __arm_cp.8_1                             0x0000131c   Number         4  rtx_thread.o(.text.osRtxThreadStackCheck)
    [Anonymous Symbol]                       0x00001320   Section        0  rtx_thread.o(.text.osRtxThreadStartup)
    __arm_cp.15_0                            0x00001350   Number         4  rtx_thread.o(.text.osRtxThreadStartup)
    __arm_cp.15_1                            0x00001354   Number         4  rtx_thread.o(.text.osRtxThreadStartup)
    __arm_cp.15_2                            0x00001358   Number         4  rtx_thread.o(.text.osRtxThreadStartup)
    __arm_cp.15_3                            0x0000135c   Number         4  rtx_thread.o(.text.osRtxThreadStartup)
    [Anonymous Symbol]                       0x00001360   Section        0  rtx_thread.o(.text.osRtxThreadSwitch)
    __arm_cp.7_0                             0x00001370   Number         4  rtx_thread.o(.text.osRtxThreadSwitch)
    [Anonymous Symbol]                       0x00001374   Section        0  rtx_thread.o(.text.osRtxThreadWaitEnter)
    __arm_cp.13_0                            0x000013ac   Number         4  rtx_thread.o(.text.osRtxThreadWaitEnter)
    [Anonymous Symbol]                       0x000013b0   Section        0  rtx_thread.o(.text.osRtxThreadWaitExit)
    [Anonymous Symbol]                       0x000013d4   Section        0  rtx_system.o(.text.osRtxTick_Handler)
    __arm_cp.0_0                             0x00001444   Number         4  rtx_system.o(.text.osRtxTick_Handler)
    [Anonymous Symbol]                       0x00001448   Section        0  rtx_timer.o(.text.osRtxTimerThread)
    __arm_cp.0_0                             0x00001478   Number         4  rtx_timer.o(.text.osRtxTimerThread)
    __arm_cp.0_1                             0x0000147c   Number         4  rtx_timer.o(.text.osRtxTimerThread)
    __arm_cp.0_2                             0x00001480   Number         4  rtx_timer.o(.text.osRtxTimerThread)
    [Anonymous Symbol]                       0x00001484   Section        0  rtx_timer.o(.text.osRtxTimerTick)
    osRtxTimerTick                           0x00001485   Thumb Code    96  rtx_timer.o(.text.osRtxTimerTick)
    __arm_cp.1_0                             0x000014e0   Number         4  rtx_timer.o(.text.osRtxTimerTick)
    [Anonymous Symbol]                       0x000014e4   Section        0  rtx_thread.o(.text.osThreadExit)
    __arm_cp.31_0                            0x000014ec   Number         4  rtx_thread.o(.text.osThreadExit)
    [Anonymous Symbol]                       0x000014f0   Section        0  rtx_thread.o(.text.osThreadFlagsClear)
    __arm_cp.36_0                            0x00001514   Number         4  rtx_thread.o(.text.osThreadFlagsClear)
    [Anonymous Symbol]                       0x00001518   Section        0  rtx_thread.o(.text.osThreadFlagsSet)
    __arm_cp.35_0                            0x0000156c   Number         4  rtx_thread.o(.text.osThreadFlagsSet)
    [Anonymous Symbol]                       0x00001570   Section        0  rtx_thread.o(.text.osThreadFlagsWait)
    __arm_cp.38_0                            0x00001594   Number         4  rtx_thread.o(.text.osThreadFlagsWait)
    [Anonymous Symbol]                       0x00001598   Section        0  rtx_thread.o(.text.osThreadNew)
    __arm_cp.17_0                            0x000015b8   Number         4  rtx_thread.o(.text.osThreadNew)
    [Anonymous Symbol]                       0x000015bc   Section        0  rtx_delay.o(.text.svcRtxDelay)
    svcRtxDelay                              0x000015bd   Thumb Code    18  rtx_delay.o(.text.svcRtxDelay)
    [Anonymous Symbol]                       0x000015d0   Section        0  rtx_kernel.o(.text.svcRtxKernelGetState)
    svcRtxKernelGetState                     0x000015d1   Thumb Code    12  rtx_kernel.o(.text.svcRtxKernelGetState)
    __arm_cp.5_0                             0x000015d8   Number         4  rtx_kernel.o(.text.svcRtxKernelGetState)
    [Anonymous Symbol]                       0x000015dc   Section        0  rtx_kernel.o(.text.svcRtxKernelInitialize)
    svcRtxKernelInitialize                   0x000015dd   Thumb Code   328  rtx_kernel.o(.text.svcRtxKernelInitialize)
    __arm_cp.20_0                            0x00001718   Number         4  rtx_kernel.o(.text.svcRtxKernelInitialize)
    __arm_cp.20_1                            0x0000171c   Number         4  rtx_kernel.o(.text.svcRtxKernelInitialize)
    __arm_cp.20_2                            0x00001720   Number         4  rtx_kernel.o(.text.svcRtxKernelInitialize)
    [Anonymous Symbol]                       0x00001724   Section        0  rtx_kernel.o(.text.svcRtxKernelStart)
    svcRtxKernelStart                        0x00001725   Thumb Code   132  rtx_kernel.o(.text.svcRtxKernelStart)
    __arm_cp.21_0                            0x00001798   Number         4  rtx_kernel.o(.text.svcRtxKernelStart)
    __arm_cp.21_1                            0x0000179c   Number         4  rtx_kernel.o(.text.svcRtxKernelStart)
    __arm_cp.21_2                            0x000017a0   Number         4  rtx_kernel.o(.text.svcRtxKernelStart)
    __arm_cp.21_3                            0x000017a4   Number         4  rtx_kernel.o(.text.svcRtxKernelStart)
    [Anonymous Symbol]                       0x000017a8   Section        0  rtx_msgqueue.o(.text.svcRtxMessageQueueGet)
    svcRtxMessageQueueGet                    0x000017a9   Thumb Code   232  rtx_msgqueue.o(.text.svcRtxMessageQueueGet)
    __arm_cp.21_0                            0x0000188c   Number         4  rtx_msgqueue.o(.text.svcRtxMessageQueueGet)
    [Anonymous Symbol]                       0x00001890   Section        0  rtx_msgqueue.o(.text.svcRtxMessageQueueNew)
    svcRtxMessageQueueNew                    0x00001891   Thumb Code   484  rtx_msgqueue.o(.text.svcRtxMessageQueueNew)
    __arm_cp.14_0                            0x00001a5c   Number         4  rtx_msgqueue.o(.text.svcRtxMessageQueueNew)
    __arm_cp.14_1                            0x00001a60   Number         4  rtx_msgqueue.o(.text.svcRtxMessageQueueNew)
    __arm_cp.14_2                            0x00001a64   Number         4  rtx_msgqueue.o(.text.svcRtxMessageQueueNew)
    __arm_cp.14_3                            0x00001a68   Number         4  rtx_msgqueue.o(.text.svcRtxMessageQueueNew)
    __arm_cp.14_4                            0x00001a6c   Number         4  rtx_msgqueue.o(.text.svcRtxMessageQueueNew)
    __arm_cp.14_5                            0x00001a70   Number         4  rtx_msgqueue.o(.text.svcRtxMessageQueueNew)
    [Anonymous Symbol]                       0x00001a74   Section        0  rtx_msgqueue.o(.text.svcRtxMessageQueuePut)
    svcRtxMessageQueuePut                    0x00001a75   Thumb Code   188  rtx_msgqueue.o(.text.svcRtxMessageQueuePut)
    __arm_cp.19_0                            0x00001b2c   Number         4  rtx_msgqueue.o(.text.svcRtxMessageQueuePut)
    [Anonymous Symbol]                       0x00001b30   Section        0  rtx_mutex.o(.text.svcRtxMutexAcquire)
    svcRtxMutexAcquire                       0x00001b31   Thumb Code   152  rtx_mutex.o(.text.svcRtxMutexAcquire)
    __arm_cp.9_0                             0x00001bc4   Number         4  rtx_mutex.o(.text.svcRtxMutexAcquire)
    [Anonymous Symbol]                       0x00001bc8   Section        0  rtx_mutex.o(.text.svcRtxMutexDelete)
    svcRtxMutexDelete                        0x00001bc9   Thumb Code   188  rtx_mutex.o(.text.svcRtxMutexDelete)
    __arm_cp.12_0                            0x00001c80   Number         4  rtx_mutex.o(.text.svcRtxMutexDelete)
    [Anonymous Symbol]                       0x00001c84   Section        0  rtx_mutex.o(.text.svcRtxMutexNew)
    svcRtxMutexNew                           0x00001c85   Thumb Code   112  rtx_mutex.o(.text.svcRtxMutexNew)
    __arm_cp.7_0                             0x00001cf0   Number         4  rtx_mutex.o(.text.svcRtxMutexNew)
    [Anonymous Symbol]                       0x00001cf4   Section        0  rtx_mutex.o(.text.svcRtxMutexRelease)
    svcRtxMutexRelease                       0x00001cf5   Thumb Code   192  rtx_mutex.o(.text.svcRtxMutexRelease)
    __arm_cp.10_0                            0x00001db0   Number         4  rtx_mutex.o(.text.svcRtxMutexRelease)
    [Anonymous Symbol]                       0x00001db4   Section        0  rtx_thread.o(.text.svcRtxThreadExit)
    svcRtxThreadExit                         0x00001db5   Thumb Code   108  rtx_thread.o(.text.svcRtxThreadExit)
    __arm_cp.54_0                            0x00001e1c   Number         4  rtx_thread.o(.text.svcRtxThreadExit)
    [Anonymous Symbol]                       0x00001e20   Section        0  rtx_thread.o(.text.svcRtxThreadFlagsClear)
    svcRtxThreadFlagsClear                   0x00001e21   Thumb Code    56  rtx_thread.o(.text.svcRtxThreadFlagsClear)
    __arm_cp.59_0                            0x00001e54   Number         4  rtx_thread.o(.text.svcRtxThreadFlagsClear)
    [Anonymous Symbol]                       0x00001e58   Section        0  rtx_thread.o(.text.svcRtxThreadFlagsSet)
    svcRtxThreadFlagsSet                     0x00001e59   Thumb Code   108  rtx_thread.o(.text.svcRtxThreadFlagsSet)
    [Anonymous Symbol]                       0x00001ec4   Section        0  rtx_thread.o(.text.svcRtxThreadFlagsWait)
    svcRtxThreadFlagsWait                    0x00001ec5   Thumb Code    80  rtx_thread.o(.text.svcRtxThreadFlagsWait)
    __arm_cp.61_0                            0x00001f10   Number         4  rtx_thread.o(.text.svcRtxThreadFlagsWait)
    [Anonymous Symbol]                       0x00001f14   Section        0  rtx_thread.o(.text.svcRtxThreadNew)
    svcRtxThreadNew                          0x00001f15   Thumb Code   492  rtx_thread.o(.text.svcRtxThreadNew)
    __arm_cp.16_0                            0x000020e8   Number         4  rtx_thread.o(.text.svcRtxThreadNew)
    __arm_cp.16_1                            0x000020ec   Number         4  rtx_thread.o(.text.svcRtxThreadNew)
    __arm_cp.16_2                            0x000020f0   Number         4  rtx_thread.o(.text.svcRtxThreadNew)
    __arm_cp.16_3                            0x000020f4   Number         4  rtx_thread.o(.text.svcRtxThreadNew)
    __arm_cp.16_4                            0x000020f8   Number         4  rtx_thread.o(.text.svcRtxThreadNew)
    __arm_cp.16_5                            0x000020fc   Number         4  rtx_thread.o(.text.svcRtxThreadNew)
    i.DriveMotor                             0x00002100   Section        0  infrastructure.o(i.DriveMotor)
    i.Init                                   0x000021a0   Section        0  init.o(i.Init)
    i.InitBusTimer                           0x000021cc   Section        0  init.o(i.InitBusTimer)
    i.InitClock                              0x00002210   Section        0  init.o(i.InitClock)
    i.InitDAC                                0x00002224   Section        0  init.o(i.InitDAC)
    i.InitGPIO                               0x00002248   Section        0  init.o(i.InitGPIO)
    i.InitInterrupt                          0x000023ac   Section        0  init.o(i.InitInterrupt)
    i.InitLED                                0x000023d8   Section        0  init.o(i.InitLED)
    i.InitPWM                                0x00002564   Section        0  init.o(i.InitPWM)
    i.InitRTOSVariables                      0x000026fc   Section        0  init.o(i.InitRTOSVariables)
    i.InitUART2                              0x0000276c   Section        0  init.o(i.InitUART2)
    i.Led_Control                            0x000027e8   Section        0  infrastructure.o(i.Led_Control)
    i.Led_Control_BlueOnly                   0x00002860   Section        0  infrastructure.o(i.Led_Control_BlueOnly)
    i.Led_Control_GreenOnly                  0x00002878   Section        0  infrastructure.o(i.Led_Control_GreenOnly)
    i.Led_Control_RedOnly                    0x00002894   Section        0  infrastructure.o(i.Led_Control_RedOnly)
    i.PIT_IRQHandler                         0x000028b0   Section        0  interrupts.o(i.PIT_IRQHandler)
    i.ParseSegmentedCommand                  0x000028dc   Section        0  data.o(i.ParseSegmentedCommand)
    i.SetDACValue                            0x0000292c   Section        0  infrastructure.o(i.SetDACValue)
    i.StupidDelay                            0x0000294c   Section        0  infrastructure.o(i.StupidDelay)
    i.SystemCoreClockUpdate                  0x00002960   Section        0  system_mkl25z4.o(i.SystemCoreClockUpdate)
    i.SystemInit                             0x00002af0   Section        0  system_mkl25z4.o(i.SystemInit)
    i.ToneStart                              0x00002c28   Section        0  infrastructure.o(i.ToneStart)
    i.ToneStop                               0x00002cac   Section        0  infrastructure.o(i.ToneStop)
    i.UART2_IRQHandler                       0x00002cbc   Section        0  interrupts.o(i.UART2_IRQHandler)
    i.UART2_ReenableTX                       0x00002d50   Section        0  infrastructure.o(i.UART2_ReenableTX)
    i.__ARM_common_switch8                   0x00002d64   Section        0  api.o(i.__ARM_common_switch8)
    i.__NVIC_ClearPendingIRQ                 0x00002d80   Section        0  init.o(i.__NVIC_ClearPendingIRQ)
    __NVIC_ClearPendingIRQ                   0x00002d81   Thumb Code    18  init.o(i.__NVIC_ClearPendingIRQ)
    i.__NVIC_ClearPendingIRQ                 0x00002d98   Section        0  interrupts.o(i.__NVIC_ClearPendingIRQ)
    __NVIC_ClearPendingIRQ                   0x00002d99   Thumb Code    18  interrupts.o(i.__NVIC_ClearPendingIRQ)
    i.__NVIC_EnableIRQ                       0x00002db0   Section        0  init.o(i.__NVIC_EnableIRQ)
    __NVIC_EnableIRQ                         0x00002db1   Thumb Code    26  init.o(i.__NVIC_EnableIRQ)
    i.__NVIC_SetPriority                     0x00002dd0   Section        0  init.o(i.__NVIC_SetPriority)
    __NVIC_SetPriority                       0x00002dd1   Thumb Code   110  init.o(i.__NVIC_SetPriority)
    i._mutex_acquire                         0x00002e48   Section        0  rtx_lib.o(i._mutex_acquire)
    __tagsym$$used                           0x00002e49   Number         0  rtx_lib.o(i._mutex_acquire)
    i._mutex_free                            0x00002e60   Section        0  rtx_lib.o(i._mutex_free)
    __tagsym$$used                           0x00002e61   Number         0  rtx_lib.o(i._mutex_free)
    i._mutex_initialize                      0x00002e6c   Section        0  rtx_lib.o(i._mutex_initialize)
    __tagsym$$used                           0x00002e6d   Number         0  rtx_lib.o(i._mutex_initialize)
    i._mutex_release                         0x00002e90   Section        0  rtx_lib.o(i._mutex_release)
    __tagsym$$used                           0x00002e91   Number         0  rtx_lib.o(i._mutex_release)
    i._platform_post_stackheap_init          0x00002ea4   Section        0  rtx_lib.o(i._platform_post_stackheap_init)
    i.composeNote                            0x00002eac   Section        0  data.o(i.composeNote)
    i.getBits                                0x00002f2e   Section        0  api.o(i.getBits)
    i.getNoteFrequency                       0x00002f4c   Section        0  api.o(i.getNoteFrequency)
    i.instruct                               0x00003020   Section        0  api.o(i.instruct)
    i.instructLED                            0x000031d8   Section        0  api.o(i.instructLED)
    i.instructMotors                         0x00003208   Section        0  api.o(i.instructMotors)
    i.instructMusic                          0x00003270   Section        0  api.o(i.instructMusic)
    i.led_thread                             0x000032a8   Section        0  main.o(i.led_thread)
    i.loop_worker_thread                     0x000032dc   Section        0  main.o(i.loop_worker_thread)
    i.main                                   0x00003358   Section        0  main.o(i.main)
    i.misc_thread                            0x00003418   Section        0  main.o(i.misc_thread)
    i.motor_thread                           0x0000344c   Section        0  main.o(i.motor_thread)
    i.music_thread                           0x00003514   Section        0  main.o(i.music_thread)
    i.osRtxErrorNotify                       0x00003548   Section        0  rtx_config.o(i.osRtxErrorNotify)
    i.osRtxIdleThread                        0x00003568   Section        0  rtx_config.o(i.osRtxIdleThread)
    i.os_kernel_is_active                    0x0000356c   Section        0  rtx_lib.o(i.os_kernel_is_active)
    os_kernel_is_active                      0x0000356d   Thumb Code    30  rtx_lib.o(i.os_kernel_is_active)
    i.playMusic                              0x00003590   Section        0  api.o(i.playMusic)
    i.playNote                               0x00003648   Section        0  api.o(i.playNote)
    i.playTone                               0x00003678   Section        0  api.o(i.playTone)
    i.runningLED_thread                      0x000036f4   Section        0  main.o(i.runningLED_thread)
    i.turnOffGreen                           0x000037d0   Section        0  infrastructure.o(i.turnOffGreen)
    i.turnOffRed                             0x00003834   Section        0  infrastructure.o(i.turnOffRed)
    i.turnOnGreen                            0x00003848   Section        0  infrastructure.o(i.turnOnGreen)
    i.turnOnSingleLedPin                     0x000038ac   Section        0  infrastructure.o(i.turnOnSingleLedPin)
    i.uart_thread                            0x000038c0   Section        0  main.o(i.uart_thread)
    x$fpl$fadd                               0x000039e4   Section      140  faddsub.o(x$fpl$fadd)
    _fadd1                                   0x000039f1   Thumb Code     0  faddsub.o(x$fpl$fadd)
    x$fpl$fleqf                              0x00003a70   Section       84  flef.o(x$fpl$fleqf)
    x$fpl$fmul                               0x00003ac4   Section      176  fmul.o(x$fpl$fmul)
    x$fpl$frsb                               0x00003b74   Section       24  faddsub.o(x$fpl$frsb)
    x$fpl$fsub                               0x00003b8c   Section      208  faddsub.o(x$fpl$fsub)
    _fsub1                                   0x00003b99   Thumb Code     0  faddsub.o(x$fpl$fsub)
    .constdata                               0x00003c5c   Section       72  main.o(.constdata)
    x$fpl$usenofp                            0x00003c5c   Section        0  usenofp.o(x$fpl$usenofp)
    .constdata                               0x00003ca4   Section       12  variables.o(.constdata)
    .constdata                               0x00003cb0   Section      100  rtx_lib.o(.constdata)
    os_idle_thread_attr                      0x00003cb0   Data          36  rtx_lib.o(.constdata)
    os_timer_thread_attr                     0x00003cd4   Data          36  rtx_lib.o(.constdata)
    os_timer_mq_attr                         0x00003cf8   Data          24  rtx_lib.o(.constdata)
    .constdata                               0x00003d14   Section        1  irq_cm0.o(.constdata)
    .constdata                               0x00003d15   Section       64  fdiv.o(.constdata)
    fdiv_tab                                 0x00003d15   Data          64  fdiv.o(.constdata)
    .conststring                             0x00003d58   Section      426  variables.o(.conststring)
    .rodata                                  0x00003f04   Section      160  rtx_lib.o(.rodata)
    __tagsym$$used                           0x00003f04   Number         0  rtx_lib.o(.rodata)
    __tagsym$$used                           0x00003f6c   Number         0  rtx_lib.o(.rodata)
    [Anonymous Symbol]                       0x00003fa4   Section        0  rtx_kernel.o(.rodata.str1.4)
    .L.str                                   0x00003fa4   Data          11  rtx_kernel.o(.rodata.str1.4)
    .bss.os                                  0x1ffff000   Section     4160  rtx_lib.o(.bss.os)
    os_mem                                   0x1ffff000   Data        4096  rtx_lib.o(.bss.os)
    os_isr_queue                             0x20000000   Data          64  rtx_lib.o(.bss.os)
    .bss.os.msgqueue.cb                      0x20000040   Section       52  rtx_lib.o(.bss.os.msgqueue.cb)
    os_timer_mq_cb                           0x20000040   Data          52  rtx_lib.o(.bss.os.msgqueue.cb)
    .bss.os.msgqueue.mem                     0x20000074   Section       80  rtx_lib.o(.bss.os.msgqueue.mem)
    os_timer_mq_data                         0x20000074   Data          80  rtx_lib.o(.bss.os.msgqueue.mem)
    .bss.os.thread.cb                        0x200000c4   Section      136  rtx_lib.o(.bss.os.thread.cb)
    os_idle_thread_cb                        0x200000c4   Data          68  rtx_lib.o(.bss.os.thread.cb)
    os_timer_thread_cb                       0x20000108   Data          68  rtx_lib.o(.bss.os.thread.cb)
    .bss.os.thread.stack                     0x20000150   Section      512  rtx_lib.o(.bss.os.thread.stack)
    os_idle_thread_stack                     0x20000150   Data         256  rtx_lib.o(.bss.os.thread.stack)
    os_timer_thread_stack                    0x20000250   Data         256  rtx_lib.o(.bss.os.thread.stack)
    .data                                    0x20000350   Section       72  variables.o(.data)
    .data                                    0x20000398   Section        5  rtx_lib.o(.data)
    os_kernel_active                         0x2000039c   Data           1  rtx_lib.o(.data)
    .data                                    0x200003a0   Section        4  system_mkl25z4.o(.data)
    .bss                                     0x20000448   Section       96  libspace.o(.bss)
    [Anonymous Symbol]                       0x200004a8   Section        0  os_systick.o(.bss.PendST)
    PendST                                   0x200004a8   Data           1  os_systick.o(.bss.PendST)
    HEAP                                     0x200004b0   Section     4132  startup_mkl25z4.o(HEAP)
    Heap_Mem                                 0x200004b0   Data        4132  startup_mkl25z4.o(HEAP)
    STACK                                    0x200014d8   Section     4132  startup_mkl25z4.o(STACK)
    Stack_Mem                                0x200014d8   Data        4132  startup_mkl25z4.o(STACK)
    __initial_sp                             0x200024fc   Data           0  startup_mkl25z4.o(STACK)

    Global Symbols

    Symbol Name                              Value     Ov Type        Size  Object(Section)

    BuildAttributes$$THM_ISAv3M$S$PE$A:L22$X:L11$S22$IEEE1$IW$~IW$USESV6$~STKCKD$USESV7$~SHL$OSPACE$ROPI$EBA8$UX$STANDARDLIB$REQ8$PRES8$EABIv2 0x00000000   Number         0  anon$$obj.o ABSOLUTE
    __ARM_use_no_argv                        0x00000000   Number         0  main.o ABSOLUTE
    __Vectors                                0x00000000   Data           4  startup_mkl25z4.o(RESET)
    .bss.os.evflags.cb$$Base                  - Undefined Weak Reference
    .bss.os.evflags.cb$$Limit                 - Undefined Weak Reference
    .bss.os.mempool.cb$$Base                  - Undefined Weak Reference
    .bss.os.mempool.cb$$Limit                 - Undefined Weak Reference
    .bss.os.mutex.cb$$Base                    - Undefined Weak Reference
    .bss.os.mutex.cb$$Limit                   - Undefined Weak Reference
    .bss.os.semaphore.cb$$Base                - Undefined Weak Reference
    .bss.os.semaphore.cb$$Limit               - Undefined Weak Reference
    .bss.os.timer.cb$$Base                    - Undefined Weak Reference
    .bss.os.timer.cb$$Limit                   - Undefined Weak Reference
    __ARM_exceptions_init                     - Undefined Weak Reference
    __alloca_initialize                       - Undefined Weak Reference
    __arm_preinit_                            - Undefined Weak Reference
    __cpp_initialize__aeabi_                  - Undefined Weak Reference
    __cxa_finalize                            - Undefined Weak Reference
    __rt_locale                               - Undefined Weak Reference
    __sigvec_lookup                           - Undefined Weak Reference
    _atexit_init                              - Undefined Weak Reference
    _call_atexit_fns                          - Undefined Weak Reference
    _clock_init                               - Undefined Weak Reference
    _fp_trap_init                             - Undefined Weak Reference
    _fp_trap_shutdown                         - Undefined Weak Reference
    _get_lc_collate                           - Undefined Weak Reference
    _get_lc_ctype                             - Undefined Weak Reference
    _get_lc_monetary                          - Undefined Weak Reference
    _get_lc_numeric                           - Undefined Weak Reference
    _get_lc_time                              - Undefined Weak Reference
    _getenv_init                              - Undefined Weak Reference
    _handle_redirection                       - Undefined Weak Reference
    _init_alloc                               - Undefined Weak Reference
    _init_user_alloc                          - Undefined Weak Reference
    _initio                                   - Undefined Weak Reference
    _rand_init                                - Undefined Weak Reference
    _signal_finish                            - Undefined Weak Reference
    _signal_init                              - Undefined Weak Reference
    _terminate_alloc                          - Undefined Weak Reference
    _terminate_user_alloc                     - Undefined Weak Reference
    _terminateio                              - Undefined Weak Reference
    __Vectors_End                            0x000000c0   Data           0  startup_mkl25z4.o(RESET)
    __Vectors_Size                           0x000000c0   Number         0  startup_mkl25z4.o ABSOLUTE
    __main                                   0x000000c1   Thumb Code     8  __main.o(!!!main)
    __scatterload                            0x000000c9   Thumb Code     0  __scatter.o(!!!scatter)
    __scatterload_rt2                        0x000000c9   Thumb Code    52  __scatter.o(!!!scatter)
    __scatterload_rt2_thumb_only             0x000000c9   Thumb Code     0  __scatter.o(!!!scatter)
    __scatterload_null                       0x000000d9   Thumb Code     0  __scatter.o(!!!scatter)
    __scatterload_zeroinit                   0x00000105   Thumb Code    28  __scatter_zi.o(!!handler_zi)
    __rt_lib_init                            0x00000121   Thumb Code     0  libinit.o(.ARM.Collect$$libinit$$00000000)
    __rt_lib_init_alloca_1                   0x00000123   Thumb Code     0  libinit2.o(.ARM.Collect$$libinit$$0000002E)
    __rt_lib_init_argv_1                     0x00000123   Thumb Code     0  libinit2.o(.ARM.Collect$$libinit$$0000002C)
    __rt_lib_init_atexit_1                   0x00000123   Thumb Code     0  libinit2.o(.ARM.Collect$$libinit$$0000001B)
    __rt_lib_init_clock_1                    0x00000123   Thumb Code     0  libinit2.o(.ARM.Collect$$libinit$$00000021)
    __rt_lib_init_cpp_1                      0x00000123   Thumb Code     0  libinit2.o(.ARM.Collect$$libinit$$00000032)
    __rt_lib_init_exceptions_1               0x00000123   Thumb Code     0  libinit2.o(.ARM.Collect$$libinit$$00000030)
    __rt_lib_init_fp_1                       0x00000123   Thumb Code     0  libinit2.o(.ARM.Collect$$libinit$$00000002)
    __rt_lib_init_fp_trap_1                  0x00000123   Thumb Code     0  libinit2.o(.ARM.Collect$$libinit$$0000001F)
    __rt_lib_init_getenv_1                   0x00000123   Thumb Code     0  libinit2.o(.ARM.Collect$$libinit$$00000023)
    __rt_lib_init_heap_1                     0x00000123   Thumb Code     0  libinit2.o(.ARM.Collect$$libinit$$0000000A)
    __rt_lib_init_lc_collate_1               0x00000123   Thumb Code     0  libinit2.o(.ARM.Collect$$libinit$$00000011)
    __rt_lib_init_lc_ctype_1                 0x00000123   Thumb Code     0  libinit2.o(.ARM.Collect$$libinit$$00000013)
    __rt_lib_init_lc_monetary_1              0x00000123   Thumb Code     0  libinit2.o(.ARM.Collect$$libinit$$00000015)
    __rt_lib_init_lc_numeric_1               0x00000123   Thumb Code     0  libinit2.o(.ARM.Collect$$libinit$$00000017)
    __rt_lib_init_lc_time_1                  0x00000123   Thumb Code     0  libinit2.o(.ARM.Collect$$libinit$$00000019)
    __rt_lib_init_preinit_1                  0x00000123   Thumb Code     0  libinit2.o(.ARM.Collect$$libinit$$00000004)
    __rt_lib_init_rand_1                     0x00000123   Thumb Code     0  libinit2.o(.ARM.Collect$$libinit$$0000000E)
    __rt_lib_init_return                     0x00000123   Thumb Code     0  libinit2.o(.ARM.Collect$$libinit$$00000033)
    __rt_lib_init_signal_1                   0x00000123   Thumb Code     0  libinit2.o(.ARM.Collect$$libinit$$0000001D)
    __rt_lib_init_stdio_1                    0x00000123   Thumb Code     0  libinit2.o(.ARM.Collect$$libinit$$00000025)
    __rt_lib_init_user_alloc_1               0x00000123   Thumb Code     0  libinit2.o(.ARM.Collect$$libinit$$0000000C)
    __rt_lib_shutdown                        0x00000125   Thumb Code     0  libshutdown.o(.ARM.Collect$$libshutdown$$00000000)
    __rt_lib_shutdown_cpp_1                  0x00000127   Thumb Code     0  libshutdown2.o(.ARM.Collect$$libshutdown$$00000002)
    __rt_lib_shutdown_fp_trap_1              0x00000127   Thumb Code     0  libshutdown2.o(.ARM.Collect$$libshutdown$$00000007)
    __rt_lib_shutdown_heap_1                 0x00000127   Thumb Code     0  libshutdown2.o(.ARM.Collect$$libshutdown$$0000000F)
    __rt_lib_shutdown_return                 0x00000127   Thumb Code     0  libshutdown2.o(.ARM.Collect$$libshutdown$$00000010)
    __rt_lib_shutdown_signal_1               0x00000127   Thumb Code     0  libshutdown2.o(.ARM.Collect$$libshutdown$$0000000A)
    __rt_lib_shutdown_stdio_1                0x00000127   Thumb Code     0  libshutdown2.o(.ARM.Collect$$libshutdown$$00000004)
    __rt_lib_shutdown_user_alloc_1           0x00000127   Thumb Code     0  libshutdown2.o(.ARM.Collect$$libshutdown$$0000000C)
    __rt_entry                               0x00000129   Thumb Code     0  __rtentry.o(.ARM.Collect$$rtentry$$00000000)
    __rt_entry_presh_1                       0x00000129   Thumb Code     0  __rtentry2.o(.ARM.Collect$$rtentry$$00000002)
    __rt_entry_sh                            0x00000129   Thumb Code     0  __rtentry4.o(.ARM.Collect$$rtentry$$00000004)
    __rt_entry_postsh_1                      0x0000012f   Thumb Code     0  __rtentry2.o(.ARM.Collect$$rtentry$$00000008)
    __rt_entry_li                            0x00000137   Thumb Code     0  __rtentry2.o(.ARM.Collect$$rtentry$$0000000A)
    __rt_entry_main                          0x0000013b   Thumb Code     0  __rtentry2.o(.ARM.Collect$$rtentry$$0000000D)
    __rt_entry_postli_1                      0x0000013b   Thumb Code     0  __rtentry2.o(.ARM.Collect$$rtentry$$0000000C)
    __rt_exit                                0x00000143   Thumb Code     0  rtexit.o(.ARM.Collect$$rtexit$$00000000)
    __rt_exit_ls                             0x00000145   Thumb Code     0  rtexit2.o(.ARM.Collect$$rtexit$$00000003)
    __rt_exit_prels_1                        0x00000145   Thumb Code     0  rtexit2.o(.ARM.Collect$$rtexit$$00000002)
    __rt_exit_exit                           0x00000149   Thumb Code     0  rtexit2.o(.ARM.Collect$$rtexit$$00000004)
    __aeabi_memcpy4                          0x00000151   Thumb Code    56  rt_memcpy.o(.emb_text)
    __aeabi_memcpy8                          0x00000151   Thumb Code     0  rt_memcpy.o(.emb_text)
    Reset_Handler                            0x00000189   Thumb Code    12  startup_mkl25z4.o(.text)
    NMI_Handler                              0x00000195   Thumb Code     2  startup_mkl25z4.o(.text)
    HardFault_Handler                        0x00000197   Thumb Code     2  startup_mkl25z4.o(.text)
    ADC0_IRQHandler                          0x0000019f   Thumb Code     0  startup_mkl25z4.o(.text)
    CMP0_IRQHandler                          0x0000019f   Thumb Code     0  startup_mkl25z4.o(.text)
    DAC0_IRQHandler                          0x0000019f   Thumb Code     0  startup_mkl25z4.o(.text)
    DMA0_IRQHandler                          0x0000019f   Thumb Code     0  startup_mkl25z4.o(.text)
    DMA1_IRQHandler                          0x0000019f   Thumb Code     0  startup_mkl25z4.o(.text)
    DMA2_IRQHandler                          0x0000019f   Thumb Code     0  startup_mkl25z4.o(.text)
    DMA3_IRQHandler                          0x0000019f   Thumb Code     0  startup_mkl25z4.o(.text)
    DefaultISR                               0x0000019f   Thumb Code     0  startup_mkl25z4.o(.text)
    FTFA_IRQHandler                          0x0000019f   Thumb Code     0  startup_mkl25z4.o(.text)
    I2C0_IRQHandler                          0x0000019f   Thumb Code     0  startup_mkl25z4.o(.text)
    I2C1_IRQHandler                          0x0000019f   Thumb Code     0  startup_mkl25z4.o(.text)
    LLWU_IRQHandler                          0x0000019f   Thumb Code     0  startup_mkl25z4.o(.text)
    LPTMR0_IRQHandler                        0x0000019f   Thumb Code     0  startup_mkl25z4.o(.text)
    LVD_LVW_IRQHandler                       0x0000019f   Thumb Code     0  startup_mkl25z4.o(.text)
    MCG_IRQHandler                           0x0000019f   Thumb Code     0  startup_mkl25z4.o(.text)
    PORTA_IRQHandler                         0x0000019f   Thumb Code     0  startup_mkl25z4.o(.text)
    PORTD_IRQHandler                         0x0000019f   Thumb Code     0  startup_mkl25z4.o(.text)
    RTC_IRQHandler                           0x0000019f   Thumb Code     0  startup_mkl25z4.o(.text)
    RTC_Seconds_IRQHandler                   0x0000019f   Thumb Code     0  startup_mkl25z4.o(.text)
    Reserved20_IRQHandler                    0x0000019f   Thumb Code     0  startup_mkl25z4.o(.text)
    Reserved39_IRQHandler                    0x0000019f   Thumb Code     0  startup_mkl25z4.o(.text)
    Reserved45_IRQHandler                    0x0000019f   Thumb Code     0  startup_mkl25z4.o(.text)
    SPI0_IRQHandler                          0x0000019f   Thumb Code     0  startup_mkl25z4.o(.text)
    SPI1_IRQHandler                          0x0000019f   Thumb Code     0  startup_mkl25z4.o(.text)
    TPM0_IRQHandler                          0x0000019f   Thumb Code     0  startup_mkl25z4.o(.text)
    TPM1_IRQHandler                          0x0000019f   Thumb Code     0  startup_mkl25z4.o(.text)
    TPM2_IRQHandler                          0x0000019f   Thumb Code     0  startup_mkl25z4.o(.text)
    TSI0_IRQHandler                          0x0000019f   Thumb Code     0  startup_mkl25z4.o(.text)
    UART0_IRQHandler                         0x0000019f   Thumb Code     0  startup_mkl25z4.o(.text)
    UART1_IRQHandler                         0x0000019f   Thumb Code     0  startup_mkl25z4.o(.text)
    USB0_IRQHandler                          0x0000019f   Thumb Code     0  startup_mkl25z4.o(.text)
    __user_initial_stackheap                 0x000001a5   Thumb Code     0  startup_mkl25z4.o(.text)
    SVC_Handler                              0x000001cd   Thumb Code   132  irq_cm0.o(.text)
    PendSV_Handler                           0x00000251   Thumb Code    12  irq_cm0.o(.text)
    SysTick_Handler                          0x0000025d   Thumb Code    12  irq_cm0.o(.text)
    __aeabi_memcpy                           0x00000271   Thumb Code   130  rt_memcpy.o(.text)
    __rt_memcpy                              0x00000271   Thumb Code     0  rt_memcpy.o(.text)
    _memset_w                                0x000002f3   Thumb Code    26  rt_memclr.o(.text)
    _memset                                  0x0000030d   Thumb Code    30  rt_memclr.o(.text)
    __aeabi_memclr                           0x0000032b   Thumb Code     4  rt_memclr.o(.text)
    __rt_memclr                              0x0000032b   Thumb Code     0  rt_memclr.o(.text)
    __aeabi_memclr4                          0x0000032f   Thumb Code     0  rt_memclr.o(.text)
    __aeabi_memclr8                          0x0000032f   Thumb Code     0  rt_memclr.o(.text)
    __rt_memclr_w                            0x0000032f   Thumb Code     4  rt_memclr.o(.text)
    __use_two_region_memory                  0x00000333   Thumb Code     2  heapauxi.o(.text)
    __rt_heap_escrow$2region                 0x00000335   Thumb Code     2  heapauxi.o(.text)
    __rt_heap_expand$2region                 0x00000337   Thumb Code     2  heapauxi.o(.text)
    __aeabi_f2iz                             0x00000339   Thumb Code     0  ffixi.o(.text)
    _ffix                                    0x00000339   Thumb Code    76  ffixi.o(.text)
    __aeabi_f2uiz                            0x00000385   Thumb Code     0  ffixui.o(.text)
    _ffixu                                   0x00000385   Thumb Code    48  ffixui.o(.text)
    __fpl_cmpreturn                          0x000003b5   Thumb Code    46  cmpret.o(.text)
    __fpl_fcheck_NaN2                        0x000003e5   Thumb Code    10  fnan2.o(.text)
    __user_libspace                          0x000003f5   Thumb Code     8  libspace.o(.text)
    __user_perproc_libspace                  0x000003f5   Thumb Code     0  libspace.o(.text)
    __I$use$semihosting                      0x000003fd   Thumb Code     0  use_no_semi.o(.text)
    __use_no_semihosting_swi                 0x000003fd   Thumb Code     2  use_no_semi.o(.text)
    __semihosting_library_function           0x000003ff   Thumb Code     0  indicate_semi.o(.text)
    osRtxKernelPreInit                       0x000003ff   Thumb Code     2  rtx_kernel.o(.text.osRtxKernelPreInit)
    __aeabi_uidiv                            0x00000411   Thumb Code     0  aeabi_sdiv.o(.text)
    __aeabi_uidivmod                         0x00000411   Thumb Code    20  aeabi_sdiv.o(.text)
    __aeabi_idiv                             0x00000425   Thumb Code     0  aeabi_sdiv.o(.text)
    __aeabi_idivmod                          0x00000425   Thumb Code   326  aeabi_sdiv.o(.text)
    __aeabi_fdiv                             0x0000056d   Thumb Code     0  fdiv.o(.text)
    _fdiv                                    0x0000056d   Thumb Code   334  fdiv.o(.text)
    _frdiv                                   0x000006bb   Thumb Code     8  fdiv.o(.text)
    __aeabi_i2f_normalise                    0x000006cd   Thumb Code    72  fflti.o(.text)
    __aeabi_i2f                              0x00000715   Thumb Code    16  fflti.o(.text)
    _fflt                                    0x00000715   Thumb Code     0  fflti.o(.text)
    __aeabi_ui2f                             0x00000725   Thumb Code     6  fflti.o(.text)
    _ffltu                                   0x00000725   Thumb Code     0  fflti.o(.text)
    __fpl_fcmp_InfNaN                        0x0000072d   Thumb Code    96  fcmpin.o(.text)
    __user_setup_stackheap                   0x00000791   Thumb Code    62  sys_stackheap_outer.o(.text)
    exit                                     0x000007cf   Thumb Code    16  exit.o(.text)
    __fpl_return_NaN                         0x000007df   Thumb Code    94  retnan.o(.text)
    _sys_exit                                0x0000083d   Thumb Code     8  sys_exit.o(.text)
    __decompress                             0x00000849   Thumb Code     0  __dczerorl.o(.text)
    __decompress0                            0x00000849   Thumb Code    58  __dczerorl.o(.text)
    OS_Tick_AcknowledgeIRQ                   0x00000951   Thumb Code    12  os_systick.o(.text.OS_Tick_AcknowledgeIRQ)
    OS_Tick_Enable                           0x0000095d   Thumb Code    44  os_systick.o(.text.OS_Tick_Enable)
    OS_Tick_GetIRQn                          0x00000989   Thumb Code     6  os_systick.o(.text.OS_Tick_GetIRQn)
    OS_Tick_Setup                            0x00000991   Thumb Code    76  os_systick.o(.text.OS_Tick_Setup)
    osDelay                                  0x00000a79   Thumb Code    40  rtx_delay.o(.text.osDelay)
    osKernelGetState                         0x00000aa1   Thumb Code    48  rtx_kernel.o(.text.osKernelGetState)
    osKernelInitialize                       0x00000ad1   Thumb Code    40  rtx_kernel.o(.text.osKernelInitialize)
    osKernelStart                            0x00000af9   Thumb Code    36  rtx_kernel.o(.text.osKernelStart)
    osMessageQueueGet                        0x00000b1d   Thumb Code   116  rtx_msgqueue.o(.text.osMessageQueueGet)
    osMessageQueueNew                        0x00000b91   Thumb Code    36  rtx_msgqueue.o(.text.osMessageQueueNew)
    osMessageQueuePut                        0x00000bb5   Thumb Code   120  rtx_msgqueue.o(.text.osMessageQueuePut)
    osMutexAcquire                           0x00000c2d   Thumb Code    40  rtx_mutex.o(.text.osMutexAcquire)
    osMutexDelete                            0x00000c55   Thumb Code    40  rtx_mutex.o(.text.osMutexDelete)
    osMutexNew                               0x00000c7d   Thumb Code    36  rtx_mutex.o(.text.osMutexNew)
    osMutexRelease                           0x00000ca1   Thumb Code    40  rtx_mutex.o(.text.osMutexRelease)
    osRtxMemoryAlloc                         0x00000cc9   Thumb Code   124  rtx_memory.o(.text.osRtxMemoryAlloc)
    osRtxMemoryFree                          0x00000d45   Thumb Code    78  rtx_memory.o(.text.osRtxMemoryFree)
    osRtxMemoryInit                          0x00000d93   Thumb Code    50  rtx_memory.o(.text.osRtxMemoryInit)
    osRtxMemoryPoolAlloc                     0x00000dc5   Thumb Code    46  rtx_mempool.o(.text.osRtxMemoryPoolAlloc)
    osRtxMemoryPoolFree                      0x00000df3   Thumb Code    58  rtx_mempool.o(.text.osRtxMemoryPoolFree)
    osRtxMemoryPoolInit                      0x00000e2d   Thumb Code    62  rtx_mempool.o(.text.osRtxMemoryPoolInit)
    osRtxMutexOwnerRelease                   0x00000f27   Thumb Code    68  rtx_mutex.o(.text.osRtxMutexOwnerRelease)
    osRtxPendSV_Handler                      0x00000f6d   Thumb Code   128  rtx_system.o(.text.osRtxPendSV_Handler)
    osRtxPostProcess                         0x00000fed   Thumb Code   108  rtx_system.o(.text.osRtxPostProcess)
    osRtxThreadDelayTick                     0x00001155   Thumb Code    56  rtx_thread.o(.text.osRtxThreadDelayTick)
    osRtxThreadDispatch                      0x0000118d   Thumb Code    80  rtx_thread.o(.text.osRtxThreadDispatch)
    osRtxThreadListGet                       0x00001231   Thumb Code    20  rtx_thread.o(.text.osRtxThreadListGet)
    osRtxThreadListPut                       0x00001245   Thumb Code    44  rtx_thread.o(.text.osRtxThreadListPut)
    osRtxThreadListRemove                    0x00001271   Thumb Code    24  rtx_thread.o(.text.osRtxThreadListRemove)
    osRtxThreadListSort                      0x00001289   Thumb Code    38  rtx_thread.o(.text.osRtxThreadListSort)
    osRtxThreadReadyPut                      0x000012d5   Thumb Code    24  rtx_thread.o(.text.osRtxThreadReadyPut)
    osRtxThreadRegPtr                        0x000012ed   Thumb Code     6  rtx_thread.o(.text.osRtxThreadRegPtr)
    osRtxThreadStackCheck                    0x000012f5   Thumb Code    44  rtx_thread.o(.text.osRtxThreadStackCheck)
    osRtxThreadStartup                       0x00001321   Thumb Code    64  rtx_thread.o(.text.osRtxThreadStartup)
    osRtxThreadSwitch                        0x00001361   Thumb Code    20  rtx_thread.o(.text.osRtxThreadSwitch)
    osRtxThreadWaitEnter                     0x00001375   Thumb Code    60  rtx_thread.o(.text.osRtxThreadWaitEnter)
    osRtxThreadWaitExit                      0x000013b1   Thumb Code    34  rtx_thread.o(.text.osRtxThreadWaitExit)
    osRtxTick_Handler                        0x000013d5   Thumb Code   116  rtx_system.o(.text.osRtxTick_Handler)
    osRtxTimerThread                         0x00001449   Thumb Code    60  rtx_timer.o(.text.osRtxTimerThread)
    osThreadExit                             0x000014e5   Thumb Code    12  rtx_thread.o(.text.osThreadExit)
    osThreadFlagsClear                       0x000014f1   Thumb Code    40  rtx_thread.o(.text.osThreadFlagsClear)
    osThreadFlagsSet                         0x00001519   Thumb Code    88  rtx_thread.o(.text.osThreadFlagsSet)
    osThreadFlagsWait                        0x00001571   Thumb Code    40  rtx_thread.o(.text.osThreadFlagsWait)
    osThreadNew                              0x00001599   Thumb Code    36  rtx_thread.o(.text.osThreadNew)
    DriveMotor                               0x00002101   Thumb Code   146  infrastructure.o(i.DriveMotor)
    Init                                     0x000021a1   Thumb Code    44  init.o(i.Init)
    InitBusTimer                             0x000021cd   Thumb Code    54  init.o(i.InitBusTimer)
    InitClock                                0x00002211   Thumb Code    16  init.o(i.InitClock)
    InitDAC                                  0x00002225   Thumb Code    28  init.o(i.InitDAC)
    InitGPIO                                 0x00002249   Thumb Code   334  init.o(i.InitGPIO)
    InitInterrupt                            0x000023ad   Thumb Code    44  init.o(i.InitInterrupt)
    InitLED                                  0x000023d9   Thumb Code   380  init.o(i.InitLED)
    InitPWM                                  0x00002565   Thumb Code   390  init.o(i.InitPWM)
    InitRTOSVariables                        0x000026fd   Thumb Code    88  init.o(i.InitRTOSVariables)
    InitUART2                                0x0000276d   Thumb Code   110  init.o(i.InitUART2)
    Led_Control                              0x000027e9   Thumb Code   114  infrastructure.o(i.Led_Control)
    Led_Control_BlueOnly                     0x00002861   Thumb Code    20  infrastructure.o(i.Led_Control_BlueOnly)
    Led_Control_GreenOnly                    0x00002879   Thumb Code    24  infrastructure.o(i.Led_Control_GreenOnly)
    Led_Control_RedOnly                      0x00002895   Thumb Code    24  infrastructure.o(i.Led_Control_RedOnly)
    PIT_IRQHandler                           0x000028b1   Thumb Code    34  interrupts.o(i.PIT_IRQHandler)
    ParseSegmentedCommand                    0x000028dd   Thumb Code    78  data.o(i.ParseSegmentedCommand)
    SetDACValue                              0x0000292d   Thumb Code    26  infrastructure.o(i.SetDACValue)
    StupidDelay                              0x0000294d   Thumb Code    20  infrastructure.o(i.StupidDelay)
    SystemCoreClockUpdate                    0x00002961   Thumb Code   372  system_mkl25z4.o(i.SystemCoreClockUpdate)
    SystemInit                               0x00002af1   Thumb Code   266  system_mkl25z4.o(i.SystemInit)
    ToneStart                                0x00002c29   Thumb Code   120  infrastructure.o(i.ToneStart)
    ToneStop                                 0x00002cad   Thumb Code    10  infrastructure.o(i.ToneStop)
    UART2_IRQHandler                         0x00002cbd   Thumb Code   132  interrupts.o(i.UART2_IRQHandler)
    UART2_ReenableTX                         0x00002d51   Thumb Code    14  infrastructure.o(i.UART2_ReenableTX)
    __ARM_common_switch8                     0x00002d65   Thumb Code    28  api.o(i.__ARM_common_switch8)
    _mutex_acquire                           0x00002e49   Thumb Code    24  rtx_lib.o(i._mutex_acquire)
    _mutex_free                              0x00002e61   Thumb Code    12  rtx_lib.o(i._mutex_free)
    _mutex_initialize                        0x00002e6d   Thumb Code    36  rtx_lib.o(i._mutex_initialize)
    _mutex_release                           0x00002e91   Thumb Code    20  rtx_lib.o(i._mutex_release)
    _platform_post_stackheap_init            0x00002ea5   Thumb Code     8  rtx_lib.o(i._platform_post_stackheap_init)
    composeNote                              0x00002ead   Thumb Code   130  data.o(i.composeNote)
    getBits                                  0x00002f2f   Thumb Code    30  api.o(i.getBits)
    getNoteFrequency                         0x00002f4d   Thumb Code   208  api.o(i.getNoteFrequency)
    instruct                                 0x00003021   Thumb Code   430  api.o(i.instruct)
    instructLED                              0x000031d9   Thumb Code    34  api.o(i.instructLED)
    instructMotors                           0x00003209   Thumb Code   102  api.o(i.instructMotors)
    instructMusic                            0x00003271   Thumb Code    52  api.o(i.instructMusic)
    led_thread                               0x000032a9   Thumb Code    46  main.o(i.led_thread)
    loop_worker_thread                       0x000032dd   Thumb Code   108  main.o(i.loop_worker_thread)
    main                                     0x00003359   Thumb Code   134  main.o(i.main)
    misc_thread                              0x00003419   Thumb Code    46  main.o(i.misc_thread)
    motor_thread                             0x0000344d   Thumb Code   192  main.o(i.motor_thread)
    music_thread                             0x00003515   Thumb Code    46  main.o(i.music_thread)
    osRtxErrorNotify                         0x00003549   Thumb Code    32  rtx_config.o(i.osRtxErrorNotify)
    osRtxIdleThread                          0x00003569   Thumb Code     4  rtx_config.o(i.osRtxIdleThread)
    playMusic                                0x00003591   Thumb Code   180  api.o(i.playMusic)
    playNote                                 0x00003649   Thumb Code    46  api.o(i.playNote)
    playTone                                 0x00003679   Thumb Code   114  api.o(i.playTone)
    runningLED_thread                        0x000036f5   Thumb Code   206  main.o(i.runningLED_thread)
    turnOffGreen                             0x000037d1   Thumb Code    90  infrastructure.o(i.turnOffGreen)
    turnOffRed                               0x00003835   Thumb Code    16  infrastructure.o(i.turnOffRed)
    turnOnGreen                              0x00003849   Thumb Code    90  infrastructure.o(i.turnOnGreen)
    turnOnSingleLedPin                       0x000038ad   Thumb Code    16  infrastructure.o(i.turnOnSingleLedPin)
    uart_thread                              0x000038c1   Thumb Code   254  main.o(i.uart_thread)
    __aeabi_fadd                             0x000039e5   Thumb Code     0  faddsub.o(x$fpl$fadd)
    _fadd                                    0x000039e5   Thumb Code   134  faddsub.o(x$fpl$fadd)
    __aeabi_cfcmple                          0x00003a71   Thumb Code     0  flef.o(x$fpl$fleqf)
    _fcmple                                  0x00003a71   Thumb Code    78  flef.o(x$fpl$fleqf)
    __aeabi_fmul                             0x00003ac5   Thumb Code     0  fmul.o(x$fpl$fmul)
    _fmul                                    0x00003ac5   Thumb Code   172  fmul.o(x$fpl$fmul)
    __aeabi_frsub                            0x00003b75   Thumb Code     0  faddsub.o(x$fpl$frsb)
    _frsb                                    0x00003b75   Thumb Code    24  faddsub.o(x$fpl$frsb)
    __aeabi_fsub                             0x00003b8d   Thumb Code     0  faddsub.o(x$fpl$fsub)
    _fsub                                    0x00003b8d   Thumb Code   204  faddsub.o(x$fpl$fsub)
    __I$use$fp                               0x00003c5c   Number         0  usenofp.o(x$fpl$usenofp)
    badApple                                 0x00003ca4   Data          12  variables.o(.constdata)
    osRtxUserSVC                             0x00003d10   Data           4  rtx_lib.o(.constdata)
    irqRtxLib                                0x00003d14   Data           1  irq_cm0.o(.constdata)
    osRtxConfig                              0x00003f04   Data         104  rtx_lib.o(.rodata)
    os_cb_sections                           0x00003f6c   Data          56  rtx_lib.o(.rodata)
    Region$$Table$$Base                      0x00003fb0   Number         0  anon$$obj.o(Region$$Table)
    Region$$Table$$Limit                     0x00003fd0   Number         0  anon$$obj.o(Region$$Table)
    .bss.os.msgqueue.cb$$Base                0x20000040   Number         0  rtx_lib.o(.bss.os.msgqueue.cb)
    .bss.os.msgqueue.cb$$Limit               0x20000074   Number         0  rtx_lib.o(.bss.os.msgqueue.cb)
    .bss.os.thread.cb$$Base                  0x200000c4   Number         0  rtx_lib.o(.bss.os.thread.cb)
    .bss.os.thread.cb$$Limit                 0x2000014c   Number         0  rtx_lib.o(.bss.os.thread.cb)
    ledState                                 0x20000350   Data           4  variables.o(.data)
    _dac_tick_                               0x20000354   Data           4  variables.o(.data)
    runningLED_status                        0x20000358   Data           1  variables.o(.data)
    motorQ                                   0x2000035c   Data           4  variables.o(.data)
    uartRXQ                                  0x20000360   Data           4  variables.o(.data)
    uartTXQ                                  0x20000364   Data           4  variables.o(.data)
    musicQ                                   0x20000368   Data           4  variables.o(.data)
    ledQ                                     0x2000036c   Data           4  variables.o(.data)
    controlQ                                 0x20000370   Data           4  variables.o(.data)
    led_Id                                   0x20000374   Data           4  variables.o(.data)
    mus_Id                                   0x20000378   Data           4  variables.o(.data)
    mot_Id                                   0x2000037c   Data           4  variables.o(.data)
    misc_Id                                  0x20000380   Data           4  variables.o(.data)
    uart_Id                                  0x20000384   Data           4  variables.o(.data)
    tled_Id                                  0x20000388   Data           4  variables.o(.data)
    led_R4                                   0x2000038c   Data           1  variables.o(.data)
    led_G4                                   0x2000038d   Data           1  variables.o(.data)
    led_B4                                   0x2000038e   Data           1  variables.o(.data)
    led_Counter                              0x2000038f   Data           1  variables.o(.data)
    green_led_segment                        0x20000390   Data           8  variables.o(.data)
    irqRtxLibRef                             0x20000398   Data           4  rtx_lib.o(.data)
    SystemCoreClock                          0x200003a0   Data           4  system_mkl25z4.o(.data)
    osRtxInfo                                0x200003a4   Data         164  rtx_kernel.o(.data.os)
    __libspace_start                         0x20000448   Data          96  libspace.o(.bss)
    __temporary_stack_top$libspace           0x200004a8   Data           0  libspace.o(.bss)



==============================================================================

Memory Map of the image

  Image Entry point : 0x00000189

  Load Region LR_1 (Base: 0x00000000, Size: 0x00005418, Max: 0xffffffff, ABSOLUTE, COMPRESSED[0x00004014])

    Execution Region ER_RO (Exec base: 0x00000000, Load base: 0x00000000, Size: 0x00003fd0, Max: 0xffffffff, ABSOLUTE)

    Exec Addr    Load Addr    Size         Type   Attr      Idx    E Section Name        Object

    0x00000000   0x00000000   0x000000c0   Data   RO          617    RESET               startup_mkl25z4.o
    0x000000c0   0x000000c0   0x00000008   Code   RO         1135  * !!!main             c_p.l(__main.o)
    0x000000c8   0x000000c8   0x0000003c   Code   RO         1332    !!!scatter          c_p.l(__scatter.o)
    0x00000104   0x00000104   0x0000001c   Code   RO         1334    !!handler_zi        c_p.l(__scatter_zi.o)
    0x00000120   0x00000120   0x00000002   Code   RO         1197    .ARM.Collect$$libinit$$00000000  c_p.l(libinit.o)
    0x00000122   0x00000122   0x00000000   Code   RO         1213    .ARM.Collect$$libinit$$00000002  c_p.l(libinit2.o)
    0x00000122   0x00000122   0x00000000   Code   RO         1215    .ARM.Collect$$libinit$$00000004  c_p.l(libinit2.o)
    0x00000122   0x00000122   0x00000000   Code   RO         1218    .ARM.Collect$$libinit$$0000000A  c_p.l(libinit2.o)
    0x00000122   0x00000122   0x00000000   Code   RO         1220    .ARM.Collect$$libinit$$0000000C  c_p.l(libinit2.o)
    0x00000122   0x00000122   0x00000000   Code   RO         1222    .ARM.Collect$$libinit$$0000000E  c_p.l(libinit2.o)
    0x00000122   0x00000122   0x00000000   Code   RO         1225    .ARM.Collect$$libinit$$00000011  c_p.l(libinit2.o)
    0x00000122   0x00000122   0x00000000   Code   RO         1227    .ARM.Collect$$libinit$$00000013  c_p.l(libinit2.o)
    0x00000122   0x00000122   0x00000000   Code   RO         1229    .ARM.Collect$$libinit$$00000015  c_p.l(libinit2.o)
    0x00000122   0x00000122   0x00000000   Code   RO         1231    .ARM.Collect$$libinit$$00000017  c_p.l(libinit2.o)
    0x00000122   0x00000122   0x00000000   Code   RO         1233    .ARM.Collect$$libinit$$00000019  c_p.l(libinit2.o)
    0x00000122   0x00000122   0x00000000   Code   RO         1235    .ARM.Collect$$libinit$$0000001B  c_p.l(libinit2.o)
    0x00000122   0x00000122   0x00000000   Code   RO         1237    .ARM.Collect$$libinit$$0000001D  c_p.l(libinit2.o)
    0x00000122   0x00000122   0x00000000   Code   RO         1239    .ARM.Collect$$libinit$$0000001F  c_p.l(libinit2.o)
    0x00000122   0x00000122   0x00000000   Code   RO         1241    .ARM.Collect$$libinit$$00000021  c_p.l(libinit2.o)
    0x00000122   0x00000122   0x00000000   Code   RO         1243    .ARM.Collect$$libinit$$00000023  c_p.l(libinit2.o)
    0x00000122   0x00000122   0x00000000   Code   RO         1245    .ARM.Collect$$libinit$$00000025  c_p.l(libinit2.o)
    0x00000122   0x00000122   0x00000000   Code   RO         1249    .ARM.Collect$$libinit$$0000002C  c_p.l(libinit2.o)
    0x00000122   0x00000122   0x00000000   Code   RO         1251    .ARM.Collect$$libinit$$0000002E  c_p.l(libinit2.o)
    0x00000122   0x00000122   0x00000000   Code   RO         1253    .ARM.Collect$$libinit$$00000030  c_p.l(libinit2.o)
    0x00000122   0x00000122   0x00000000   Code   RO         1255    .ARM.Collect$$libinit$$00000032  c_p.l(libinit2.o)
    0x00000122   0x00000122   0x00000002   Code   RO         1256    .ARM.Collect$$libinit$$00000033  c_p.l(libinit2.o)
    0x00000124   0x00000124   0x00000002   Code   RO         1287    .ARM.Collect$$libshutdown$$00000000  c_p.l(libshutdown.o)
    0x00000126   0x00000126   0x00000000   Code   RO         1313    .ARM.Collect$$libshutdown$$00000002  c_p.l(libshutdown2.o)
    0x00000126   0x00000126   0x00000000   Code   RO         1315    .ARM.Collect$$libshutdown$$00000004  c_p.l(libshutdown2.o)
    0x00000126   0x00000126   0x00000000   Code   RO         1318    .ARM.Collect$$libshutdown$$00000007  c_p.l(libshutdown2.o)
    0x00000126   0x00000126   0x00000000   Code   RO         1321    .ARM.Collect$$libshutdown$$0000000A  c_p.l(libshutdown2.o)
    0x00000126   0x00000126   0x00000000   Code   RO         1323    .ARM.Collect$$libshutdown$$0000000C  c_p.l(libshutdown2.o)
    0x00000126   0x00000126   0x00000000   Code   RO         1326    .ARM.Collect$$libshutdown$$0000000F  c_p.l(libshutdown2.o)
    0x00000126   0x00000126   0x00000002   Code   RO         1327    .ARM.Collect$$libshutdown$$00000010  c_p.l(libshutdown2.o)
    0x00000128   0x00000128   0x00000000   Code   RO         1156    .ARM.Collect$$rtentry$$00000000  c_p.l(__rtentry.o)
    0x00000128   0x00000128   0x00000000   Code   RO         1165    .ARM.Collect$$rtentry$$00000002  c_p.l(__rtentry2.o)
    0x00000128   0x00000128   0x00000006   Code   RO         1177    .ARM.Collect$$rtentry$$00000004  c_p.l(__rtentry4.o)
    0x0000012e   0x0000012e   0x00000008   Code   RO         1166    .ARM.Collect$$rtentry$$00000008  c_p.l(__rtentry2.o)
    0x00000136   0x00000136   0x00000004   Code   RO         1168    .ARM.Collect$$rtentry$$0000000A  c_p.l(__rtentry2.o)
    0x0000013a   0x0000013a   0x00000000   Code   RO         1170    .ARM.Collect$$rtentry$$0000000C  c_p.l(__rtentry2.o)
    0x0000013a   0x0000013a   0x00000008   Code   RO         1171    .ARM.Collect$$rtentry$$0000000D  c_p.l(__rtentry2.o)
    0x00000142   0x00000142   0x00000002   Code   RO         1204    .ARM.Collect$$rtexit$$00000000  c_p.l(rtexit.o)
    0x00000144   0x00000144   0x00000000   Code   RO         1260    .ARM.Collect$$rtexit$$00000002  c_p.l(rtexit2.o)
    0x00000144   0x00000144   0x00000004   Code   RO         1261    .ARM.Collect$$rtexit$$00000003  c_p.l(rtexit2.o)
    0x00000148   0x00000148   0x00000006   Code   RO         1262    .ARM.Collect$$rtexit$$00000004  c_p.l(rtexit2.o)
    0x0000014e   0x0000014e   0x00000002   PAD
    0x00000150   0x00000150   0x00000038   Code   RO         1123    .emb_text           c_p.l(rt_memcpy.o)
    0x00000188   0x00000188   0x00000044   Code   RO          619  * .text               startup_mkl25z4.o
    0x000001cc   0x000001cc   0x000000a4   Code   RO          965    .text               RTX_CM0.lib(irq_cm0.o)
    0x00000270   0x00000270   0x00000082   Code   RO         1124    .text               c_p.l(rt_memcpy.o)
    0x000002f2   0x000002f2   0x00000040   Code   RO         1127    .text               c_p.l(rt_memclr.o)
    0x00000332   0x00000332   0x00000006   Code   RO         1133    .text               c_p.l(heapauxi.o)
    0x00000338   0x00000338   0x0000004c   Code   RO         1146    .text               fz_ps.l(ffixi.o)
    0x00000384   0x00000384   0x00000030   Code   RO         1148    .text               fz_ps.l(ffixui.o)
    0x000003b4   0x000003b4   0x0000002e   Code   RO         1181    .text               fz_ps.l(cmpret.o)
    0x000003e2   0x000003e2   0x00000002   PAD
    0x000003e4   0x000003e4   0x00000010   Code   RO         1183    .text               fz_ps.l(fnan2.o)
    0x000003f4   0x000003f4   0x00000008   Code   RO         1200    .text               c_p.l(libspace.o)
    0x000003fc   0x000003fc   0x00000002   Code   RO         1276    .text               c_p.l(use_no_semi.o)
    0x000003fe   0x000003fe   0x00000000   Code   RO         1278    .text               c_p.l(indicate_semi.o)
    0x000003fe   0x000003fe   0x00000002   Code   RO          658    .text.osRtxKernelPreInit  RTX_CM0.lib(rtx_kernel.o)
    0x00000400   0x00000400   0x00000010   Code   RO          618    .ARM.__at_0x400     startup_mkl25z4.o
    0x00000410   0x00000410   0x0000015a   Code   RO         1129    .text               c_p.l(aeabi_sdiv.o)
    0x0000056a   0x0000056a   0x00000002   PAD
    0x0000056c   0x0000056c   0x00000160   Code   RO         1143    .text               fz_ps.l(fdiv.o)
    0x000006cc   0x000006cc   0x0000005e   Code   RO         1150    .text               fz_ps.l(fflti.o)
    0x0000072a   0x0000072a   0x00000002   PAD
    0x0000072c   0x0000072c   0x00000064   Code   RO         1161    .text               fz_ps.l(fcmpin.o)
    0x00000790   0x00000790   0x0000003e   Code   RO         1185    .text               c_p.l(sys_stackheap_outer.o)
    0x000007ce   0x000007ce   0x00000010   Code   RO         1188    .text               c_p.l(exit.o)
    0x000007de   0x000007de   0x0000005e   Code   RO         1198    .text               fz_ps.l(retnan.o)
    0x0000083c   0x0000083c   0x0000000c   Code   RO         1257    .text               c_p.l(sys_exit.o)
    0x00000848   0x00000848   0x0000003a   Code   RO         1330    .text               c_p.l(__dczerorl.o)
    0x00000882   0x00000882   0x0000004c   Code   RO          948    .text.MessageQueueGet  RTX_CM0.lib(rtx_msgqueue.o)
    0x000008ce   0x000008ce   0x00000062   Code   RO          942    .text.MessageQueuePut  RTX_CM0.lib(rtx_msgqueue.o)
    0x00000930   0x00000930   0x0000001e   Code   RO          940    .text.MessageQueueRemove  RTX_CM0.lib(rtx_msgqueue.o)
    0x0000094e   0x0000094e   0x00000002   PAD
    0x00000950   0x00000950   0x0000000c   Code   RO         1100    .text.OS_Tick_AcknowledgeIRQ  RTX_CM0.lib(os_systick.o)
    0x0000095c   0x0000095c   0x0000002c   Code   RO         1096    .text.OS_Tick_Enable  RTX_CM0.lib(os_systick.o)
    0x00000988   0x00000988   0x00000006   Code   RO         1102    .text.OS_Tick_GetIRQn  RTX_CM0.lib(os_systick.o)
    0x0000098e   0x0000098e   0x00000002   PAD
    0x00000990   0x00000990   0x0000004c   Code   RO         1094    .text.OS_Tick_Setup  RTX_CM0.lib(os_systick.o)
    0x000009dc   0x000009dc   0x0000004e   Code   RO          803    .text.ThreadFlagsCheck  RTX_CM0.lib(rtx_thread.o)
    0x00000a2a   0x00000a2a   0x00000002   PAD
    0x00000a2c   0x00000a2c   0x0000004c   Code   RO          986    .text.TimerInsert   RTX_CM0.lib(rtx_timer.o)
    0x00000a78   0x00000a78   0x00000028   Code   RO          856    .text.osDelay       RTX_CM0.lib(rtx_delay.o)
    0x00000aa0   0x00000aa0   0x00000030   Code   RO          666    .text.osKernelGetState  RTX_CM0.lib(rtx_kernel.o)
    0x00000ad0   0x00000ad0   0x00000028   Code   RO          660    .text.osKernelInitialize  RTX_CM0.lib(rtx_kernel.o)
    0x00000af8   0x00000af8   0x00000024   Code   RO          670    .text.osKernelStart  RTX_CM0.lib(rtx_kernel.o)
    0x00000b1c   0x00000b1c   0x00000074   Code   RO          914    .text.osMessageQueueGet  RTX_CM0.lib(rtx_msgqueue.o)
    0x00000b90   0x00000b90   0x00000024   Code   RO          908    .text.osMessageQueueNew  RTX_CM0.lib(rtx_msgqueue.o)
    0x00000bb4   0x00000bb4   0x00000078   Code   RO          912    .text.osMessageQueuePut  RTX_CM0.lib(rtx_msgqueue.o)
    0x00000c2c   0x00000c2c   0x00000028   Code   RO          879    .text.osMutexAcquire  RTX_CM0.lib(rtx_mutex.o)
    0x00000c54   0x00000c54   0x00000028   Code   RO          885    .text.osMutexDelete  RTX_CM0.lib(rtx_mutex.o)
    0x00000c7c   0x00000c7c   0x00000024   Code   RO          875    .text.osMutexNew    RTX_CM0.lib(rtx_mutex.o)
    0x00000ca0   0x00000ca0   0x00000028   Code   RO          881    .text.osMutexRelease  RTX_CM0.lib(rtx_mutex.o)
    0x00000cc8   0x00000cc8   0x0000007c   Code   RO         1013    .text.osRtxMemoryAlloc  RTX_CM0.lib(rtx_memory.o)
    0x00000d44   0x00000d44   0x0000004e   Code   RO         1015    .text.osRtxMemoryFree  RTX_CM0.lib(rtx_memory.o)
    0x00000d92   0x00000d92   0x00000032   Code   RO         1011    .text.osRtxMemoryInit  RTX_CM0.lib(rtx_memory.o)
    0x00000dc4   0x00000dc4   0x0000002e   Code   RO         1028    .text.osRtxMemoryPoolAlloc  RTX_CM0.lib(rtx_mempool.o)
    0x00000df2   0x00000df2   0x0000003a   Code   RO         1030    .text.osRtxMemoryPoolFree  RTX_CM0.lib(rtx_mempool.o)
    0x00000e2c   0x00000e2c   0x0000003e   Code   RO         1026    .text.osRtxMemoryPoolInit  RTX_CM0.lib(rtx_mempool.o)
    0x00000e6a   0x00000e6a   0x000000bc   Code   RO          938    .text.osRtxMessageQueuePostProcess  RTX_CM0.lib(rtx_msgqueue.o)
    0x00000f26   0x00000f26   0x00000044   Code   RO          873    .text.osRtxMutexOwnerRelease  RTX_CM0.lib(rtx_mutex.o)
    0x00000f6a   0x00000f6a   0x00000002   PAD
    0x00000f6c   0x00000f6c   0x00000080   Code   RO         1081    .text.osRtxPendSV_Handler  RTX_CM0.lib(rtx_system.o)
    0x00000fec   0x00000fec   0x0000006c   Code   RO         1083    .text.osRtxPostProcess  RTX_CM0.lib(rtx_system.o)
    0x00001058   0x00001058   0x00000038   Code   RO          743    .text.osRtxThreadBlock  RTX_CM0.lib(rtx_thread.o)
    0x00001090   0x00001090   0x00000080   Code   RO          751    .text.osRtxThreadDelayInsert  RTX_CM0.lib(rtx_thread.o)
    0x00001110   0x00001110   0x00000044   Code   RO          747    .text.osRtxThreadDelayRemove  RTX_CM0.lib(rtx_thread.o)
    0x00001154   0x00001154   0x00000038   Code   RO          733    .text.osRtxThreadDelayTick  RTX_CM0.lib(rtx_thread.o)
    0x0000118c   0x0000118c   0x00000050   Code   RO          741    .text.osRtxThreadDispatch  RTX_CM0.lib(rtx_thread.o)
    0x000011dc   0x000011dc   0x00000054   Code   RO          827    .text.osRtxThreadFree  RTX_CM0.lib(rtx_thread.o)
    0x00001230   0x00001230   0x00000014   Code   RO          725    .text.osRtxThreadListGet  RTX_CM0.lib(rtx_thread.o)
    0x00001244   0x00001244   0x0000002c   Code   RO          723    .text.osRtxThreadListPut  RTX_CM0.lib(rtx_thread.o)
    0x00001270   0x00001270   0x00000018   Code   RO          729    .text.osRtxThreadListRemove  RTX_CM0.lib(rtx_thread.o)
    0x00001288   0x00001288   0x00000026   Code   RO          727    .text.osRtxThreadListSort  RTX_CM0.lib(rtx_thread.o)
    0x000012ae   0x000012ae   0x00000026   Code   RO          801    .text.osRtxThreadPostProcess  RTX_CM0.lib(rtx_thread.o)
    0x000012d4   0x000012d4   0x00000018   Code   RO          731    .text.osRtxThreadReadyPut  RTX_CM0.lib(rtx_thread.o)
    0x000012ec   0x000012ec   0x00000006   Code   RO          735    .text.osRtxThreadRegPtr  RTX_CM0.lib(rtx_thread.o)
    0x000012f2   0x000012f2   0x00000002   PAD
    0x000012f4   0x000012f4   0x0000002c   Code   RO          739    .text.osRtxThreadStackCheck  RTX_CM0.lib(rtx_thread.o)
    0x00001320   0x00001320   0x00000040   Code   RO          753    .text.osRtxThreadStartup  RTX_CM0.lib(rtx_thread.o)
    0x00001360   0x00001360   0x00000014   Code   RO          737    .text.osRtxThreadSwitch  RTX_CM0.lib(rtx_thread.o)
    0x00001374   0x00001374   0x0000003c   Code   RO          749    .text.osRtxThreadWaitEnter  RTX_CM0.lib(rtx_thread.o)
    0x000013b0   0x000013b0   0x00000022   Code   RO          745    .text.osRtxThreadWaitExit  RTX_CM0.lib(rtx_thread.o)
    0x000013d2   0x000013d2   0x00000002   PAD
    0x000013d4   0x000013d4   0x00000074   Code   RO         1079    .text.osRtxTick_Handler  RTX_CM0.lib(rtx_system.o)
    0x00001448   0x00001448   0x0000003c   Code   RO          970    .text.osRtxTimerThread  RTX_CM0.lib(rtx_timer.o)
    0x00001484   0x00001484   0x00000060   Code   RO          972    .text.osRtxTimerTick  RTX_CM0.lib(rtx_timer.o)
    0x000014e4   0x000014e4   0x0000000c   Code   RO          785    .text.osThreadExit  RTX_CM0.lib(rtx_thread.o)
    0x000014f0   0x000014f0   0x00000028   Code   RO          795    .text.osThreadFlagsClear  RTX_CM0.lib(rtx_thread.o)
    0x00001518   0x00001518   0x00000058   Code   RO          793    .text.osThreadFlagsSet  RTX_CM0.lib(rtx_thread.o)
    0x00001570   0x00001570   0x00000028   Code   RO          799    .text.osThreadFlagsWait  RTX_CM0.lib(rtx_thread.o)
    0x00001598   0x00001598   0x00000024   Code   RO          757    .text.osThreadNew   RTX_CM0.lib(rtx_thread.o)
    0x000015bc   0x000015bc   0x00000012   Code   RO          860    .text.svcRtxDelay   RTX_CM0.lib(rtx_delay.o)
    0x000015ce   0x000015ce   0x00000002   PAD
    0x000015d0   0x000015d0   0x0000000c   Code   RO          668    .text.svcRtxKernelGetState  RTX_CM0.lib(rtx_kernel.o)
    0x000015dc   0x000015dc   0x00000148   Code   RO          698    .text.svcRtxKernelInitialize  RTX_CM0.lib(rtx_kernel.o)
    0x00001724   0x00001724   0x00000084   Code   RO          700    .text.svcRtxKernelStart  RTX_CM0.lib(rtx_kernel.o)
    0x000017a8   0x000017a8   0x000000e8   Code   RO          950    .text.svcRtxMessageQueueGet  RTX_CM0.lib(rtx_msgqueue.o)
    0x00001890   0x00001890   0x000001e4   Code   RO          936    .text.svcRtxMessageQueueNew  RTX_CM0.lib(rtx_msgqueue.o)
    0x00001a74   0x00001a74   0x000000bc   Code   RO          946    .text.svcRtxMessageQueuePut  RTX_CM0.lib(rtx_msgqueue.o)
    0x00001b30   0x00001b30   0x00000098   Code   RO          891    .text.svcRtxMutexAcquire  RTX_CM0.lib(rtx_mutex.o)
    0x00001bc8   0x00001bc8   0x000000bc   Code   RO          897    .text.svcRtxMutexDelete  RTX_CM0.lib(rtx_mutex.o)
    0x00001c84   0x00001c84   0x00000070   Code   RO          887    .text.svcRtxMutexNew  RTX_CM0.lib(rtx_mutex.o)
    0x00001cf4   0x00001cf4   0x000000c0   Code   RO          893    .text.svcRtxMutexRelease  RTX_CM0.lib(rtx_mutex.o)
    0x00001db4   0x00001db4   0x0000006c   Code   RO          831    .text.svcRtxThreadExit  RTX_CM0.lib(rtx_thread.o)
    0x00001e20   0x00001e20   0x00000038   Code   RO          841    .text.svcRtxThreadFlagsClear  RTX_CM0.lib(rtx_thread.o)
    0x00001e58   0x00001e58   0x0000006c   Code   RO          839    .text.svcRtxThreadFlagsSet  RTX_CM0.lib(rtx_thread.o)
    0x00001ec4   0x00001ec4   0x00000050   Code   RO          845    .text.svcRtxThreadFlagsWait  RTX_CM0.lib(rtx_thread.o)
    0x00001f14   0x00001f14   0x000001ec   Code   RO          755    .text.svcRtxThreadNew  RTX_CM0.lib(rtx_thread.o)
    0x00002100   0x00002100   0x000000a0   Code   RO          264    i.DriveMotor        infrastructure.o
    0x000021a0   0x000021a0   0x0000002c   Code   RO          362    i.Init              init.o
    0x000021cc   0x000021cc   0x00000044   Code   RO          363    i.InitBusTimer      init.o
    0x00002210   0x00002210   0x00000014   Code   RO          364    i.InitClock         init.o
    0x00002224   0x00002224   0x00000024   Code   RO          365    i.InitDAC           init.o
    0x00002248   0x00002248   0x00000164   Code   RO          366    i.InitGPIO          init.o
    0x000023ac   0x000023ac   0x0000002c   Code   RO          367    i.InitInterrupt     init.o
    0x000023d8   0x000023d8   0x0000018c   Code   RO          368    i.InitLED           init.o
    0x00002564   0x00002564   0x00000198   Code   RO          369    i.InitPWM           init.o
    0x000026fc   0x000026fc   0x00000070   Code   RO          370    i.InitRTOSVariables  init.o
    0x0000276c   0x0000276c   0x0000007c   Code   RO          371    i.InitUART2         init.o
    0x000027e8   0x000027e8   0x00000078   Code   RO          265    i.Led_Control       infrastructure.o
    0x00002860   0x00002860   0x00000018   Code   RO          266    i.Led_Control_BlueOnly  infrastructure.o
    0x00002878   0x00002878   0x0000001c   Code   RO          267    i.Led_Control_GreenOnly  infrastructure.o
    0x00002894   0x00002894   0x0000001c   Code   RO          268    i.Led_Control_RedOnly  infrastructure.o
    0x000028b0   0x000028b0   0x0000002c   Code   RO          454    i.PIT_IRQHandler    interrupts.o
    0x000028dc   0x000028dc   0x0000004e   Code   RO          219    i.ParseSegmentedCommand  data.o
    0x0000292a   0x0000292a   0x00000002   PAD
    0x0000292c   0x0000292c   0x00000020   Code   RO          269    i.SetDACValue       infrastructure.o
    0x0000294c   0x0000294c   0x00000014   Code   RO          270    i.StupidDelay       infrastructure.o
    0x00002960   0x00002960   0x00000190   Code   RO          627    i.SystemCoreClockUpdate  system_mkl25z4.o
    0x00002af0   0x00002af0   0x00000138   Code   RO          628    i.SystemInit        system_mkl25z4.o
    0x00002c28   0x00002c28   0x00000084   Code   RO          271    i.ToneStart         infrastructure.o
    0x00002cac   0x00002cac   0x00000010   Code   RO          272    i.ToneStop          infrastructure.o
    0x00002cbc   0x00002cbc   0x00000094   Code   RO          455    i.UART2_IRQHandler  interrupts.o
    0x00002d50   0x00002d50   0x00000014   Code   RO          273    i.UART2_ReenableTX  infrastructure.o
    0x00002d64   0x00002d64   0x0000001c   Code   RO          206    i.__ARM_common_switch8  api.o
    0x00002d80   0x00002d80   0x00000018   Code   RO          372    i.__NVIC_ClearPendingIRQ  init.o
    0x00002d98   0x00002d98   0x00000018   Code   RO          456    i.__NVIC_ClearPendingIRQ  interrupts.o
    0x00002db0   0x00002db0   0x00000020   Code   RO          373    i.__NVIC_EnableIRQ  init.o
    0x00002dd0   0x00002dd0   0x00000078   Code   RO          374    i.__NVIC_SetPriority  init.o
    0x00002e48   0x00002e48   0x00000018   Code   RO          511    i._mutex_acquire    rtx_lib.o
    0x00002e60   0x00002e60   0x0000000c   Code   RO          512    i._mutex_free       rtx_lib.o
    0x00002e6c   0x00002e6c   0x00000024   Code   RO          513    i._mutex_initialize  rtx_lib.o
    0x00002e90   0x00002e90   0x00000014   Code   RO          514    i._mutex_release    rtx_lib.o
    0x00002ea4   0x00002ea4   0x00000008   Code   RO          515    i._platform_post_stackheap_init  rtx_lib.o
    0x00002eac   0x00002eac   0x00000082   Code   RO          220    i.composeNote       data.o
    0x00002f2e   0x00002f2e   0x0000001e   Code   RO          131    i.getBits           api.o
    0x00002f4c   0x00002f4c   0x000000d4   Code   RO          133    i.getNoteFrequency  api.o
    0x00003020   0x00003020   0x000001b8   Code   RO          135    i.instruct          api.o
    0x000031d8   0x000031d8   0x00000030   Code   RO          136    i.instructLED       api.o
    0x00003208   0x00003208   0x00000066   Code   RO          137    i.instructMotors    api.o
    0x0000326e   0x0000326e   0x00000002   PAD
    0x00003270   0x00003270   0x00000038   Code   RO          138    i.instructMusic     api.o
    0x000032a8   0x000032a8   0x00000034   Code   RO            3    i.led_thread        main.o
    0x000032dc   0x000032dc   0x0000007c   Code   RO            4    i.loop_worker_thread  main.o
    0x00003358   0x00003358   0x000000c0   Code   RO            5    i.main              main.o
    0x00003418   0x00003418   0x00000034   Code   RO            6    i.misc_thread       main.o
    0x0000344c   0x0000344c   0x000000c8   Code   RO            7    i.motor_thread      main.o
    0x00003514   0x00003514   0x00000034   Code   RO            8    i.music_thread      main.o
    0x00003548   0x00003548   0x00000020   Code   RO          587    i.osRtxErrorNotify  rtx_config.o
    0x00003568   0x00003568   0x00000004   Code   RO          588    i.osRtxIdleThread   rtx_config.o
    0x0000356c   0x0000356c   0x00000024   Code   RO          516    i.os_kernel_is_active  rtx_lib.o
    0x00003590   0x00003590   0x000000b8   Code   RO          139    i.playMusic         api.o
    0x00003648   0x00003648   0x0000002e   Code   RO          140    i.playNote          api.o
    0x00003676   0x00003676   0x00000002   PAD
    0x00003678   0x00003678   0x0000007c   Code   RO          141    i.playTone          api.o
    0x000036f4   0x000036f4   0x000000dc   Code   RO            9    i.runningLED_thread  main.o
    0x000037d0   0x000037d0   0x00000064   Code   RO          274    i.turnOffGreen      infrastructure.o
    0x00003834   0x00003834   0x00000014   Code   RO          275    i.turnOffRed        infrastructure.o
    0x00003848   0x00003848   0x00000064   Code   RO          276    i.turnOnGreen       infrastructure.o
    0x000038ac   0x000038ac   0x00000014   Code   RO          277    i.turnOnSingleLedPin  infrastructure.o
    0x000038c0   0x000038c0   0x00000124   Code   RO           10    i.uart_thread       main.o
    0x000039e4   0x000039e4   0x0000008c   Code   RO         1137    x$fpl$fadd          fz_ps.l(faddsub.o)
    0x00003a70   0x00003a70   0x00000054   Code   RO         1152    x$fpl$fleqf         fz_ps.l(flef.o)
    0x00003ac4   0x00003ac4   0x000000b0   Code   RO         1154    x$fpl$fmul          fz_ps.l(fmul.o)
    0x00003b74   0x00003b74   0x00000018   Code   RO         1138    x$fpl$frsb          fz_ps.l(faddsub.o)
    0x00003b8c   0x00003b8c   0x000000d0   Code   RO         1139    x$fpl$fsub          fz_ps.l(faddsub.o)
    0x00003c5c   0x00003c5c   0x00000000   Code   RO         1163    x$fpl$usenofp       fz_ps.l(usenofp.o)
    0x00003c5c   0x00003c5c   0x00000048   Data   RO           11    .constdata          main.o
    0x00003ca4   0x00003ca4   0x0000000c   Data   RO          488    .constdata          variables.o
    0x00003cb0   0x00003cb0   0x00000064   Data   RO          523    .constdata          rtx_lib.o
    0x00003d14   0x00003d14   0x00000001   Data   RO          964    .constdata          RTX_CM0.lib(irq_cm0.o)
    0x00003d15   0x00003d15   0x00000040   Data   RO         1144    .constdata          fz_ps.l(fdiv.o)
    0x00003d55   0x00003d55   0x00000003   PAD
    0x00003d58   0x00003d58   0x000001aa   Data   RO          489    .conststring        variables.o
    0x00003f02   0x00003f02   0x00000002   PAD
    0x00003f04   0x00003f04   0x000000a0   Data   RO          525    .rodata             rtx_lib.o
    0x00003fa4   0x00003fa4   0x0000000b   Data   RO          712    .rodata.str1.4      RTX_CM0.lib(rtx_kernel.o)
    0x00003faf   0x00003faf   0x00000001   PAD
    0x00003fb0   0x00003fb0   0x00000020   Data   RO         1328    Region$$Table       anon$$obj.o


    Execution Region ER_RW (Exec base: 0x1ffff000, Load base: 0x00003fd0, Size: 0x00001448, Max: 0xffffffff, ABSOLUTE, COMPRESSED[0x00000044])

    Exec Addr    Load Addr    Size         Type   Attr      Idx    E Section Name        Object

    0x1ffff000   COMPRESSED   0x00001040   Data   RW          517    .bss.os             rtx_lib.o
    0x20000040   COMPRESSED   0x00000034   Data   RW          519    .bss.os.msgqueue.cb  rtx_lib.o
    0x20000074   COMPRESSED   0x00000050   Data   RW          520    .bss.os.msgqueue.mem  rtx_lib.o
    0x200000c4   COMPRESSED   0x00000088   Data   RW          521    .bss.os.thread.cb   rtx_lib.o
    0x2000014c   COMPRESSED   0x00000004   PAD
    0x20000150   COMPRESSED   0x00000200   Data   RW          522    .bss.os.thread.stack  rtx_lib.o
    0x20000350   COMPRESSED   0x00000048   Data   RW          490    .data               variables.o
    0x20000398   COMPRESSED   0x00000005   Data   RW          524    .data               rtx_lib.o
    0x2000039d   COMPRESSED   0x00000003   PAD
    0x200003a0   COMPRESSED   0x00000004   Data   RW          629    .data               system_mkl25z4.o
    0x200003a4   COMPRESSED   0x000000a4   Data   RW          713    .data.os            RTX_CM0.lib(rtx_kernel.o)


    Execution Region ER_ZI (Exec base: 0x20000448, Load base: 0x00004014, Size: 0x000020b4, Max: 0xffffffff, ABSOLUTE)

    Exec Addr    Load Addr    Size         Type   Attr      Idx    E Section Name        Object

    0x20000448        -       0x00000060   Zero   RW         1201    .bss                c_p.l(libspace.o)
    0x200004a8        -       0x00000001   Zero   RW         1112    .bss.PendST         RTX_CM0.lib(os_systick.o)
    0x200004a9   0x00004014   0x00000007   PAD
    0x200004b0        -       0x00001024   Zero   RW          616    HEAP                startup_mkl25z4.o
    0x200014d4   0x00004014   0x00000004   PAD
    0x200014d8        -       0x00001024   Zero   RW          615    STACK               startup_mkl25z4.o


==============================================================================

Image component sizes


      Code (inc. data)   RO Data    RW Data    ZI Data      Debug   Object Name

      1270         56          0          0          0       6545   api.o
       208          0          0          0          0       2678   data.o
       820         90          0          0          0       7329   infrastructure.o
      1784        142          0          0          0      13811   init.o
       216         32          0          0          0       9452   interrupts.o
      1184        152         72          0          0     225539   main.o
        36          8          0          0          0       1021   rtx_config.o
       136          6        260       4945          0      12158   rtx_lib.o
        84         48        192          0       8264        940   startup_mkl25z4.o
       712         84          0          4          0       1727   system_mkl25z4.o
         0          0        438         72          0       1365   variables.o

    ----------------------------------------------------------------------
      6456        618        996       5028       8268     282565   Object Totals
         0          0         32          0          0          0   (incl. Generated)
         6          0          2          7          4          0   (incl. Padding)

    ----------------------------------------------------------------------

      Code (inc. data)   RO Data    RW Data    ZI Data      Debug   Library Member Name

       164          8          1          0          0        496   irq_cm0.o
       138         32          0          0          1       2766   os_systick.o
        58          4          0          0          0       2753   rtx_delay.o
       598         48         11        164          0      16105   rtx_kernel.o
       252          0          0          0          0       2564   rtx_memory.o
       166          0          0          0          0      14282   rtx_mempool.o
      1568         44          0          0          0      17889   rtx_msgqueue.o
       868         32          0          0          0       9201   rtx_mutex.o
       352         26          0          0          0       4635   rtx_system.o
      2026        116          0          0          0      30867   rtx_thread.o
       232         20          0          0          0      10018   rtx_timer.o
        58          0          0          0          0          0   __dczerorl.o
         8          0          0          0          0         68   __main.o
         0          0          0          0          0          0   __rtentry.o
        20          0          0          0          0          0   __rtentry2.o
         6          0          0          0          0          0   __rtentry4.o
        60          8          0          0          0          0   __scatter.o
        28          0          0          0          0          0   __scatter_zi.o
       346          0          0          0          0         92   aeabi_sdiv.o
        16          0          0          0          0         68   exit.o
         6          0          0          0          0        136   heapauxi.o
         0          0          0          0          0          0   indicate_semi.o
         2          0          0          0          0          0   libinit.o
         2          0          0          0          0          0   libinit2.o
         2          0          0          0          0          0   libshutdown.o
         2          0          0          0          0          0   libshutdown2.o
         8          4          0          0         96         68   libspace.o
        64          0          0          0          0        108   rt_memclr.o
       186          0          0          0          0        144   rt_memcpy.o
         2          0          0          0          0          0   rtexit.o
        10          0          0          0          0          0   rtexit2.o
        12          4          0          0          0         60   sys_exit.o
        62          0          0          0          0         80   sys_stackheap_outer.o
         2          0          0          0          0         68   use_no_semi.o
        46          0          0          0          0         60   cmpret.o
       372          8          0          0          0        240   faddsub.o
       100          4          0          0          0         68   fcmpin.o
       352         10         64          0          0         92   fdiv.o
        76          0          0          0          0         68   ffixi.o
        48          0          0          0          0         60   ffixui.o
        94          0          0          0          0         92   fflti.o
        84          4          0          0          0         76   flef.o
       176          4          0          0          0         80   fmul.o
        16          6          0          0          0         68   fnan2.o
        94          0          0          0          0         68   retnan.o
         0          0          0          0          0          0   usenofp.o

    ----------------------------------------------------------------------
      8804        382         80        164        104     113440   Library Totals
        22          0          4          0          7          0   (incl. Padding)

    ----------------------------------------------------------------------

      Code (inc. data)   RO Data    RW Data    ZI Data      Debug   Library Name

      6422        330         12        164          1     111576   RTX_CM0.lib
       902         16          0          0         96        892   c_p.l
      1458         36         64          0          0        972   fz_ps.l

    ----------------------------------------------------------------------
      8804        382         80        164        104     113440   Library Totals

    ----------------------------------------------------------------------

==============================================================================


      Code (inc. data)   RO Data    RW Data    ZI Data      Debug   

     15260       1000       1076       5192       8372     392409   Grand Totals
     15260       1000       1076         68       8372     392409   ELF Image Totals (compressed)
     15260       1000       1076         68          0          0   ROM Totals

==============================================================================

    Total RO  Size (Code + RO Data)                16336 (  15.95kB)
    Total RW  Size (RW Data + ZI Data)             13564 (  13.25kB)
    Total ROM Size (Code + RO Data + RW Data)      16404 (  16.02kB)

==============================================================================

