Component: ARM Compiler 5.06 update 7 (build 960) Tool: armlink [4d3601]

==============================================================================

Section Cross References

    main.o(i.main) refers to init.o(i.Init) for Init
    main.o(i.main) refers to rtx_thread.o(.text.osThreadNew) for osThreadNew
    main.o(i.main) refers to rtx_kernel.o(.text.osKernelStart) for osKernelStart
    main.o(i.main) refers to threads.o(i.thread_analog_inputs) for thread_analog_inputs
    main.o(i.main) refers to threads.o(i.thread_chassis) for thread_chassis
    gpio.o(i.AnalogInputEnable) refers to gpio.o(i.__ARM_common_switch8) for __ARM_common_switch8
    gpio.o(i.AnalogWritePin) refers to gpio.o(i.analogWritePin) for analogWritePin
    gpio.o(i.ClockToPort) refers to gpio.o(i.__ARM_common_switch8) for __ARM_common_switch8
    gpio.o(i.ClockToPorts) refers to gpio.o(i.ClockToPort) for ClockToPort
    gpio.o(i.DigitalReadPin) refers to gpio.o(i.digitalReadPin) for digitalReadPin
    gpio.o(i.DigitalWritePin) refers to gpio.o(i.digitalWritePin) for digitalWritePin
    gpio.o(i.DigitalWritePins) refers to rt_memcpy.o(.text) for __aeabi_memcpy
    gpio.o(i.DigitalWritePins) refers to gpio.o(i.DigitalWritePin) for DigitalWritePin
    gpio.o(i.RemoveClockFromPort) refers to gpio.o(i.__ARM_common_switch8) for __ARM_common_switch8
    gpio.o(i.RemoveClockFromPorts) refers to gpio.o(i.RemoveClockFromPort) for RemoveClockFromPort
    gpio.o(i.SelectPinFunction) refers to gpio.o(i.selectPinFunction) for selectPinFunction
    gpio.o(i.SelectPinsFunctions) refers to rt_memcpy.o(.text) for __aeabi_memcpy
    gpio.o(i.SelectPinsFunctions) refers to gpio.o(i.SelectPinFunction) for SelectPinFunction
    gpio.o(i.SetPinDirection) refers to gpio.o(i.setPinDirection) for setPinDirection
    gpio.o(i.SetPinsDirections) refers to rt_memcpy.o(.text) for __aeabi_memcpy
    gpio.o(i.SetPinsDirections) refers to gpio.o(i.SetPinDirection) for SetPinDirection
    gpio.o(i.digitalReadPin) refers to gpio.o(i.__ARM_common_switch8) for __ARM_common_switch8
    gpio.o(i.digitalWritePin) refers to gpio.o(i.__ARM_common_switch8) for __ARM_common_switch8
    gpio.o(i.selectPinFunction) refers to gpio.o(i.__ARM_common_switch8) for __ARM_common_switch8
    gpio.o(i.setPinDirection) refers to gpio.o(i.__ARM_common_switch8) for __ARM_common_switch8
    init.o(i.Init) refers to system_mkl25z4.o(i.SystemCoreClockUpdate) for SystemCoreClockUpdate
    init.o(i.Init) refers to init.o(i.InitGPIO) for InitGPIO
    init.o(i.Init) refers to music.o(i.InitMusic) for InitMusic
    init.o(i.Init) refers to chassis.o(i.InitChassis) for InitChassis
    init.o(i.Init) refers to music.o(i.ChooseTrack) for ChooseTrack
    init.o(i.Init) refers to init.o(i.InitInterrupt) for InitInterrupt
    init.o(i.Init) refers to rtx_kernel.o(.text.osKernelInitialize) for osKernelInitialize
    init.o(i.InitGPIO) refers to gpio.o(i.ClockToPorts) for ClockToPorts
    init.o(i.InitGPIO) refers to gpio.o(i.SelectPinsFunctions) for SelectPinsFunctions
    init.o(i.InitGPIO) refers to gpio.o(i.SetPinsDirections) for SetPinsDirections
    init.o(i.InitGPIO) refers to gpio.o(i.AnalogOutputEnable) for AnalogOutputEnable
    init.o(i.InitGPIO) refers to gpio.o(i.AnalogInputEnable) for AnalogInputEnable
    init.o(i.InitGPIO) refers to pindefinitions.o(.constdata) for Ports
    init.o(i.InitInterrupt) refers to init.o(i.__NVIC_SetPriority) for __NVIC_SetPriority
    threads.o(i.thread_analog_inputs) refers to gpio.o(i.AnalogReadPin) for AnalogReadPin
    threads.o(i.thread_analog_inputs) refers to rtx_delay.o(.text.osDelay) for osDelay
    threads.o(i.thread_analog_inputs) refers to threads.o(.constdata) for .constdata
    threads.o(i.thread_chassis) refers to chassis.o(i.DriveChannel) for DriveChannel
    threads.o(i.thread_chassis) refers to rtx_delay.o(.text.osDelay) for osDelay
    threads.o(i.thread_chassis) refers to chassis.o(.constdata) for Chassis_LFR
    threads.o(i.thread_music) refers to rt_memcpy.o(.text) for __aeabi_memcpy
    threads.o(i.thread_music) refers to gpio.o(i.AnalogWritePin) for AnalogWritePin
    threads.o(i.thread_music) refers to rtx_delay.o(.text.osDelay) for osDelay
    threads.o(i.thread_music) refers to pindefinitions.o(.constdata) for MUSIC_PIN
    threads.o(i.thread_onboard_led) refers to onboardled.o(i.OnboardLED_ChangeColorOnceAsync) for OnboardLED_ChangeColorOnceAsync
    threads.o(i.thread_onboard_led) refers to constantdefinitions.o(.constdata) for ONBOARDLED_BITS
    onboardled.o(i.OnboardLED_ChangeColorOnceAsync) refers to onboardled.o(i.OnboardLED_UpdateColorOnceAsync) for OnboardLED_UpdateColorOnceAsync
    onboardled.o(i.OnboardLED_ChangeColorOnceAsync) refers to constantdefinitions.o(.constdata) for ONBOARDLED_BITS
    onboardled.o(i.OnboardLED_Update) refers to rt_memcpy.o(.text) for __aeabi_memcpy
    onboardled.o(i.OnboardLED_Update) refers to gpio.o(i.DigitalWritePin) for DigitalWritePin
[...]
    .ARM.Collect$$libshutdown$$0000000E      0x00000126   Section        0  libshutdown2.o(.ARM.Collect$$libshutdown$$0000000E)
    .ARM.Collect$$libshutdown$$00000011      0x00000126   Section        0  libshutdown2.o(.ARM.Collect$$libshutdown$$00000011)
    .ARM.Collect$$libshutdown$$00000012      0x00000126   Section        2  libshutdown2.o(.ARM.Collect$$libshutdown$$00000012)
    .ARM.Collect$$rtentry$$00000000          0x00000128   Section        0  __rtentry.o(.ARM.Collect$$rtentry$$00000000)
    .ARM.Collect$$rtentry$$00000002          0x00000128   Section        0  __rtentry2.o(.ARM.Collect$$rtentry$$00000002)
    .ARM.Collect$$rtentry$$00000004          0x00000128   Section        6  __rtentry4.o(.ARM.Collect$$rtentry$$00000004)
    .ARM.Collect$$rtentry$$00000008          0x0000012e   Section        8  __rtentry2.o(.ARM.Collect$$rtentry$$00000008)
    .ARM.Collect$$rtentry$$0000000A          0x00000136   Section        4  __rtentry2.o(.ARM.Collect$$rtentry$$0000000A)
    .ARM.Collect$$rtentry$$0000000C          0x0000013a   Section        0  __rtentry2.o(.ARM.Collect$$rtentry$$0000000C)
    .ARM.Collect$$rtentry$$0000000D          0x0000013a   Section        8  __rtentry2.o(.ARM.Collect$$rtentry$$0000000D)
    .ARM.Collect$$rtexit$$00000000           0x00000142   Section        2  rtexit.o(.ARM.Collect$$rtexit$$00000000)
    .ARM.Collect$$rtexit$$00000002           0x00000144   Section        0  rtexit2.o(.ARM.Collect$$rtexit$$00000002)
    .ARM.Collect$$rtexit$$00000003           0x00000144   Section        4  rtexit2.o(.ARM.Collect$$rtexit$$00000003)
    .ARM.Collect$$rtexit$$00000004           0x00000148   Section        6  rtexit2.o(.ARM.Collect$$rtexit$$00000004)
    .emb_text                                0x00000150   Section       56  rt_memcpy.o(.emb_text)
    .text                                    0x00000188   Section       64  startup_mkl25z4.o(.text)
    .text                                    0x000001c8   Section      164  irq_cm0.o(.text)
    .text                                    0x0000026c   Section        0  rt_memcpy.o(.text)
    .text                                    0x000002ee   Section        0  rt_memclr.o(.text)
    .text                                    0x0000032e   Section        0  heapauxi.o(.text)
    .text                                    0x00000334   Section       62  sys_stackheap_outer.o(.text)
    .text                                    0x00000372   Section        0  exit.o(.text)
    .text                                    0x00000384   Section        8  libspace.o(.text)
    .text                                    0x0000038c   Section        0  sys_exit.o(.text)
    .text                                    0x00000398   Section        2  use_no_semi.o(.text)
    .text                                    0x0000039a   Section        0  __dczerorl.o(.text)
    .text                                    0x0000039a   Section        0  indicate_semi.o(.text)
    [Anonymous Symbol]                       0x000003d4   Section        0  rtx_msgqueue.o(.text.MessageQueueRemove)
    MessageQueueRemove                       0x000003d5   Thumb Code    30  rtx_msgqueue.o(.text.MessageQueueRemove)
    [Anonymous Symbol]                       0x000003f4   Section        0  os_systick.o(.text.OS_Tick_AcknowledgeIRQ)
    __arm_cp.3_0                             0x000003fc   Number         4  os_systick.o(.text.OS_Tick_AcknowledgeIRQ)
    .ARM.__at_0x400                          0x00000400   Section       16  startup_mkl25z4.o(.ARM.__at_0x400)
    .text                                    0x00000410   Section      346  aeabi_sdiv.o(.text)
    [Anonymous Symbol]                       0x0000056a   Section        0  rtx_msgqueue.o(.text.MessageQueueGet)
    MessageQueueGet                          0x0000056b   Thumb Code    74  rtx_msgqueue.o(.text.MessageQueueGet)
    [Anonymous Symbol]                       0x000005b4   Section        0  rtx_msgqueue.o(.text.MessageQueuePut)
    MessageQueuePut                          0x000005b5   Thumb Code    98  rtx_msgqueue.o(.text.MessageQueuePut)
    [Anonymous Symbol]                       0x00000618   Section        0  os_systick.o(.text.OS_Tick_Enable)
    __arm_cp.1_0                             0x00000638   Number         4  os_systick.o(.text.OS_Tick_Enable)
    __arm_cp.1_1                             0x0000063c   Number         4  os_systick.o(.text.OS_Tick_Enable)
    __arm_cp.1_2                             0x00000640   Number         4  os_systick.o(.text.OS_Tick_Enable)
    [Anonymous Symbol]                       0x00000644   Section        0  os_systick.o(.text.OS_Tick_GetIRQn)
    [Anonymous Symbol]                       0x0000064c   Section        0  os_systick.o(.text.OS_Tick_Setup)
    __arm_cp.0_0                             0x00000688   Number         4  os_systick.o(.text.OS_Tick_Setup)
    __arm_cp.0_1                             0x0000068c   Number         4  os_systick.o(.text.OS_Tick_Setup)
    __arm_cp.0_2                             0x00000690   Number         4  os_systick.o(.text.OS_Tick_Setup)
    __arm_cp.0_3                             0x00000694   Number         4  os_systick.o(.text.OS_Tick_Setup)
    [Anonymous Symbol]                       0x00000698   Section        0  rtx_thread.o(.text.ThreadFlagsCheck)
    ThreadFlagsCheck                         0x00000699   Thumb Code    92  rtx_thread.o(.text.ThreadFlagsCheck)
    [Anonymous Symbol]                       0x000006f4   Section        0  rtx_timer.o(.text.TimerInsert)
    TimerInsert                              0x000006f5   Thumb Code    76  rtx_timer.o(.text.TimerInsert)
    __arm_cp.8_0                             0x0000073c   Number         4  rtx_timer.o(.text.TimerInsert)
    [Anonymous Symbol]                       0x00000740   Section        0  rtx_delay.o(.text.osDelay)
    __arm_cp.0_0                             0x00000764   Number         4  rtx_delay.o(.text.osDelay)
    [Anonymous Symbol]                       0x00000768   Section        0  rtx_kernel.o(.text.osKernelGetState)
    __arm_cp.4_0                             0x00000790   Number         4  rtx_kernel.o(.text.osKernelGetState)
    __arm_cp.4_1                             0x00000794   Number         4  rtx_kernel.o(.text.osKernelGetState)
    [Anonymous Symbol]                       0x00000798   Section        0  rtx_kernel.o(.text.osKernelInitialize)
    __arm_cp.1_0                             0x000007bc   Number         4  rtx_kernel.o(.text.osKernelInitialize)
    [Anonymous Symbol]                       0x000007c0   Section        0  rtx_kernel.o(.text.osKernelStart)
    __arm_cp.6_0                             0x000007e0   Number         4  rtx_kernel.o(.text.osKernelStart)
    [Anonymous Symbol]                       0x000007e4   Section        0  rtx_msgqueue.o(.text.osMessageQueueGet)
    __arm_cp.3_0                             0x00000854   Number         4  rtx_msgqueue.o(.text.osMessageQueueGet)
    [Anonymous Symbol]                       0x00000858   Section        0  rtx_msgqueue.o(.text.osMessageQueueNew)
    __arm_cp.0_0                             0x00000878   Number         4  rtx_msgqueue.o(.text.osMessageQueueNew)
    [Anonymous Symbol]                       0x0000087c   Section        0  rtx_msgqueue.o(.text.osMessageQueuePut)
    __arm_cp.2_0                             0x000008ec   Number         4  rtx_msgqueue.o(.text.osMessageQueuePut)
    [Anonymous Symbol]                       0x000008f0   Section        0  rtx_mutex.o(.text.osMutexAcquire)
    __arm_cp.4_0                             0x00000914   Number         4  rtx_mutex.o(.text.osMutexAcquire)
    [Anonymous Symbol]                       0x00000918   Section        0  rtx_mutex.o(.text.osMutexDelete)
    __arm_cp.7_0                             0x0000093c   Number         4  rtx_mutex.o(.text.osMutexDelete)
    [Anonymous Symbol]                       0x00000940   Section        0  rtx_mutex.o(.text.osMutexNew)
    __arm_cp.2_0                             0x00000960   Number         4  rtx_mutex.o(.text.osMutexNew)
    [Anonymous Symbol]                       0x00000964   Section        0  rtx_mutex.o(.text.osMutexRelease)
    __arm_cp.5_0                             0x00000988   Number         4  rtx_mutex.o(.text.osMutexRelease)
    [Anonymous Symbol]                       0x0000098c   Section        0  rtx_kernel.o(.text.osRtxKernelPreInit)
    [Anonymous Symbol]                       0x0000098e   Section        0  rtx_memory.o(.text.osRtxMemoryAlloc)
    [Anonymous Symbol]                       0x00000a08   Section        0  rtx_memory.o(.text.osRtxMemoryFree)
    [Anonymous Symbol]                       0x00000a56   Section        0  rtx_memory.o(.text.osRtxMemoryInit)
    [Anonymous Symbol]                       0x00000a86   Section        0  rtx_mempool.o(.text.osRtxMemoryPoolAlloc)
    [Anonymous Symbol]                       0x00000ab4   Section        0  rtx_mempool.o(.text.osRtxMemoryPoolFree)
    [Anonymous Symbol]                       0x00000aee   Section        0  rtx_mempool.o(.text.osRtxMemoryPoolInit)
    [Anonymous Symbol]                       0x00000b2a   Section        0  rtx_msgqueue.o(.text.osRtxMessageQueuePostProcess)
    osRtxMessageQueuePostProcess             0x00000b2b   Thumb Code   188  rtx_msgqueue.o(.text.osRtxMessageQueuePostProcess)
    [Anonymous Symbol]                       0x00000be6   Section        0  rtx_mutex.o(.text.osRtxMutexOwnerRelease)
    [Anonymous Symbol]                       0x00000c2a   Section        0  rtx_mutex.o(.text.osRtxMutexOwnerRestore)
    [Anonymous Symbol]                       0x00000c6c   Section        0  rtx_system.o(.text.osRtxPendSV_Handler)
    __arm_cp.1_0                             0x00000cec   Number         4  rtx_system.o(.text.osRtxPendSV_Handler)
    [Anonymous Symbol]                       0x00000cf0   Section        0  rtx_system.o(.text.osRtxPostProcess)
    __arm_cp.2_0                             0x00000d58   Number         4  rtx_system.o(.text.osRtxPostProcess)
    __arm_cp.2_1                             0x00000d5c   Number         4  rtx_system.o(.text.osRtxPostProcess)
    [Anonymous Symbol]                       0x00000d60   Section        0  rtx_thread.o(.text.osRtxThreadBlock)
    osRtxThreadBlock                         0x00000d61   Thumb Code    56  rtx_thread.o(.text.osRtxThreadBlock)
    __arm_cp.11_0                            0x00000d94   Number         4  rtx_thread.o(.text.osRtxThreadBlock)
    [Anonymous Symbol]                       0x00000d98   Section        0  rtx_thread.o(.text.osRtxThreadDelayInsert)
    osRtxThreadDelayInsert                   0x00000d99   Thumb Code   124  rtx_thread.o(.text.osRtxThreadDelayInsert)
    __arm_cp.15_0                            0x00000e10   Number         4  rtx_thread.o(.text.osRtxThreadDelayInsert)
    [Anonymous Symbol]                       0x00000e14   Section        0  rtx_thread.o(.text.osRtxThreadDelayRemove)
    osRtxThreadDelayRemove                   0x00000e15   Thumb Code    68  rtx_thread.o(.text.osRtxThreadDelayRemove)
    __arm_cp.13_0                            0x00000e54   Number         4  rtx_thread.o(.text.osRtxThreadDelayRemove)
    [Anonymous Symbol]                       0x00000e58   Section        0  rtx_thread.o(.text.osRtxThreadDelayTick)
    __arm_cp.5_0                             0x00000ea8   Number         4  rtx_thread.o(.text.osRtxThreadDelayTick)
    [Anonymous Symbol]                       0x00000eac   Section        0  rtx_thread.o(.text.osRtxThreadDispatch)
    __arm_cp.10_0                            0x00000ef8   Number         4  rtx_thread.o(.text.osRtxThreadDispatch)
    [Anonymous Symbol]                       0x00000efc   Section        0  rtx_thread.o(.text.osRtxThreadFree)
    osRtxThreadFree                          0x00000efd   Thumb Code    84  rtx_thread.o(.text.osRtxThreadFree)
    __arm_cp.53_0                            0x00000f4c   Number         4  rtx_thread.o(.text.osRtxThreadFree)
    [Anonymous Symbol]                       0x00000f50   Section        0  rtx_thread.o(.text.osRtxThreadListGet)
    [Anonymous Symbol]                       0x00000f64   Section        0  rtx_thread.o(.text.osRtxThreadListPut)
    [Anonymous Symbol]                       0x00000f90   Section        0  rtx_thread.o(.text.osRtxThreadListRemove)
    [Anonymous Symbol]                       0x00000fa8   Section        0  rtx_thread.o(.text.osRtxThreadListRoot)
    osRtxThreadListRoot                      0x00000fa9   Thumb Code    12  rtx_thread.o(.text.osRtxThreadListRoot)
    [Anonymous Symbol]                       0x00000fb4   Section        0  rtx_thread.o(.text.osRtxThreadListSort)
    [Anonymous Symbol]                       0x00000fd8   Section        0  rtx_thread.o(.text.osRtxThreadPostProcess)
    osRtxThreadPostProcess                   0x00000fd9   Thumb Code    38  rtx_thread.o(.text.osRtxThreadPostProcess)
    [Anonymous Symbol]                       0x00001000   Section        0  rtx_thread.o(.text.osRtxThreadReadyPut)
    __arm_cp.4_0                             0x00001014   Number         4  rtx_thread.o(.text.osRtxThreadReadyPut)
    [Anonymous Symbol]                       0x00001018   Section        0  rtx_thread.o(.text.osRtxThreadRegPtr)
    [Anonymous Symbol]                       0x00001020   Section        0  rtx_thread.o(.text.osRtxThreadStackCheck)
    __arm_cp.9_0                             0x00001044   Number         4  rtx_thread.o(.text.osRtxThreadStackCheck)
    __arm_cp.9_1                             0x00001048   Number         4  rtx_thread.o(.text.osRtxThreadStackCheck)
    [Anonymous Symbol]                       0x0000104c   Section        0  rtx_thread.o(.text.osRtxThreadStartup)
    __arm_cp.16_0                            0x0000107c   Number         4  rtx_thread.o(.text.osRtxThreadStartup)
    __arm_cp.16_1                            0x00001080   Number         4  rtx_thread.o(.text.osRtxThreadStartup)
    __arm_cp.16_2                            0x00001084   Number         4  rtx_thread.o(.text.osRtxThreadStartup)
    __arm_cp.16_3                            0x00001088   Number         4  rtx_thread.o(.text.osRtxThreadStartup)
    [Anonymous Symbol]                       0x0000108c   Section        0  rtx_thread.o(.text.osRtxThreadSwitch)
    __arm_cp.8_0                             0x0000109c   Number         4  rtx_thread.o(.text.osRtxThreadSwitch)
    [Anonymous Symbol]                       0x000010a0   Section        0  rtx_thread.o(.text.osRtxThreadWaitEnter)
    __arm_cp.14_0                            0x000010d8   Number         4  rtx_thread.o(.text.osRtxThreadWaitEnter)
    [Anonymous Symbol]                       0x000010dc   Section        0  rtx_thread.o(.text.osRtxThreadWaitExit)
    [Anonymous Symbol]                       0x00001100   Section        0  rtx_system.o(.text.osRtxTick_Handler)
    __arm_cp.0_0                             0x00001170   Number         4  rtx_system.o(.text.osRtxTick_Handler)
    [Anonymous Symbol]                       0x00001174   Section        0  rtx_timer.o(.text.osRtxTimerThread)
    __arm_cp.0_0                             0x000011a4   Number         4  rtx_timer.o(.text.osRtxTimerThread)
    __arm_cp.0_1                             0x000011a8   Number         4  rtx_timer.o(.text.osRtxTimerThread)
    __arm_cp.0_2                             0x000011ac   Number         4  rtx_timer.o(.text.osRtxTimerThread)
    [Anonymous Symbol]                       0x000011b0   Section        0  rtx_timer.o(.text.osRtxTimerTick)
    osRtxTimerTick                           0x000011b1   Thumb Code    96  rtx_timer.o(.text.osRtxTimerTick)
    __arm_cp.1_0                             0x0000120c   Number         4  rtx_timer.o(.text.osRtxTimerTick)
    [Anonymous Symbol]                       0x00001210   Section        0  rtx_thread.o(.text.osThreadExit)
    __arm_cp.32_0                            0x00001218   Number         4  rtx_thread.o(.text.osThreadExit)
    [Anonymous Symbol]                       0x0000121c   Section        0  rtx_thread.o(.text.osThreadNew)
    __arm_cp.18_0                            0x0000123c   Number         4  rtx_thread.o(.text.osThreadNew)
    [Anonymous Symbol]                       0x00001240   Section        0  rtx_delay.o(.text.svcRtxDelay)
    svcRtxDelay                              0x00001241   Thumb Code    18  rtx_delay.o(.text.svcRtxDelay)
    [Anonymous Symbol]                       0x00001254   Section        0  rtx_kernel.o(.text.svcRtxKernelGetState)
    svcRtxKernelGetState                     0x00001255   Thumb Code    12  rtx_kernel.o(.text.svcRtxKernelGetState)
    __arm_cp.5_0                             0x0000125c   Number         4  rtx_kernel.o(.text.svcRtxKernelGetState)
    [Anonymous Symbol]                       0x00001260   Section        0  rtx_kernel.o(.text.svcRtxKernelInitialize)
    svcRtxKernelInitialize                   0x00001261   Thumb Code   332  rtx_kernel.o(.text.svcRtxKernelInitialize)
    __arm_cp.20_0                            0x000013a0   Number         4  rtx_kernel.o(.text.svcRtxKernelInitialize)
    __arm_cp.20_1                            0x000013a4   Number         4  rtx_kernel.o(.text.svcRtxKernelInitialize)
    __arm_cp.20_2                            0x000013a8   Number         4  rtx_kernel.o(.text.svcRtxKernelInitialize)
    [Anonymous Symbol]                       0x000013ac   Section        0  rtx_kernel.o(.text.svcRtxKernelStart)
    svcRtxKernelStart                        0x000013ad   Thumb Code   128  rtx_kernel.o(.text.svcRtxKernelStart)
    __arm_cp.21_0                            0x0000141c   Number         4  rtx_kernel.o(.text.svcRtxKernelStart)
    __arm_cp.21_1                            0x00001420   Number         4  rtx_kernel.o(.text.svcRtxKernelStart)
    __arm_cp.21_2                            0x00001424   Number         4  rtx_kernel.o(.text.svcRtxKernelStart)
    __arm_cp.21_3                            0x00001428   Number         4  rtx_kernel.o(.text.svcRtxKernelStart)
    [Anonymous Symbol]                       0x0000142c   Section        0  rtx_msgqueue.o(.text.svcRtxMessageQueueGet)
    svcRtxMessageQueueGet                    0x0000142d   Thumb Code   228  rtx_msgqueue.o(.text.svcRtxMessageQueueGet)
    __arm_cp.21_0                            0x0000150c   Number         4  rtx_msgqueue.o(.text.svcRtxMessageQueueGet)
    [Anonymous Symbol]                       0x00001510   Section        0  rtx_msgqueue.o(.text.svcRtxMessageQueueNew)
    svcRtxMessageQueueNew                    0x00001511   Thumb Code   484  rtx_msgqueue.o(.text.svcRtxMessageQueueNew)
    __arm_cp.14_0                            0x000016dc   Number         4  rtx_msgqueue.o(.text.svcRtxMessageQueueNew)
    __arm_cp.14_1                            0x000016e0   Number         4  rtx_msgqueue.o(.text.svcRtxMessageQueueNew)
    __arm_cp.14_2                            0x000016e4   Number         4  rtx_msgqueue.o(.text.svcRtxMessageQueueNew)
    __arm_cp.14_3                            0x000016e8   Number         4  rtx_msgqueue.o(.text.svcRtxMessageQueueNew)
    __arm_cp.14_4                            0x000016ec   Number         4  rtx_msgqueue.o(.text.svcRtxMessageQueueNew)
    __arm_cp.14_5                            0x000016f0   Number         4  rtx_msgqueue.o(.text.svcRtxMessageQueueNew)
    [Anonymous Symbol]                       0x000016f4   Section        0  rtx_msgqueue.o(.text.svcRtxMessageQueuePut)
    svcRtxMessageQueuePut                    0x000016f5   Thumb Code   184  rtx_msgqueue.o(.text.svcRtxMessageQueuePut)
    __arm_cp.19_0                            0x000017a8   Number         4  rtx_msgqueue.o(.text.svcRtxMessageQueuePut)
    [Anonymous Symbol]                       0x000017ac   Section        0  rtx_mutex.o(.text.svcRtxMutexAcquire)
    svcRtxMutexAcquire                       0x000017ad   Thumb Code   152  rtx_mutex.o(.text.svcRtxMutexAcquire)
    __arm_cp.10_0                            0x00001840   Number         4  rtx_mutex.o(.text.svcRtxMutexAcquire)
    [Anonymous Symbol]                       0x00001844   Section        0  rtx_mutex.o(.text.svcRtxMutexDelete)
    svcRtxMutexDelete                        0x00001845   Thumb Code   184  rtx_mutex.o(.text.svcRtxMutexDelete)
    __arm_cp.13_0                            0x000018f8   Number         4  rtx_mutex.o(.text.svcRtxMutexDelete)
    [Anonymous Symbol]                       0x000018fc   Section        0  rtx_mutex.o(.text.svcRtxMutexNew)
    svcRtxMutexNew                           0x000018fd   Thumb Code   112  rtx_mutex.o(.text.svcRtxMutexNew)
    __arm_cp.8_0                             0x00001968   Number         4  rtx_mutex.o(.text.svcRtxMutexNew)
    [Anonymous Symbol]                       0x0000196c   Section        0  rtx_mutex.o(.text.svcRtxMutexRelease)
    svcRtxMutexRelease                       0x0000196d   Thumb Code   188  rtx_mutex.o(.text.svcRtxMutexRelease)
    __arm_cp.11_0                            0x00001a24   Number         4  rtx_mutex.o(.text.svcRtxMutexRelease)
    [Anonymous Symbol]                       0x00001a28   Section        0  rtx_thread.o(.text.svcRtxThreadExit)
    svcRtxThreadExit                         0x00001a29   Thumb Code   108  rtx_thread.o(.text.svcRtxThreadExit)
    __arm_cp.55_0                            0x00001a90   Number         4  rtx_thread.o(.text.svcRtxThreadExit)
    [Anonymous Symbol]                       0x00001a94   Section        0  rtx_thread.o(.text.svcRtxThreadNew)
    svcRtxThreadNew                          0x00001a95   Thumb Code   516  rtx_thread.o(.text.svcRtxThreadNew)
    __arm_cp.17_0                            0x00001c80   Number         4  rtx_thread.o(.text.svcRtxThreadNew)
    __arm_cp.17_1                            0x00001c84   Number         4  rtx_thread.o(.text.svcRtxThreadNew)
    __arm_cp.17_2                            0x00001c88   Number         4  rtx_thread.o(.text.svcRtxThreadNew)
    __arm_cp.17_3                            0x00001c8c   Number         4  rtx_thread.o(.text.svcRtxThreadNew)
    __arm_cp.17_4                            0x00001c90   Number         4  rtx_thread.o(.text.svcRtxThreadNew)
    __arm_cp.17_5                            0x00001c94   Number         4  rtx_thread.o(.text.svcRtxThreadNew)
    i.AnalogInputEnable                      0x00001c98   Section        0  gpio.o(i.AnalogInputEnable)
    i.AnalogOutputEnable                     0x00001d68   Section        0  gpio.o(i.AnalogOutputEnable)
    i.AnalogReadPin                          0x00001db4   Section        0  gpio.o(i.AnalogReadPin)
    i.AnalogWritePin                         0x00001f90   Section        0  gpio.o(i.AnalogWritePin)
    i.ChooseTrack                            0x00001fa4   Section        0  music.o(i.ChooseTrack)
    i.ClockToPort                            0x00001fb0   Section        0  gpio.o(i.ClockToPort)
    i.ClockToPorts                           0x0000201c   Section        0  gpio.o(i.ClockToPorts)
    i.DigitalWritePin                        0x0000203e   Section        0  gpio.o(i.DigitalWritePin)
    i.DriveChannel                           0x00002050   Section        0  chassis.o(i.DriveChannel)
    i.GetFrequencyFromTPM                    0x00002100   Section        0  chassis.o(i.GetFrequencyFromTPM)
    i.GetPeriod                              0x0000213c   Section        0  tpm.o(i.GetPeriod)
    i.GetPrefactorFromTPM                    0x00002158   Section        0  chassis.o(i.GetPrefactorFromTPM)
    i.GetTPMFromChannel                      0x00002194   Section        0  chassis.o(i.GetTPMFromChannel)
    i.Init                                   0x000021d6   Section        0  init.o(i.Init)
    i.InitChassis                            0x000021fc   Section        0  chassis.o(i.InitChassis)
    i.InitGPIO                               0x0000220c   Section        0  init.o(i.InitGPIO)
    i.InitInterrupt                          0x00002270   Section        0  init.o(i.InitInterrupt)
    i.InitMusic                              0x000022b4   Section        0  music.o(i.InitMusic)
    i.InitPIT                                0x000022c8   Section        0  pit.o(i.InitPIT)
    i.InitTPM                                0x0000233c   Section        0  tpm.o(i.InitTPM)
    i.InitTPMs                               0x00002568   Section        0  tpm.o(i.InitTPMs)
    i.MusicNextSignal                        0x00002580   Section        0  music.o(i.MusicNextSignal)
    i.PIT_IRQHandler                         0x00002844   Section        0  pit.o(i.PIT_IRQHandler)
    i.SelectPinFunction                      0x00002894   Section        0  gpio.o(i.SelectPinFunction)
    i.SelectPinsFunctions                    0x000028a4   Section        0  gpio.o(i.SelectPinsFunctions)
    i.SetPinDirection                        0x000028d6   Section        0  gpio.o(i.SetPinDirection)
    i.SetPinsDirections                      0x000028e8   Section        0  gpio.o(i.SetPinsDirections)
    i.SystemCoreClockUpdate                  0x00002920   Section        0  system_mkl25z4.o(i.SystemCoreClockUpdate)
    i.SystemInit                             0x00002ab0   Section        0  system_mkl25z4.o(i.SystemInit)
    i.TPM_Modulate                           0x00002be8   Section        0  tpm.o(i.TPM_Modulate)
    i.__ARM_common_switch8                   0x00002c48   Section        0  gpio.o(i.__ARM_common_switch8)
    i.__NVIC_SetPriority                     0x00002c64   Section        0  init.o(i.__NVIC_SetPriority)
    __NVIC_SetPriority                       0x00002c65   Thumb Code   110  init.o(i.__NVIC_SetPriority)
    i._mutex_acquire                         0x00002cdc   Section        0  rtx_lib.o(i._mutex_acquire)
    __tagsym$$used                           0x00002cdd   Number         0  rtx_lib.o(i._mutex_acquire)
    i._mutex_free                            0x00002cf4   Section        0  rtx_lib.o(i._mutex_free)
    __tagsym$$used                           0x00002cf5   Number         0  rtx_lib.o(i._mutex_free)
    i._mutex_initialize                      0x00002d00   Section        0  rtx_lib.o(i._mutex_initialize)
    __tagsym$$used                           0x00002d01   Number         0  rtx_lib.o(i._mutex_initialize)
    i._mutex_release                         0x00002d24   Section        0  rtx_lib.o(i._mutex_release)
    __tagsym$$used                           0x00002d25   Number         0  rtx_lib.o(i._mutex_release)
    i._platform_post_stackheap_init          0x00002d38   Section        0  rtx_lib.o(i._platform_post_stackheap_init)
    i.analogWritePin                         0x00002d40   Section        0  gpio.o(i.analogWritePin)
    i.digitalWritePin                        0x00002d60   Section        0  gpio.o(i.digitalWritePin)
    i.main                                   0x00002e4c   Section        0  main.o(i.main)
    i.osRtxErrorNotify                       0x00002e74   Section        0  rtx_config.o(i.osRtxErrorNotify)
    i.osRtxIdleThread                        0x00002e96   Section        0  rtx_config.o(i.osRtxIdleThread)
    i.os_kernel_is_active                    0x00002e9c   Section        0  rtx_lib.o(i.os_kernel_is_active)
    os_kernel_is_active                      0x00002e9d   Thumb Code    30  rtx_lib.o(i.os_kernel_is_active)
    i.selectPinFunction                      0x00002ec0   Section        0  gpio.o(i.selectPinFunction)
    i.setPinDirection                        0x00002fe4   Section        0  gpio.o(i.setPinDirection)
    i.thread_analog_inputs                   0x000030d0   Section        0  threads.o(i.thread_analog_inputs)
    i.thread_chassis                         0x000030f0   Section        0  threads.o(i.thread_chassis)
    .constdata                               0x00003204   Section    35071  threads.o(.constdata)
    MUSIC_TRACK1                             0x00003204   Data       35000  threads.o(.constdata)
    MUSIC_TRACK2                             0x0000babc   Data          64  threads.o(.constdata)
    MUSIC_TRACK3                             0x0000bafc   Data           2  threads.o(.constdata)
    .constdata                               0x0000bb03   Section      119  pindefinitions.o(.constdata)
    .constdata                               0x0000bb7c   Section       42  constantdefinitions.o(.constdata)
    .constdata                               0x0000bba6   Section    35066  music.o(.constdata)
    MUSIC_TRACK1                             0x0000bba6   Data       35000  music.o(.constdata)
    MUSIC_TRACK2                             0x0001445e   Data          64  music.o(.constdata)
    MUSIC_TRACK3                             0x0001449e   Data           2  music.o(.constdata)
    .constdata                               0x000144a0   Section       11  chassis.o(.constdata)
    .constdata                               0x000144ac   Section      100  rtx_lib.o(.constdata)
    os_idle_thread_attr                      0x000144ac   Data          36  rtx_lib.o(.constdata)
    os_timer_thread_attr                     0x000144d0   Data          36  rtx_lib.o(.constdata)
    os_timer_mq_attr                         0x000144f4   Data          24  rtx_lib.o(.constdata)
    .constdata                               0x00014510   Section        1  irq_cm0.o(.constdata)
    .rodata                                  0x00014514   Section      160  rtx_lib.o(.rodata)
    __tagsym$$used                           0x00014514   Number         0  rtx_lib.o(.rodata)
    __tagsym$$used                           0x0001457c   Number         0  rtx_lib.o(.rodata)
    [Anonymous Symbol]                       0x000145b4   Section        0  rtx_kernel.o(.rodata.str1.4)
    .L.str                                   0x000145b4   Data          11  rtx_kernel.o(.rodata.str1.4)
    .bss.os                                  0x1ffff000   Section     8256  rtx_lib.o(.bss.os)
    os_mem                                   0x1ffff000   Data        8192  rtx_lib.o(.bss.os)
    os_isr_queue                             0x20001000   Data          64  rtx_lib.o(.bss.os)
    .bss.os.msgqueue.cb                      0x20001040   Section       52  rtx_lib.o(.bss.os.msgqueue.cb)
    os_timer_mq_cb                           0x20001040   Data          52  rtx_lib.o(.bss.os.msgqueue.cb)
    .bss.os.msgqueue.mem                     0x20001074   Section       80  rtx_lib.o(.bss.os.msgqueue.mem)
    os_timer_mq_data                         0x20001074   Data          80  rtx_lib.o(.bss.os.msgqueue.mem)
    .bss.os.thread.cb                        0x200010c4   Section      136  rtx_lib.o(.bss.os.thread.cb)
    os_idle_thread_cb                        0x200010c4   Data          68  rtx_lib.o(.bss.os.thread.cb)
    os_timer_thread_cb                       0x20001108   Data          68  rtx_lib.o(.bss.os.thread.cb)
    .bss.os.thread.stack                     0x20001150   Section     1024  rtx_lib.o(.bss.os.thread.stack)
    os_idle_thread_stack                     0x20001150   Data         512  rtx_lib.o(.bss.os.thread.stack)
    os_timer_thread_stack                    0x20001350   Data         512  rtx_lib.o(.bss.os.thread.stack)
    .data                                    0x20001550   Section       12  music.o(.data)
    .data                                    0x2000155c   Section        8  pit.o(.data)
    channel0_task                            0x2000155c   Data           4  pit.o(.data)
    channel1_task                            0x20001560   Data           4  pit.o(.data)
    .data                                    0x20001564   Section        5  rtx_lib.o(.data)
    os_kernel_active                         0x20001568   Data           1  rtx_lib.o(.data)
    .data                                    0x2000156c   Section        4  system_mkl25z4.o(.data)
    .bss                                     0x20001614   Section       96  libspace.o(.bss)
    [Anonymous Symbol]                       0x20001674   Section        0  os_systick.o(.bss.PendST)
    PendST                                   0x20001674   Data           1  os_systick.o(.bss.PendST)
    HEAP                                     0x20001678   Section        0  startup_mkl25z4.o(HEAP)
    STACK                                    0x20001678   Section      256  startup_mkl25z4.o(STACK)
    Heap_Mem                                 0x20001678   Data           0  startup_mkl25z4.o(HEAP)
    Stack_Mem                                0x20001678   Data         256  startup_mkl25z4.o(STACK)
    __initial_sp                             0x20001778   Data           0  startup_mkl25z4.o(STACK)

    Global Symbols

    Symbol Name                              Value     Ov Type        Size  Object(Section)

    BuildAttributes$$THM_ISAv3M$S$PE$A:L22$X:L11$S22$IEEE1$IW$~IW$USESV6$~STKCKD$USESV7$~SHL$OSPACE$ROPI$EBA8$UX$STANDARDLIB$REQ8$PRES8$EABIv2 0x00000000   Number         0  anon$$obj.o ABSOLUTE
    __ARM_use_no_argv                        0x00000000   Number         0  main.o ABSOLUTE
    __Vectors                                0x00000000   Data           4  startup_mkl25z4.o(RESET)
    .bss.os.evflags.cb$$Base                  - Undefined Weak Reference
    .bss.os.evflags.cb$$Limit                 - Undefined Weak Reference
    .bss.os.mempool.cb$$Base                  - Undefined Weak Reference
    .bss.os.mempool.cb$$Limit                 - Undefined Weak Reference
    .bss.os.mutex.cb$$Base                    - Undefined Weak Reference
    .bss.os.mutex.cb$$Limit                   - Undefined Weak Reference
    .bss.os.semaphore.cb$$Base                - Undefined Weak Reference
    .bss.os.semaphore.cb$$Limit               - Undefined Weak Reference
    .bss.os.timer.cb$$Base                    - Undefined Weak Reference
    .bss.os.timer.cb$$Limit                   - Undefined Weak Reference
    __ARM_exceptions_init                     - Undefined Weak Reference
    __alloca_initialize                       - Undefined Weak Reference
    __arm_fini_                               - Undefined Weak Reference
    __arm_preinit_                            - Undefined Weak Reference
    __cpp_initialize__aeabi_                  - Undefined Weak Reference
    __cxa_finalize                            - Undefined Weak Reference
    __rt_locale                               - Undefined Weak Reference
    __sigvec_lookup                           - Undefined Weak Reference
    _atexit_init                              - Undefined Weak Reference
    _call_atexit_fns                          - Undefined Weak Reference
    _clock_init                               - Undefined Weak Reference
    _fp_trap_init                             - Undefined Weak Reference
    _fp_trap_shutdown                         - Undefined Weak Reference
    _get_lc_collate                           - Undefined Weak Reference
    _get_lc_ctype                             - Undefined Weak Reference
    _get_lc_monetary                          - Undefined Weak Reference
    _get_lc_numeric                           - Undefined Weak Reference
    _get_lc_time                              - Undefined Weak Reference
    _getenv_init                              - Undefined Weak Reference
    _handle_redirection                       - Undefined Weak Reference
    _init_alloc                               - Undefined Weak Reference
    _init_user_alloc                          - Undefined Weak Reference
    _initio                                   - Undefined Weak Reference
    _rand_init                                - Undefined Weak Reference
    _signal_finish                            - Undefined Weak Reference
    _signal_init                              - Undefined Weak Reference
    _terminate_alloc                          - Undefined Weak Reference
    _terminate_user_alloc                     - Undefined Weak Reference
    _terminateio                              - Undefined Weak Reference
    __Vectors_End                            0x000000c0   Data           0  startup_mkl25z4.o(RESET)
    __Vectors_Size                           0x000000c0   Number         0  startup_mkl25z4.o ABSOLUTE
    __main                                   0x000000c1   Thumb Code     8  __main.o(!!!main)
    __scatterload                            0x000000c9   Thumb Code     0  __scatter.o(!!!scatter)
    __scatterload_rt2                        0x000000c9   Thumb Code    52  __scatter.o(!!!scatter)
    __scatterload_rt2_thumb_only             0x000000c9   Thumb Code     0  __scatter.o(!!!scatter)
    __scatterload_null                       0x000000d9   Thumb Code     0  __scatter.o(!!!scatter)
    __scatterload_zeroinit                   0x00000105   Thumb Code    28  __scatter_zi.o(!!handler_zi)
    __rt_lib_init                            0x00000121   Thumb Code     0  libinit.o(.ARM.Collect$$libinit$$00000000)
    __rt_lib_init_alloca_1                   0x00000123   Thumb Code     0  libinit2.o(.ARM.Collect$$libinit$$0000002E)
    __rt_lib_init_argv_1                     0x00000123   Thumb Code     0  libinit2.o(.ARM.Collect$$libinit$$0000002C)
    __rt_lib_init_atexit_1                   0x00000123   Thumb Code     0  libinit2.o(.ARM.Collect$$libinit$$0000001B)
    __rt_lib_init_clock_1                    0x00000123   Thumb Code     0  libinit2.o(.ARM.Collect$$libinit$$00000021)
    __rt_lib_init_cpp_1                      0x00000123   Thumb Code     0  libinit2.o(.ARM.Collect$$libinit$$00000032)
    __rt_lib_init_exceptions_1               0x00000123   Thumb Code     0  libinit2.o(.ARM.Collect$$libinit$$00000030)
    __rt_lib_init_fp_1                       0x00000123   Thumb Code     0  libinit2.o(.ARM.Collect$$libinit$$00000002)
    __rt_lib_init_fp_trap_1                  0x00000123   Thumb Code     0  libinit2.o(.ARM.Collect$$libinit$$0000001F)
    __rt_lib_init_getenv_1                   0x00000123   Thumb Code     0  libinit2.o(.ARM.Collect$$libinit$$00000023)
    __rt_lib_init_heap_1                     0x00000123   Thumb Code     0  libinit2.o(.ARM.Collect$$libinit$$0000000A)
    __rt_lib_init_lc_collate_1               0x00000123   Thumb Code     0  libinit2.o(.ARM.Collect$$libinit$$00000011)
    __rt_lib_init_lc_ctype_1                 0x00000123   Thumb Code     0  libinit2.o(.ARM.Collect$$libinit$$00000013)
    __rt_lib_init_lc_monetary_1              0x00000123   Thumb Code     0  libinit2.o(.ARM.Collect$$libinit$$00000015)
    __rt_lib_init_lc_numeric_1               0x00000123   Thumb Code     0  libinit2.o(.ARM.Collect$$libinit$$00000017)
    __rt_lib_init_lc_time_1                  0x00000123   Thumb Code     0  libinit2.o(.ARM.Collect$$libinit$$00000019)
    __rt_lib_init_preinit_1                  0x00000123   Thumb Code     0  libinit2.o(.ARM.Collect$$libinit$$00000004)
    __rt_lib_init_rand_1                     0x00000123   Thumb Code     0  libinit2.o(.ARM.Collect$$libinit$$0000000E)
    __rt_lib_init_return                     0x00000123   Thumb Code     0  libinit2.o(.ARM.Collect$$libinit$$00000033)
    __rt_lib_init_signal_1                   0x00000123   Thumb Code     0  libinit2.o(.ARM.Collect$$libinit$$0000001D)
    __rt_lib_init_stdio_1                    0x00000123   Thumb Code     0  libinit2.o(.ARM.Collect$$libinit$$00000025)
    __rt_lib_init_user_alloc_1               0x00000123   Thumb Code     0  libinit2.o(.ARM.Collect$$libinit$$0000000C)
    __rt_lib_shutdown                        0x00000125   Thumb Code     0  libshutdown.o(.ARM.Collect$$libshutdown$$00000000)
    __rt_lib_shutdown_cpp_1                  0x00000127   Thumb Code     0  libshutdown2.o(.ARM.Collect$$libshutdown$$00000004)
    __rt_lib_shutdown_fini_1                 0x00000127   Thumb Code     0  libshutdown2.o(.ARM.Collect$$libshutdown$$00000002)
    __rt_lib_shutdown_fp_trap_1              0x00000127   Thumb Code     0  libshutdown2.o(.ARM.Collect$$libshutdown$$00000009)
    __rt_lib_shutdown_heap_1                 0x00000127   Thumb Code     0  libshutdown2.o(.ARM.Collect$$libshutdown$$00000011)
    __rt_lib_shutdown_return                 0x00000127   Thumb Code     0  libshutdown2.o(.ARM.Collect$$libshutdown$$00000012)
    __rt_lib_shutdown_signal_1               0x00000127   Thumb Code     0  libshutdown2.o(.ARM.Collect$$libshutdown$$0000000C)
    __rt_lib_shutdown_stdio_1                0x00000127   Thumb Code     0  libshutdown2.o(.ARM.Collect$$libshutdown$$00000006)
    __rt_lib_shutdown_user_alloc_1           0x00000127   Thumb Code     0  libshutdown2.o(.ARM.Collect$$libshutdown$$0000000E)
    __rt_entry                               0x00000129   Thumb Code     0  __rtentry.o(.ARM.Collect$$rtentry$$00000000)
    __rt_entry_presh_1                       0x00000129   Thumb Code     0  __rtentry2.o(.ARM.Collect$$rtentry$$00000002)
    __rt_entry_sh                            0x00000129   Thumb Code     0  __rtentry4.o(.ARM.Collect$$rtentry$$00000004)
    __rt_entry_postsh_1                      0x0000012f   Thumb Code     0  __rtentry2.o(.ARM.Collect$$rtentry$$00000008)
    __rt_entry_li                            0x00000137   Thumb Code     0  __rtentry2.o(.ARM.Collect$$rtentry$$0000000A)
    __rt_entry_main                          0x0000013b   Thumb Code     0  __rtentry2.o(.ARM.Collect$$rtentry$$0000000D)
    __rt_entry_postli_1                      0x0000013b   Thumb Code     0  __rtentry2.o(.ARM.Collect$$rtentry$$0000000C)
    __rt_exit                                0x00000143   Thumb Code     0  rtexit.o(.ARM.Collect$$rtexit$$00000000)
    __rt_exit_ls                             0x00000145   Thumb Code     0  rtexit2.o(.ARM.Collect$$rtexit$$00000003)
    __rt_exit_prels_1                        0x00000145   Thumb Code     0  rtexit2.o(.ARM.Collect$$rtexit$$00000002)
    __rt_exit_exit                           0x00000149   Thumb Code     0  rtexit2.o(.ARM.Collect$$rtexit$$00000004)
    __aeabi_memcpy4                          0x00000151   Thumb Code    56  rt_memcpy.o(.emb_text)
    __aeabi_memcpy8                          0x00000151   Thumb Code     0  rt_memcpy.o(.emb_text)
    Reset_Handler                            0x00000189   Thumb Code    12  startup_mkl25z4.o(.text)
    NMI_Handler                              0x00000195   Thumb Code     2  startup_mkl25z4.o(.text)
    HardFault_Handler                        0x00000197   Thumb Code     2  startup_mkl25z4.o(.text)
    ADC0_IRQHandler                          0x0000019f   Thumb Code     0  startup_mkl25z4.o(.text)
    CMP0_IRQHandler                          0x0000019f   Thumb Code     0  startup_mkl25z4.o(.text)
    DAC0_IRQHandler                          0x0000019f   Thumb Code     0  startup_mkl25z4.o(.text)
    DMA0_IRQHandler                          0x0000019f   Thumb Code     0  startup_mkl25z4.o(.text)
    DMA1_IRQHandler                          0x0000019f   Thumb Code     0  startup_mkl25z4.o(.text)
    DMA2_IRQHandler                          0x0000019f   Thumb Code     0  startup_mkl25z4.o(.text)
    DMA3_IRQHandler                          0x0000019f   Thumb Code     0  startup_mkl25z4.o(.text)
    DefaultISR                               0x0000019f   Thumb Code     0  startup_mkl25z4.o(.text)
    FTFA_IRQHandler                          0x0000019f   Thumb Code     0  startup_mkl25z4.o(.text)
    I2C0_IRQHandler                          0x0000019f   Thumb Code     0  startup_mkl25z4.o(.text)
    I2C1_IRQHandler                          0x0000019f   Thumb Code     0  startup_mkl25z4.o(.text)
    LLWU_IRQHandler                          0x0000019f   Thumb Code     0  startup_mkl25z4.o(.text)
    LPTMR0_IRQHandler                        0x0000019f   Thumb Code     0  startup_mkl25z4.o(.text)
    LVD_LVW_IRQHandler                       0x0000019f   Thumb Code     0  startup_mkl25z4.o(.text)
    MCG_IRQHandler                           0x0000019f   Thumb Code     0  startup_mkl25z4.o(.text)
    PORTA_IRQHandler                         0x0000019f   Thumb Code     0  startup_mkl25z4.o(.text)
    PORTD_IRQHandler                         0x0000019f   Thumb Code     0  startup_mkl25z4.o(.text)
    RTC_IRQHandler                           0x0000019f   Thumb Code     0  startup_mkl25z4.o(.text)
    RTC_Seconds_IRQHandler                   0x0000019f   Thumb Code     0  startup_mkl25z4.o(.text)
    Reserved20_IRQHandler                    0x0000019f   Thumb Code     0  startup_mkl25z4.o(.text)
    Reserved39_IRQHandler                    0x0000019f   Thumb Code     0  startup_mkl25z4.o(.text)
    Reserved45_IRQHandler                    0x0000019f   Thumb Code     0  startup_mkl25z4.o(.text)
    SPI0_IRQHandler                          0x0000019f   Thumb Code     0  startup_mkl25z4.o(.text)
    SPI1_IRQHandler                          0x0000019f   Thumb Code     0  startup_mkl25z4.o(.text)
    TPM0_IRQHandler                          0x0000019f   Thumb Code     0  startup_mkl25z4.o(.text)
    TPM1_IRQHandler                          0x0000019f   Thumb Code     0  startup_mkl25z4.o(.text)
    TPM2_IRQHandler                          0x0000019f   Thumb Code     0  startup_mkl25z4.o(.text)
    TSI0_IRQHandler                          0x0000019f   Thumb Code     0  startup_mkl25z4.o(.text)
    UART0_IRQHandler                         0x0000019f   Thumb Code     0  startup_mkl25z4.o(.text)
    UART1_IRQHandler                         0x0000019f   Thumb Code     0  startup_mkl25z4.o(.text)
    UART2_IRQHandler                         0x0000019f   Thumb Code     0  startup_mkl25z4.o(.text)
    USB0_IRQHandler                          0x0000019f   Thumb Code     0  startup_mkl25z4.o(.text)
    __user_initial_stackheap                 0x000001a5   Thumb Code     0  startup_mkl25z4.o(.text)
    SVC_Handler                              0x000001c9   Thumb Code   132  irq_cm0.o(.text)
    PendSV_Handler                           0x0000024d   Thumb Code    12  irq_cm0.o(.text)
    SysTick_Handler                          0x00000259   Thumb Code    12  irq_cm0.o(.text)
    __aeabi_memcpy                           0x0000026d   Thumb Code   130  rt_memcpy.o(.text)
    __rt_memcpy                              0x0000026d   Thumb Code     0  rt_memcpy.o(.text)
    _memset_w                                0x000002ef   Thumb Code    26  rt_memclr.o(.text)
    _memset                                  0x00000309   Thumb Code    30  rt_memclr.o(.text)
    __aeabi_memclr                           0x00000327   Thumb Code     4  rt_memclr.o(.text)
    __rt_memclr                              0x00000327   Thumb Code     0  rt_memclr.o(.text)
    __aeabi_memclr4                          0x0000032b   Thumb Code     0  rt_memclr.o(.text)
    __aeabi_memclr8                          0x0000032b   Thumb Code     0  rt_memclr.o(.text)
    __rt_memclr_w                            0x0000032b   Thumb Code     4  rt_memclr.o(.text)
    __use_two_region_memory                  0x0000032f   Thumb Code     2  heapauxi.o(.text)
    __rt_heap_escrow$2region                 0x00000331   Thumb Code     2  heapauxi.o(.text)
    __rt_heap_expand$2region                 0x00000333   Thumb Code     2  heapauxi.o(.text)
    __user_setup_stackheap                   0x00000335   Thumb Code    62  sys_stackheap_outer.o(.text)
    exit                                     0x00000373   Thumb Code    16  exit.o(.text)
    __user_libspace                          0x00000385   Thumb Code     8  libspace.o(.text)
    __user_perproc_libspace                  0x00000385   Thumb Code     0  libspace.o(.text)
    _sys_exit                                0x0000038d   Thumb Code     8  sys_exit.o(.text)
    __I$use$semihosting                      0x00000399   Thumb Code     0  use_no_semi.o(.text)
    __use_no_semihosting_swi                 0x00000399   Thumb Code     2  use_no_semi.o(.text)
    __decompress                             0x0000039b   Thumb Code     0  __dczerorl.o(.text)
    __decompress0                            0x0000039b   Thumb Code    58  __dczerorl.o(.text)
    __semihosting_library_function           0x0000039b   Thumb Code     0  indicate_semi.o(.text)
    OS_Tick_AcknowledgeIRQ                   0x000003f5   Thumb Code    12  os_systick.o(.text.OS_Tick_AcknowledgeIRQ)
    __aeabi_uidiv                            0x00000411   Thumb Code     0  aeabi_sdiv.o(.text)
    __aeabi_uidivmod                         0x00000411   Thumb Code    20  aeabi_sdiv.o(.text)
    __aeabi_idiv                             0x00000425   Thumb Code     0  aeabi_sdiv.o(.text)
    __aeabi_idivmod                          0x00000425   Thumb Code   326  aeabi_sdiv.o(.text)
    OS_Tick_Enable                           0x00000619   Thumb Code    44  os_systick.o(.text.OS_Tick_Enable)
    OS_Tick_GetIRQn                          0x00000645   Thumb Code     6  os_systick.o(.text.OS_Tick_GetIRQn)
    OS_Tick_Setup                            0x0000064d   Thumb Code    76  os_systick.o(.text.OS_Tick_Setup)
    osDelay                                  0x00000741   Thumb Code    40  rtx_delay.o(.text.osDelay)
    osKernelGetState                         0x00000769   Thumb Code    48  rtx_kernel.o(.text.osKernelGetState)
    osKernelInitialize                       0x00000799   Thumb Code    40  rtx_kernel.o(.text.osKernelInitialize)
    osKernelStart                            0x000007c1   Thumb Code    36  rtx_kernel.o(.text.osKernelStart)
    osMessageQueueGet                        0x000007e5   Thumb Code   116  rtx_msgqueue.o(.text.osMessageQueueGet)
    osMessageQueueNew                        0x00000859   Thumb Code    36  rtx_msgqueue.o(.text.osMessageQueueNew)
    osMessageQueuePut                        0x0000087d   Thumb Code   116  rtx_msgqueue.o(.text.osMessageQueuePut)
    osMutexAcquire                           0x000008f1   Thumb Code    40  rtx_mutex.o(.text.osMutexAcquire)
    osMutexDelete                            0x00000919   Thumb Code    40  rtx_mutex.o(.text.osMutexDelete)
    osMutexNew                               0x00000941   Thumb Code    36  rtx_mutex.o(.text.osMutexNew)
    osMutexRelease                           0x00000965   Thumb Code    40  rtx_mutex.o(.text.osMutexRelease)
    osRtxKernelPreInit                       0x0000098d   Thumb Code     2  rtx_kernel.o(.text.osRtxKernelPreInit)
    osRtxMemoryAlloc                         0x0000098f   Thumb Code   122  rtx_memory.o(.text.osRtxMemoryAlloc)
    osRtxMemoryFree                          0x00000a09   Thumb Code    78  rtx_memory.o(.text.osRtxMemoryFree)
    osRtxMemoryInit                          0x00000a57   Thumb Code    48  rtx_memory.o(.text.osRtxMemoryInit)
    osRtxMemoryPoolAlloc                     0x00000a87   Thumb Code    46  rtx_mempool.o(.text.osRtxMemoryPoolAlloc)
    osRtxMemoryPoolFree                      0x00000ab5   Thumb Code    58  rtx_mempool.o(.text.osRtxMemoryPoolFree)
    osRtxMemoryPoolInit                      0x00000aef   Thumb Code    60  rtx_mempool.o(.text.osRtxMemoryPoolInit)
    osRtxMutexOwnerRelease                   0x00000be7   Thumb Code    68  rtx_mutex.o(.text.osRtxMutexOwnerRelease)
    osRtxMutexOwnerRestore                   0x00000c2b   Thumb Code    64  rtx_mutex.o(.text.osRtxMutexOwnerRestore)
    osRtxPendSV_Handler                      0x00000c6d   Thumb Code   132  rtx_system.o(.text.osRtxPendSV_Handler)
    osRtxPostProcess                         0x00000cf1   Thumb Code   112  rtx_system.o(.text.osRtxPostProcess)
    osRtxThreadDelayTick                     0x00000e59   Thumb Code    84  rtx_thread.o(.text.osRtxThreadDelayTick)
    osRtxThreadDispatch                      0x00000ead   Thumb Code    80  rtx_thread.o(.text.osRtxThreadDispatch)
    osRtxThreadListGet                       0x00000f51   Thumb Code    20  rtx_thread.o(.text.osRtxThreadListGet)
    osRtxThreadListPut                       0x00000f65   Thumb Code    44  rtx_thread.o(.text.osRtxThreadListPut)
    osRtxThreadListRemove                    0x00000f91   Thumb Code    24  rtx_thread.o(.text.osRtxThreadListRemove)
    osRtxThreadListSort                      0x00000fb5   Thumb Code    36  rtx_thread.o(.text.osRtxThreadListSort)
    osRtxThreadReadyPut                      0x00001001   Thumb Code    24  rtx_thread.o(.text.osRtxThreadReadyPut)
    osRtxThreadRegPtr                        0x00001019   Thumb Code     6  rtx_thread.o(.text.osRtxThreadRegPtr)
    osRtxThreadStackCheck                    0x00001021   Thumb Code    44  rtx_thread.o(.text.osRtxThreadStackCheck)
    osRtxThreadStartup                       0x0000104d   Thumb Code    64  rtx_thread.o(.text.osRtxThreadStartup)
    osRtxThreadSwitch                        0x0000108d   Thumb Code    20  rtx_thread.o(.text.osRtxThreadSwitch)
    osRtxThreadWaitEnter                     0x000010a1   Thumb Code    60  rtx_thread.o(.text.osRtxThreadWaitEnter)
    osRtxThreadWaitExit                      0x000010dd   Thumb Code    34  rtx_thread.o(.text.osRtxThreadWaitExit)
    osRtxTick_Handler                        0x00001101   Thumb Code   116  rtx_system.o(.text.osRtxTick_Handler)
    osRtxTimerThread                         0x00001175   Thumb Code    60  rtx_timer.o(.text.osRtxTimerThread)
    osThreadExit                             0x00001211   Thumb Code    12  rtx_thread.o(.text.osThreadExit)
    osThreadNew                              0x0000121d   Thumb Code    36  rtx_thread.o(.text.osThreadNew)
    AnalogInputEnable                        0x00001c99   Thumb Code   198  gpio.o(i.AnalogInputEnable)
    AnalogOutputEnable                       0x00001d69   Thumb Code    66  gpio.o(i.AnalogOutputEnable)
    AnalogReadPin                            0x00001db5   Thumb Code   472  gpio.o(i.AnalogReadPin)
    AnalogWritePin                           0x00001f91   Thumb Code    18  gpio.o(i.AnalogWritePin)
    ChooseTrack                              0x00001fa5   Thumb Code     6  music.o(i.ChooseTrack)
    ClockToPort                              0x00001fb1   Thumb Code   102  gpio.o(i.ClockToPort)
    ClockToPorts                             0x0000201d   Thumb Code    34  gpio.o(i.ClockToPorts)
    DigitalWritePin                          0x0000203f   Thumb Code    18  gpio.o(i.DigitalWritePin)
    DriveChannel                             0x00002051   Thumb Code   170  chassis.o(i.DriveChannel)
    GetFrequencyFromTPM                      0x00002101   Thumb Code    46  chassis.o(i.GetFrequencyFromTPM)
    GetPeriod                                0x0000213d   Thumb Code    22  tpm.o(i.GetPeriod)
    GetPrefactorFromTPM                      0x00002159   Thumb Code    46  chassis.o(i.GetPrefactorFromTPM)
    GetTPMFromChannel                        0x00002195   Thumb Code    66  chassis.o(i.GetTPMFromChannel)
    Init                                     0x000021d7   Thumb Code    36  init.o(i.Init)
    InitChassis                              0x000021fd   Thumb Code    10  chassis.o(i.InitChassis)
    InitGPIO                                 0x0000220d   Thumb Code    78  init.o(i.InitGPIO)
    InitInterrupt                            0x00002271   Thumb Code    60  init.o(i.InitInterrupt)
    InitMusic                                0x000022b5   Thumb Code    14  music.o(i.InitMusic)
    InitPIT                                  0x000022c9   Thumb Code    90  pit.o(i.InitPIT)
    InitTPM                                  0x0000233d   Thumb Code   516  tpm.o(i.InitTPM)
    InitTPMs                                 0x00002569   Thumb Code    24  tpm.o(i.InitTPMs)
    MusicNextSignal                          0x00002581   Thumb Code   648  music.o(i.MusicNextSignal)
    PIT_IRQHandler                           0x00002845   Thumb Code    64  pit.o(i.PIT_IRQHandler)
    SelectPinFunction                        0x00002895   Thumb Code    16  gpio.o(i.SelectPinFunction)
    SelectPinsFunctions                      0x000028a5   Thumb Code    50  gpio.o(i.SelectPinsFunctions)
    SetPinDirection                          0x000028d7   Thumb Code    18  gpio.o(i.SetPinDirection)
    SetPinsDirections                        0x000028e9   Thumb Code    54  gpio.o(i.SetPinsDirections)
    SystemCoreClockUpdate                    0x00002921   Thumb Code   372  system_mkl25z4.o(i.SystemCoreClockUpdate)
    SystemInit                               0x00002ab1   Thumb Code   266  system_mkl25z4.o(i.SystemInit)
    TPM_Modulate                             0x00002be9   Thumb Code    84  tpm.o(i.TPM_Modulate)
    __ARM_common_switch8                     0x00002c49   Thumb Code    28  gpio.o(i.__ARM_common_switch8)
    _mutex_acquire                           0x00002cdd   Thumb Code    24  rtx_lib.o(i._mutex_acquire)
    _mutex_free                              0x00002cf5   Thumb Code    12  rtx_lib.o(i._mutex_free)
    _mutex_initialize                        0x00002d01   Thumb Code    36  rtx_lib.o(i._mutex_initialize)
    _mutex_release                           0x00002d25   Thumb Code    20  rtx_lib.o(i._mutex_release)
    _platform_post_stackheap_init            0x00002d39   Thumb Code     8  rtx_lib.o(i._platform_post_stackheap_init)
    analogWritePin                           0x00002d41   Thumb Code    26  gpio.o(i.analogWritePin)
    digitalWritePin                          0x00002d61   Thumb Code   226  gpio.o(i.digitalWritePin)
    main                                     0x00002e4d   Thumb Code    32  main.o(i.main)
    osRtxErrorNotify                         0x00002e75   Thumb Code    34  rtx_config.o(i.osRtxErrorNotify)
    osRtxIdleThread                          0x00002e97   Thumb Code     4  rtx_config.o(i.osRtxIdleThread)
    selectPinFunction                        0x00002ec1   Thumb Code   272  gpio.o(i.selectPinFunction)
    setPinDirection                          0x00002fe5   Thumb Code   226  gpio.o(i.setPinDirection)
    thread_analog_inputs                     0x000030d1   Thumb Code    28  threads.o(i.thread_analog_inputs)
    thread_chassis                           0x000030f1   Thumb Code   244  threads.o(i.thread_chassis)
    ONBOARDLED_PIN_R                         0x0000bb03   Data           3  pindefinitions.o(.constdata)
    ONBOARDLED_PIN_G                         0x0000bb06   Data           3  pindefinitions.o(.constdata)
    ONBOARDLED_PIN_B                         0x0000bb09   Data           3  pindefinitions.o(.constdata)
    MUSIC_PIN                                0x0000bb0c   Data           3  pindefinitions.o(.constdata)
    PinLeftFrontForward                      0x0000bb0f   Data           3  pindefinitions.o(.constdata)
    PinLeftFrontBackward                     0x0000bb12   Data           3  pindefinitions.o(.constdata)
    LeftBackForward                          0x0000bb15   Data           3  pindefinitions.o(.constdata)
    LeftBackBackward                         0x0000bb18   Data           3  pindefinitions.o(.constdata)
    RightFrontForward                        0x0000bb1b   Data           3  pindefinitions.o(.constdata)
    RightFrontBackward                       0x0000bb1e   Data           3  pindefinitions.o(.constdata)
    RightBackForward                         0x0000bb21   Data           3  pindefinitions.o(.constdata)
    RightBackBackward                        0x0000bb24   Data           3  pindefinitions.o(.constdata)
    Ports                                    0x0000bb27   Data           5  pindefinitions.o(.constdata)
    InputPins                                0x0000bb2c   Data           6  pindefinitions.o(.constdata)
    MusicPins                                0x0000bb32   Data           6  pindefinitions.o(.constdata)
    OnboardLED_Pins                          0x0000bb38   Data          12  pindefinitions.o(.constdata)
    ExternalDAC_Pins                         0x0000bb44   Data          27  pindefinitions.o(.constdata)
    MotorPins                                0x0000bb5f   Data          27  pindefinitions.o(.constdata)
    ONBOARDLED_REFRESH_RESOLUTION_MS         0x0000bb7c   Data           1  constantdefinitions.o(.constdata)
    ONBOARDLED_BITS                          0x0000bb7d   Data           1  constantdefinitions.o(.constdata)
    ONBOARDLED_COLOR_CHANGE_TIME_MS          0x0000bb7e   Data           1  constantdefinitions.o(.constdata)
    MUSIC_SAMPLE_FREQUENCY                   0x0000bb80   Data           4  constantdefinitions.o(.constdata)
    MUSIC_INTERPOLATION_RATIO                0x0000bb84   Data           1  constantdefinitions.o(.constdata)
    PIT_PERIOD                               0x0000bb88   Data           4  constantdefinitions.o(.constdata)
    TPM_SHIFT_DIVIDER_CH0                    0x0000bb8c   Data           1  constantdefinitions.o(.constdata)
    TPM_FREQUENCY_CH0                        0x0000bb90   Data           4  constantdefinitions.o(.constdata)
    TPM_SHIFT_DIVIDER_CH1                    0x0000bb94   Data           1  constantdefinitions.o(.constdata)
    TPM_FREQUENCY_CH1                        0x0000bb98   Data           4  constantdefinitions.o(.constdata)
    TPM_SHIFT_DIVIDER_CH2                    0x0000bb9c   Data           1  constantdefinitions.o(.constdata)
    TPM_FREQUENCY_CH2                        0x0000bba0   Data           4  constantdefinitions.o(.constdata)
    ChassisMaxPower                          0x0000bba4   Data           2  constantdefinitions.o(.constdata)
    Chassis_LFF                              0x000144a0   Data           1  chassis.o(.constdata)
    Chassis_LFR                              0x000144a1   Data           1  chassis.o(.constdata)
    Chassis_LBF                              0x000144a2   Data           1  chassis.o(.constdata)
    Chassis_LBR                              0x000144a3   Data           1  chassis.o(.constdata)
    Chassis_RFF                              0x000144a4   Data           1  chassis.o(.constdata)
    Chassis_RFR                              0x000144a5   Data           1  chassis.o(.constdata)
    Chassis_RBF                              0x000144a6   Data           1  chassis.o(.constdata)
    Chassis_RBR                              0x000144a7   Data           1  chassis.o(.constdata)
    Chassis_TPMs                             0x000144a8   Data           3  chassis.o(.constdata)
    osRtxUserSVC                             0x0001450c   Data           4  rtx_lib.o(.constdata)
    irqRtxLib                                0x00014510   Data           1  irq_cm0.o(.constdata)
    osRtxConfig                              0x00014514   Data         104  rtx_lib.o(.rodata)
    os_cb_sections                           0x0001457c   Data          56  rtx_lib.o(.rodata)
    Region$$Table$$Base                      0x000145c0   Number         0  anon$$obj.o(Region$$Table)
    Region$$Table$$Limit                     0x000145e0   Number         0  anon$$obj.o(Region$$Table)
    .bss.os.msgqueue.cb$$Base                0x20001040   Number         0  rtx_lib.o(.bss.os.msgqueue.cb)
    .bss.os.msgqueue.cb$$Limit               0x20001074   Number         0  rtx_lib.o(.bss.os.msgqueue.cb)
    .bss.os.thread.cb$$Base                  0x200010c4   Number         0  rtx_lib.o(.bss.os.thread.cb)
    .bss.os.thread.cb$$Limit                 0x2000114c   Number         0  rtx_lib.o(.bss.os.thread.cb)
    MUSIC_CHOICE                             0x20001550   Data           1  music.o(.data)
    currentIndex                             0x20001552   Data           2  music.o(.data)
    currentSection                           0x20001554   Data           1  music.o(.data)
    interpolatePosition                      0x20001555   Data           1  music.o(.data)
    diff                                     0x20001556   Data           1  music.o(.data)
    value                                    0x20001557   Data           1  music.o(.data)
    nextValue                                0x20001558   Data           1  music.o(.data)
    nextIndex                                0x2000155a   Data           2  music.o(.data)
    irqRtxLibRef                             0x20001564   Data           4  rtx_lib.o(.data)
    SystemCoreClock                          0x2000156c   Data           4  system_mkl25z4.o(.data)
    osRtxInfo                                0x20001570   Data         164  rtx_kernel.o(.data.os)
    __libspace_start                         0x20001614   Data          96  libspace.o(.bss)
    __temporary_stack_top$libspace           0x20001674   Data           0  libspace.o(.bss)



==============================================================================

Memory Map of the image

  Image Entry point : 0x000000c1

  Load Region LR_IROM1 (Base: 0x00000000, Size: 0x00016bf4, Max: 0x00020000, ABSOLUTE, COMPRESSED[0x00014644])

    Execution Region ER_IROM1 (Exec base: 0x00000000, Load base: 0x00000000, Size: 0x000145e0, Max: 0x00020000, ABSOLUTE)

    Exec Addr    Load Addr    Size         Type   Attr      Idx    E Section Name        Object

    0x00000000   0x00000000   0x000000c0   Data   RO          672    RESET               startup_mkl25z4.o
    0x000000c0   0x000000c0   0x00000008   Code   RO         1194  * !!!main             c_p.l(__main.o)
    0x000000c8   0x000000c8   0x0000003c   Code   RO         1365    !!!scatter          c_p.l(__scatter.o)
    0x00000104   0x00000104   0x0000001c   Code   RO         1367    !!handler_zi        c_p.l(__scatter_zi.o)
    0x00000120   0x00000120   0x00000002   Code   RO         1230    .ARM.Collect$$libinit$$00000000  c_p.l(libinit.o)
    0x00000122   0x00000122   0x00000000   Code   RO         1244    .ARM.Collect$$libinit$$00000002  c_p.l(libinit2.o)
    0x00000122   0x00000122   0x00000000   Code   RO         1246    .ARM.Collect$$libinit$$00000004  c_p.l(libinit2.o)
    0x00000122   0x00000122   0x00000000   Code   RO         1249    .ARM.Collect$$libinit$$0000000A  c_p.l(libinit2.o)
    0x00000122   0x00000122   0x00000000   Code   RO         1251    .ARM.Collect$$libinit$$0000000C  c_p.l(libinit2.o)
    0x00000122   0x00000122   0x00000000   Code   RO         1253    .ARM.Collect$$libinit$$0000000E  c_p.l(libinit2.o)
    0x00000122   0x00000122   0x00000000   Code   RO         1256    .ARM.Collect$$libinit$$00000011  c_p.l(libinit2.o)
    0x00000122   0x00000122   0x00000000   Code   RO         1258    .ARM.Collect$$libinit$$00000013  c_p.l(libinit2.o)
    0x00000122   0x00000122   0x00000000   Code   RO         1260    .ARM.Collect$$libinit$$00000015  c_p.l(libinit2.o)
    0x00000122   0x00000122   0x00000000   Code   RO         1262    .ARM.Collect$$libinit$$00000017  c_p.l(libinit2.o)
    0x00000122   0x00000122   0x00000000   Code   RO         1264    .ARM.Collect$$libinit$$00000019  c_p.l(libinit2.o)
    0x00000122   0x00000122   0x00000000   Code   RO         1266    .ARM.Collect$$libinit$$0000001B  c_p.l(libinit2.o)
    0x00000122   0x00000122   0x00000000   Code   RO         1268    .ARM.Collect$$libinit$$0000001D  c_p.l(libinit2.o)
    0x00000122   0x00000122   0x00000000   Code   RO         1270    .ARM.Collect$$libinit$$0000001F  c_p.l(libinit2.o)
    0x00000122   0x00000122   0x00000000   Code   RO         1272    .ARM.Collect$$libinit$$00000021  c_p.l(libinit2.o)
    0x00000122   0x00000122   0x00000000   Code   RO         1274    .ARM.Collect$$libinit$$00000023  c_p.l(libinit2.o)
    0x00000122   0x00000122   0x00000000   Code   RO         1276    .ARM.Collect$$libinit$$00000025  c_p.l(libinit2.o)
    0x00000122   0x00000122   0x00000000   Code   RO         1280    .ARM.Collect$$libinit$$0000002C  c_p.l(libinit2.o)
    0x00000122   0x00000122   0x00000000   Code   RO         1282    .ARM.Collect$$libinit$$0000002E  c_p.l(libinit2.o)
    0x00000122   0x00000122   0x00000000   Code   RO         1284    .ARM.Collect$$libinit$$00000030  c_p.l(libinit2.o)
    0x00000122   0x00000122   0x00000000   Code   RO         1286    .ARM.Collect$$libinit$$00000032  c_p.l(libinit2.o)
    0x00000122   0x00000122   0x00000002   Code   RO         1287    .ARM.Collect$$libinit$$00000033  c_p.l(libinit2.o)
    0x00000124   0x00000124   0x00000002   Code   RO         1318    .ARM.Collect$$libshutdown$$00000000  c_p.l(libshutdown.o)
    0x00000126   0x00000126   0x00000000   Code   RO         1344    .ARM.Collect$$libshutdown$$00000002  c_p.l(libshutdown2.o)
    0x00000126   0x00000126   0x00000000   Code   RO         1346    .ARM.Collect$$libshutdown$$00000004  c_p.l(libshutdown2.o)
    0x00000126   0x00000126   0x00000000   Code   RO         1348    .ARM.Collect$$libshutdown$$00000006  c_p.l(libshutdown2.o)
    0x00000126   0x00000126   0x00000000   Code   RO         1351    .ARM.Collect$$libshutdown$$00000009  c_p.l(libshutdown2.o)
    0x00000126   0x00000126   0x00000000   Code   RO         1354    .ARM.Collect$$libshutdown$$0000000C  c_p.l(libshutdown2.o)
    0x00000126   0x00000126   0x00000000   Code   RO         1356    .ARM.Collect$$libshutdown$$0000000E  c_p.l(libshutdown2.o)
    0x00000126   0x00000126   0x00000000   Code   RO         1359    .ARM.Collect$$libshutdown$$00000011  c_p.l(libshutdown2.o)
    0x00000126   0x00000126   0x00000002   Code   RO         1360    .ARM.Collect$$libshutdown$$00000012  c_p.l(libshutdown2.o)
    0x00000128   0x00000128   0x00000000   Code   RO         1196    .ARM.Collect$$rtentry$$00000000  c_p.l(__rtentry.o)
    0x00000128   0x00000128   0x00000000   Code   RO         1202    .ARM.Collect$$rtentry$$00000002  c_p.l(__rtentry2.o)
    0x00000128   0x00000128   0x00000006   Code   RO         1214    .ARM.Collect$$rtentry$$00000004  c_p.l(__rtentry4.o)
    0x0000012e   0x0000012e   0x00000008   Code   RO         1203    .ARM.Collect$$rtentry$$00000008  c_p.l(__rtentry2.o)
    0x00000136   0x00000136   0x00000004   Code   RO         1205    .ARM.Collect$$rtentry$$0000000A  c_p.l(__rtentry2.o)
    0x0000013a   0x0000013a   0x00000000   Code   RO         1207    .ARM.Collect$$rtentry$$0000000C  c_p.l(__rtentry2.o)
    0x0000013a   0x0000013a   0x00000008   Code   RO         1208    .ARM.Collect$$rtentry$$0000000D  c_p.l(__rtentry2.o)
    0x00000142   0x00000142   0x00000002   Code   RO         1235    .ARM.Collect$$rtexit$$00000000  c_p.l(rtexit.o)
    0x00000144   0x00000144   0x00000000   Code   RO         1291    .ARM.Collect$$rtexit$$00000002  c_p.l(rtexit2.o)
    0x00000144   0x00000144   0x00000004   Code   RO         1292    .ARM.Collect$$rtexit$$00000003  c_p.l(rtexit2.o)
    0x00000148   0x00000148   0x00000006   Code   RO         1293    .ARM.Collect$$rtexit$$00000004  c_p.l(rtexit2.o)
    0x0000014e   0x0000014e   0x00000002   PAD
    0x00000150   0x00000150   0x00000038   Code   RO         1182    .emb_text           c_p.l(rt_memcpy.o)
    0x00000188   0x00000188   0x00000040   Code   RO          674    .text               startup_mkl25z4.o
    0x000001c8   0x000001c8   0x000000a4   Code   RO          967    .text               RTX_CM0.lib(irq_cm0.o)
    0x0000026c   0x0000026c   0x00000082   Code   RO         1183    .text               c_p.l(rt_memcpy.o)
    0x000002ee   0x000002ee   0x00000040   Code   RO         1186    .text               c_p.l(rt_memclr.o)
    0x0000032e   0x0000032e   0x00000006   Code   RO         1192    .text               c_p.l(heapauxi.o)
    0x00000334   0x00000334   0x0000003e   Code   RO         1218    .text               c_p.l(sys_stackheap_outer.o)
    0x00000372   0x00000372   0x00000010   Code   RO         1221    .text               c_p.l(exit.o)
    0x00000382   0x00000382   0x00000002   PAD
    0x00000384   0x00000384   0x00000008   Code   RO         1231    .text               c_p.l(libspace.o)
    0x0000038c   0x0000038c   0x0000000c   Code   RO         1288    .text               c_p.l(sys_exit.o)
    0x00000398   0x00000398   0x00000002   Code   RO         1307    .text               c_p.l(use_no_semi.o)
    0x0000039a   0x0000039a   0x00000000   Code   RO         1309    .text               c_p.l(indicate_semi.o)
    0x0000039a   0x0000039a   0x0000003a   Code   RO         1363    .text               c_p.l(__dczerorl.o)
    0x000003d4   0x000003d4   0x0000001e   Code   RO         1156    .text.MessageQueueRemove  RTX_CM0.lib(rtx_msgqueue.o)
    0x000003f2   0x000003f2   0x00000002   PAD
    0x000003f4   0x000003f4   0x0000000c   Code   RO         1102    .text.OS_Tick_AcknowledgeIRQ  RTX_CM0.lib(os_systick.o)
    0x00000400   0x00000400   0x00000010   Code   RO          673    .ARM.__at_0x400     startup_mkl25z4.o
    0x00000410   0x00000410   0x0000015a   Code   RO         1188    .text               c_p.l(aeabi_sdiv.o)
    0x0000056a   0x0000056a   0x0000004a   Code   RO         1164    .text.MessageQueueGet  RTX_CM0.lib(rtx_msgqueue.o)
    0x000005b4   0x000005b4   0x00000062   Code   RO         1158    .text.MessageQueuePut  RTX_CM0.lib(rtx_msgqueue.o)
    0x00000616   0x00000616   0x00000002   PAD
    0x00000618   0x00000618   0x0000002c   Code   RO         1098    .text.OS_Tick_Enable  RTX_CM0.lib(os_systick.o)
    0x00000644   0x00000644   0x00000006   Code   RO         1104    .text.OS_Tick_GetIRQn  RTX_CM0.lib(os_systick.o)
    0x0000064a   0x0000064a   0x00000002   PAD
    0x0000064c   0x0000064c   0x0000004c   Code   RO         1096    .text.OS_Tick_Setup  RTX_CM0.lib(os_systick.o)
    0x00000698   0x00000698   0x0000005c   Code   RO          860    .text.ThreadFlagsCheck  RTX_CM0.lib(rtx_thread.o)
    0x000006f4   0x000006f4   0x0000004c   Code   RO          988    .text.TimerInsert   RTX_CM0.lib(rtx_timer.o)
    0x00000740   0x00000740   0x00000028   Code   RO          913    .text.osDelay       RTX_CM0.lib(rtx_delay.o)
    0x00000768   0x00000768   0x00000030   Code   RO          721    .text.osKernelGetState  RTX_CM0.lib(rtx_kernel.o)
    0x00000798   0x00000798   0x00000028   Code   RO          715    .text.osKernelInitialize  RTX_CM0.lib(rtx_kernel.o)
    0x000007c0   0x000007c0   0x00000024   Code   RO          725    .text.osKernelStart  RTX_CM0.lib(rtx_kernel.o)
    0x000007e4   0x000007e4   0x00000074   Code   RO         1130    .text.osMessageQueueGet  RTX_CM0.lib(rtx_msgqueue.o)
    0x00000858   0x00000858   0x00000024   Code   RO         1124    .text.osMessageQueueNew  RTX_CM0.lib(rtx_msgqueue.o)
    0x0000087c   0x0000087c   0x00000074   Code   RO         1128    .text.osMessageQueuePut  RTX_CM0.lib(rtx_msgqueue.o)
    0x000008f0   0x000008f0   0x00000028   Code   RO          938    .text.osMutexAcquire  RTX_CM0.lib(rtx_mutex.o)
    0x00000918   0x00000918   0x00000028   Code   RO          944    .text.osMutexDelete  RTX_CM0.lib(rtx_mutex.o)
    0x00000940   0x00000940   0x00000024   Code   RO          934    .text.osMutexNew    RTX_CM0.lib(rtx_mutex.o)
    0x00000964   0x00000964   0x00000028   Code   RO          940    .text.osMutexRelease  RTX_CM0.lib(rtx_mutex.o)
    0x0000098c   0x0000098c   0x00000002   Code   RO          713    .text.osRtxKernelPreInit  RTX_CM0.lib(rtx_kernel.o)
    0x0000098e   0x0000098e   0x0000007a   Code   RO         1015    .text.osRtxMemoryAlloc  RTX_CM0.lib(rtx_memory.o)
    0x00000a08   0x00000a08   0x0000004e   Code   RO         1017    .text.osRtxMemoryFree  RTX_CM0.lib(rtx_memory.o)
    0x00000a56   0x00000a56   0x00000030   Code   RO         1013    .text.osRtxMemoryInit  RTX_CM0.lib(rtx_memory.o)
    0x00000a86   0x00000a86   0x0000002e   Code   RO         1030    .text.osRtxMemoryPoolAlloc  RTX_CM0.lib(rtx_mempool.o)
    0x00000ab4   0x00000ab4   0x0000003a   Code   RO         1032    .text.osRtxMemoryPoolFree  RTX_CM0.lib(rtx_mempool.o)
    0x00000aee   0x00000aee   0x0000003c   Code   RO         1028    .text.osRtxMemoryPoolInit  RTX_CM0.lib(rtx_mempool.o)
    0x00000b2a   0x00000b2a   0x000000bc   Code   RO         1154    .text.osRtxMessageQueuePostProcess  RTX_CM0.lib(rtx_msgqueue.o)
    0x00000be6   0x00000be6   0x00000044   Code   RO          930    .text.osRtxMutexOwnerRelease  RTX_CM0.lib(rtx_mutex.o)
    0x00000c2a   0x00000c2a   0x00000040   Code   RO          932    .text.osRtxMutexOwnerRestore  RTX_CM0.lib(rtx_mutex.o)
    0x00000c6a   0x00000c6a   0x00000002   PAD
    0x00000c6c   0x00000c6c   0x00000084   Code   RO         1083    .text.osRtxPendSV_Handler  RTX_CM0.lib(rtx_system.o)
    0x00000cf0   0x00000cf0   0x00000070   Code   RO         1085    .text.osRtxPostProcess  RTX_CM0.lib(rtx_system.o)
    0x00000d60   0x00000d60   0x00000038   Code   RO          800    .text.osRtxThreadBlock  RTX_CM0.lib(rtx_thread.o)
    0x00000d98   0x00000d98   0x0000007c   Code   RO          808    .text.osRtxThreadDelayInsert  RTX_CM0.lib(rtx_thread.o)
    0x00000e14   0x00000e14   0x00000044   Code   RO          804    .text.osRtxThreadDelayRemove  RTX_CM0.lib(rtx_thread.o)
    0x00000e58   0x00000e58   0x00000054   Code   RO          788    .text.osRtxThreadDelayTick  RTX_CM0.lib(rtx_thread.o)
    0x00000eac   0x00000eac   0x00000050   Code   RO          798    .text.osRtxThreadDispatch  RTX_CM0.lib(rtx_thread.o)
    0x00000efc   0x00000efc   0x00000054   Code   RO          884    .text.osRtxThreadFree  RTX_CM0.lib(rtx_thread.o)
    0x00000f50   0x00000f50   0x00000014   Code   RO          780    .text.osRtxThreadListGet  RTX_CM0.lib(rtx_thread.o)
    0x00000f64   0x00000f64   0x0000002c   Code   RO          778    .text.osRtxThreadListPut  RTX_CM0.lib(rtx_thread.o)
    0x00000f90   0x00000f90   0x00000018   Code   RO          784    .text.osRtxThreadListRemove  RTX_CM0.lib(rtx_thread.o)
    0x00000fa8   0x00000fa8   0x0000000c   Code   RO          790    .text.osRtxThreadListRoot  RTX_CM0.lib(rtx_thread.o)
    0x00000fb4   0x00000fb4   0x00000024   Code   RO          782    .text.osRtxThreadListSort  RTX_CM0.lib(rtx_thread.o)
    0x00000fd8   0x00000fd8   0x00000026   Code   RO          858    .text.osRtxThreadPostProcess  RTX_CM0.lib(rtx_thread.o)
    0x00000ffe   0x00000ffe   0x00000002   PAD
    0x00001000   0x00001000   0x00000018   Code   RO          786    .text.osRtxThreadReadyPut  RTX_CM0.lib(rtx_thread.o)
    0x00001018   0x00001018   0x00000006   Code   RO          792    .text.osRtxThreadRegPtr  RTX_CM0.lib(rtx_thread.o)
    0x0000101e   0x0000101e   0x00000002   PAD
    0x00001020   0x00001020   0x0000002c   Code   RO          796    .text.osRtxThreadStackCheck  RTX_CM0.lib(rtx_thread.o)
    0x0000104c   0x0000104c   0x00000040   Code   RO          810    .text.osRtxThreadStartup  RTX_CM0.lib(rtx_thread.o)
    0x0000108c   0x0000108c   0x00000014   Code   RO          794    .text.osRtxThreadSwitch  RTX_CM0.lib(rtx_thread.o)
    0x000010a0   0x000010a0   0x0000003c   Code   RO          806    .text.osRtxThreadWaitEnter  RTX_CM0.lib(rtx_thread.o)
    0x000010dc   0x000010dc   0x00000022   Code   RO          802    .text.osRtxThreadWaitExit  RTX_CM0.lib(rtx_thread.o)
    0x000010fe   0x000010fe   0x00000002   PAD
    0x00001100   0x00001100   0x00000074   Code   RO         1081    .text.osRtxTick_Handler  RTX_CM0.lib(rtx_system.o)
    0x00001174   0x00001174   0x0000003c   Code   RO          972    .text.osRtxTimerThread  RTX_CM0.lib(rtx_timer.o)
    0x000011b0   0x000011b0   0x00000060   Code   RO          974    .text.osRtxTimerTick  RTX_CM0.lib(rtx_timer.o)
    0x00001210   0x00001210   0x0000000c   Code   RO          842    .text.osThreadExit  RTX_CM0.lib(rtx_thread.o)
    0x0000121c   0x0000121c   0x00000024   Code   RO          814    .text.osThreadNew   RTX_CM0.lib(rtx_thread.o)
    0x00001240   0x00001240   0x00000012   Code   RO          917    .text.svcRtxDelay   RTX_CM0.lib(rtx_delay.o)
    0x00001252   0x00001252   0x00000002   PAD
    0x00001254   0x00001254   0x0000000c   Code   RO          723    .text.svcRtxKernelGetState  RTX_CM0.lib(rtx_kernel.o)
    0x00001260   0x00001260   0x0000014c   Code   RO          753    .text.svcRtxKernelInitialize  RTX_CM0.lib(rtx_kernel.o)
    0x000013ac   0x000013ac   0x00000080   Code   RO          755    .text.svcRtxKernelStart  RTX_CM0.lib(rtx_kernel.o)
    0x0000142c   0x0000142c   0x000000e4   Code   RO         1166    .text.svcRtxMessageQueueGet  RTX_CM0.lib(rtx_msgqueue.o)
    0x00001510   0x00001510   0x000001e4   Code   RO         1152    .text.svcRtxMessageQueueNew  RTX_CM0.lib(rtx_msgqueue.o)
    0x000016f4   0x000016f4   0x000000b8   Code   RO         1162    .text.svcRtxMessageQueuePut  RTX_CM0.lib(rtx_msgqueue.o)
    0x000017ac   0x000017ac   0x00000098   Code   RO          950    .text.svcRtxMutexAcquire  RTX_CM0.lib(rtx_mutex.o)
    0x00001844   0x00001844   0x000000b8   Code   RO          956    .text.svcRtxMutexDelete  RTX_CM0.lib(rtx_mutex.o)
    0x000018fc   0x000018fc   0x00000070   Code   RO          946    .text.svcRtxMutexNew  RTX_CM0.lib(rtx_mutex.o)
    0x0000196c   0x0000196c   0x000000bc   Code   RO          952    .text.svcRtxMutexRelease  RTX_CM0.lib(rtx_mutex.o)
    0x00001a28   0x00001a28   0x0000006c   Code   RO          888    .text.svcRtxThreadExit  RTX_CM0.lib(rtx_thread.o)
    0x00001a94   0x00001a94   0x00000204   Code   RO          812    .text.svcRtxThreadNew  RTX_CM0.lib(rtx_thread.o)
    0x00001c98   0x00001c98   0x000000d0   Code   RO          101    i.AnalogInputEnable  gpio.o
    0x00001d68   0x00001d68   0x0000004c   Code   RO          102    i.AnalogOutputEnable  gpio.o
    0x00001db4   0x00001db4   0x000001dc   Code   RO          103    i.AnalogReadPin     gpio.o
    0x00001f90   0x00001f90   0x00000012   Code   RO          104    i.AnalogWritePin    gpio.o
    0x00001fa2   0x00001fa2   0x00000002   PAD
    0x00001fa4   0x00001fa4   0x0000000c   Code   RO          380    i.ChooseTrack       music.o
    0x00001fb0   0x00001fb0   0x0000006c   Code   RO          105    i.ClockToPort       gpio.o
    0x0000201c   0x0000201c   0x00000022   Code   RO          106    i.ClockToPorts      gpio.o
    0x0000203e   0x0000203e   0x00000012   Code   RO          108    i.DigitalWritePin   gpio.o
    0x00002050   0x00002050   0x000000b0   Code   RO          502    i.DriveChannel      chassis.o
    0x00002100   0x00002100   0x0000003c   Code   RO          503    i.GetFrequencyFromTPM  chassis.o
    0x0000213c   0x0000213c   0x0000001c   Code   RO          420    i.GetPeriod         tpm.o
    0x00002158   0x00002158   0x0000003c   Code   RO          504    i.GetPrefactorFromTPM  chassis.o
    0x00002194   0x00002194   0x00000042   Code   RO          505    i.GetTPMFromChannel  chassis.o
    0x000021d6   0x000021d6   0x00000024   Code   RO          237    i.Init              init.o
    0x000021fa   0x000021fa   0x00000002   PAD
    0x000021fc   0x000021fc   0x00000010   Code   RO          506    i.InitChassis       chassis.o
    0x0000220c   0x0000220c   0x00000064   Code   RO          238    i.InitGPIO          init.o
    0x00002270   0x00002270   0x00000044   Code   RO          239    i.InitInterrupt     init.o
    0x000022b4   0x000022b4   0x00000014   Code   RO          381    i.InitMusic         music.o
    0x000022c8   0x000022c8   0x00000074   Code   RO          470    i.InitPIT           pit.o
    0x0000233c   0x0000233c   0x0000022c   Code   RO          422    i.InitTPM           tpm.o
    0x00002568   0x00002568   0x00000018   Code   RO          423    i.InitTPMs          tpm.o
    0x00002580   0x00002580   0x000002c4   Code   RO          382    i.MusicNextSignal   music.o
    0x00002844   0x00002844   0x00000050   Code   RO          471    i.PIT_IRQHandler    pit.o
    0x00002894   0x00002894   0x00000010   Code   RO          112    i.SelectPinFunction  gpio.o
    0x000028a4   0x000028a4   0x00000032   Code   RO          113    i.SelectPinsFunctions  gpio.o
    0x000028d6   0x000028d6   0x00000012   Code   RO          114    i.SetPinDirection   gpio.o
    0x000028e8   0x000028e8   0x00000036   Code   RO          115    i.SetPinsDirections  gpio.o
    0x0000291e   0x0000291e   0x00000002   PAD
    0x00002920   0x00002920   0x00000190   Code   RO          682    i.SystemCoreClockUpdate  system_mkl25z4.o
    0x00002ab0   0x00002ab0   0x00000138   Code   RO          683    i.SystemInit        system_mkl25z4.o
    0x00002be8   0x00002be8   0x00000060   Code   RO          425    i.TPM_Modulate      tpm.o
    0x00002c48   0x00002c48   0x0000001c   Code   RO          230    i.__ARM_common_switch8  gpio.o
    0x00002c64   0x00002c64   0x00000078   Code   RO          240    i.__NVIC_SetPriority  init.o
    0x00002cdc   0x00002cdc   0x00000018   Code   RO          566    i._mutex_acquire    rtx_lib.o
    0x00002cf4   0x00002cf4   0x0000000c   Code   RO          567    i._mutex_free       rtx_lib.o
    0x00002d00   0x00002d00   0x00000024   Code   RO          568    i._mutex_initialize  rtx_lib.o
    0x00002d24   0x00002d24   0x00000014   Code   RO          569    i._mutex_release    rtx_lib.o
    0x00002d38   0x00002d38   0x00000008   Code   RO          570    i._platform_post_stackheap_init  rtx_lib.o
    0x00002d40   0x00002d40   0x00000020   Code   RO          116    i.analogWritePin    gpio.o
    0x00002d60   0x00002d60   0x000000ec   Code   RO          118    i.digitalWritePin   gpio.o
    0x00002e4c   0x00002e4c   0x00000028   Code   RO            3    i.main              main.o
    0x00002e74   0x00002e74   0x00000022   Code   RO          642    i.osRtxErrorNotify  rtx_config.o
    0x00002e96   0x00002e96   0x00000004   Code   RO          643    i.osRtxIdleThread   rtx_config.o
    0x00002e9a   0x00002e9a   0x00000002   PAD
    0x00002e9c   0x00002e9c   0x00000024   Code   RO          571    i.os_kernel_is_active  rtx_lib.o
    0x00002ec0   0x00002ec0   0x00000124   Code   RO          119    i.selectPinFunction  gpio.o
    0x00002fe4   0x00002fe4   0x000000ec   Code   RO          120    i.setPinDirection   gpio.o
    0x000030d0   0x000030d0   0x00000020   Code   RO          279    i.thread_analog_inputs  threads.o
    0x000030f0   0x000030f0   0x00000114   Code   RO          280    i.thread_chassis    threads.o
    0x00003204   0x00003204   0x000088ff   Data   RO          283    .constdata          threads.o
    0x0000bb03   0x0000bb03   0x00000077   Data   RO          351    .constdata          pindefinitions.o
    0x0000bb7a   0x0000bb7a   0x00000002   PAD
    0x0000bb7c   0x0000bb7c   0x0000002a   Data   RO          369    .constdata          constantdefinitions.o
    0x0000bba6   0x0000bba6   0x000088fa   Data   RO          383    .constdata          music.o
    0x000144a0   0x000144a0   0x0000000b   Data   RO          508    .constdata          chassis.o
    0x000144ab   0x000144ab   0x00000001   PAD
    0x000144ac   0x000144ac   0x00000064   Data   RO          578    .constdata          rtx_lib.o
    0x00014510   0x00014510   0x00000001   Data   RO          966    .constdata          RTX_CM0.lib(irq_cm0.o)
    0x00014511   0x00014511   0x00000003   PAD
    0x00014514   0x00014514   0x000000a0   Data   RO          580    .rodata             rtx_lib.o
    0x000145b4   0x000145b4   0x0000000b   Data   RO          767    .rodata.str1.4      RTX_CM0.lib(rtx_kernel.o)
    0x000145bf   0x000145bf   0x00000001   PAD
    0x000145c0   0x000145c0   0x00000020   Data   RO         1361    Region$$Table       anon$$obj.o


    Execution Region RW_IRAM1 (Exec base: 0x1ffff000, Load base: 0x000145e0, Size: 0x00002778, Max: 0x00004000, ABSOLUTE, COMPRESSED[0x00000064])

    Exec Addr    Load Addr    Size         Type   Attr      Idx    E Section Name        Object

    0x1ffff000   COMPRESSED   0x00002040   Data   RW          572    .bss.os             rtx_lib.o
    0x20001040   COMPRESSED   0x00000034   Data   RW          574    .bss.os.msgqueue.cb  rtx_lib.o
    0x20001074   COMPRESSED   0x00000050   Data   RW          575    .bss.os.msgqueue.mem  rtx_lib.o
    0x200010c4   COMPRESSED   0x00000088   Data   RW          576    .bss.os.thread.cb   rtx_lib.o
    0x2000114c   COMPRESSED   0x00000004   PAD
    0x20001150   COMPRESSED   0x00000400   Data   RW          577    .bss.os.thread.stack  rtx_lib.o
    0x20001550   COMPRESSED   0x0000000c   Data   RW          384    .data               music.o
    0x2000155c   COMPRESSED   0x00000008   Data   RW          472    .data               pit.o
    0x20001564   COMPRESSED   0x00000005   Data   RW          579    .data               rtx_lib.o
    0x20001569   COMPRESSED   0x00000003   PAD
    0x2000156c   COMPRESSED   0x00000004   Data   RW          684    .data               system_mkl25z4.o
    0x20001570   COMPRESSED   0x000000a4   Data   RW          768    .data.os            RTX_CM0.lib(rtx_kernel.o)
    0x20001614        -       0x00000060   Zero   RW         1232    .bss                c_p.l(libspace.o)
    0x20001674        -       0x00000001   Zero   RW         1114    .bss.PendST         RTX_CM0.lib(os_systick.o)
    0x20001675   COMPRESSED   0x00000003   PAD
    0x20001678        -       0x00000000   Zero   RW          671    HEAP                startup_mkl25z4.o
    0x20001678        -       0x00000100   Zero   RW          670    STACK               startup_mkl25z4.o


==============================================================================

Image component sizes


      Code (inc. data)   RO Data    RW Data    ZI Data      Debug   Object Name

       378         52         11          0          0       5172   chassis.o
         0          0         42          0          0       1379   constantdefinitions.o
      1900        116          0          0          0       9270   gpio.o
       324         40          0          0          0      10138   init.o
        40          8          0          0          0     223324   main.o
       740         72      35066         12          0       2602   music.o
         0          0        119          0          0       1438   pindefinitions.o
       196         42          0          8          0       9683   pit.o
        38          8          0          0          0       1077   rtx_config.o
       136          6        260       9553          0      12674   rtx_lib.o
        80         44        192          0        256        972   startup_mkl25z4.o
       712         84          0          4          0       1775   system_mkl25z4.o
       308         36      35071          0          0       1392   threads.o
       704         70          0          0          0       2592   tpm.o

    ----------------------------------------------------------------------
      5564        578      70796       9584        256     283488   Object Totals
         0          0         32          0          0          0   (incl. Generated)
         8          0          3          7          0          0   (incl. Padding)

    ----------------------------------------------------------------------

      Code (inc. data)   RO Data    RW Data    ZI Data      Debug   Library Member Name

       164          8          1          0          0        500   irq_cm0.o
       138         32          0          0          1       2769   os_systick.o
        58          4          0          0          0       2723   rtx_delay.o
       598         48         11        164          0      16196   rtx_kernel.o
       248          0          0          0          0       2674   rtx_memory.o
       164          0          0          0          0      14367   rtx_mempool.o
      1554         44          0          0          0      18006   rtx_msgqueue.o
       924         32          0          0          0       9526   rtx_mutex.o
       360         26          0          0          0       4670   rtx_system.o
      1686         96          0          0          0      31262   rtx_thread.o
       232         20          0          0          0      10004   rtx_timer.o
        58          0          0          0          0          0   __dczerorl.o
         8          0          0          0          0         68   __main.o
         0          0          0          0          0          0   __rtentry.o
        20          0          0          0          0          0   __rtentry2.o
         6          0          0          0          0          0   __rtentry4.o
        60          8          0          0          0          0   __scatter.o
        28          0          0          0          0          0   __scatter_zi.o
       346          0          0          0          0         92   aeabi_sdiv.o
        16          0          0          0          0         68   exit.o
         6          0          0          0          0        136   heapauxi.o
         0          0          0          0          0          0   indicate_semi.o
         2          0          0          0          0          0   libinit.o
         2          0          0          0          0          0   libinit2.o
         2          0          0          0          0          0   libshutdown.o
         2          0          0          0          0          0   libshutdown2.o
         8          4          0          0         96         68   libspace.o
        64          0          0          0          0        108   rt_memclr.o
       186          0          0          0          0        144   rt_memcpy.o
         2          0          0          0          0          0   rtexit.o
        10          0          0          0          0          0   rtexit2.o
        12          4          0          0          0         60   sys_exit.o
        62          0          0          0          0         80   sys_stackheap_outer.o
         2          0          0          0          0         68   use_no_semi.o

    ----------------------------------------------------------------------
      7048        326         16        164        100     113589   Library Totals
        20          0          4          0          3          0   (incl. Padding)

    ----------------------------------------------------------------------

      Code (inc. data)   RO Data    RW Data    ZI Data      Debug   Library Name

      6126        310         12        164          1     112697   RTX_CM0.lib
       902         16          0          0         96        892   c_p.l

    ----------------------------------------------------------------------
      7048        326         16        164        100     113589   Library Totals

    ----------------------------------------------------------------------

==============================================================================


      Code (inc. data)   RO Data    RW Data    ZI Data      Debug   

     12612        904      70812       9748        356     394621   Grand Totals
     12612        904      70812        100        356     394621   ELF Image Totals (compressed)
     12612        904      70812        100          0          0   ROM Totals

==============================================================================

    Total RO  Size (Code + RO Data)                83424 (  81.47kB)
    Total RW  Size (RW Data + ZI Data)             10104 (   9.87kB)
    Total ROM Size (Code + RO Data + RW Data)      83524 (  81.57kB)

==============================================================================

